94.178.113.124 - - [04/May/2023:21:05:20 +0300] "GET /wp-admin/nav-menus.php HTTP/2.0" 200 239194 "https://star-poe.com.ua/wp-admin/edit.php?post_type=page" "Mozilla/5.0 (Macintosh; Intel Mac OS X 10_15_7) AppleWebKit/537.36 (KHTML, like Gecko) Chrome/112.0.0.0 Safari/537.36"
51.77.52.225 - - [04/May/2023:21:05:57 +0300] "POST /wp-cron.php?doing_wp_cron=1683223557.6374828815460205078125 HTTP/1.1" 200 - "-" "WordPress/6.2; https://star-poe.com.ua"
94.178.113.124 - - [04/May/2023:21:05:57 +0300] "POST /wp-admin/admin-ajax.php HTTP/2.0" 200 23399 "https://star-poe.com.ua/wp-admin/nav-menus.php" "Mozilla/5.0 (Macintosh; Intel Mac OS X 10_15_7) AppleWebKit/537.36 (KHTML, like Gecko) Chrome/112.0.0.0 Safari/537.36"
94.178.113.124 - - [04/May/2023:21:06:12 +0300] "POST /wp-admin/nav-menus.php HTTP/2.0" 200 256838 "https://star-poe.com.ua/wp-admin/nav-menus.php" "Mozilla/5.0 (Macintosh; Intel Mac OS X 10_15_7) AppleWebKit/537.36 (KHTML, like Gecko) Chrome/112.0.0.0 Safari/537.36"
94.178.113.124 - - [04/May/2023:21:06:15 +0300] "GET / HTTP/2.0" 200 423040 "-" "Mozilla/5.0 (Macintosh; Intel Mac OS X 10_15_7) AppleWebKit/537.36 (KHTML, like Gecko) Chrome/112.0.0.0 Safari/537.36"
94.178.113.124 - - [04/May/2023:21:06:16 +0300] "GET /wp-includes/css/admin-bar.min.css?ver=6.2 HTTP/2.0" 304 - "https://star-poe.com.ua/" "Mozilla/5.0 (Macintosh; Intel Mac OS X 10_15_7) AppleWebKit/537.36 (KHTML, like Gecko) Chrome/112.0.0.0 Safari/537.36"
94.178.113.124 - - [04/May/2023:21:06:17 +0300] "POST /?wc-ajax=get_refreshed_fragments HTTP/2.0" 200 924 "https://star-poe.com.ua/" "Mozilla/5.0 (Macintosh; Intel Mac OS X 10_15_7) AppleWebKit/537.36 (KHTML, like Gecko) Chrome/112.0.0.0 Safari/537.36"
94.178.113.124 - - [04/May/2023:21:06:19 +0300] "GET /edit-account/?page_id=9 HTTP/2.0" 404 92812 "https://star-poe.com.ua/" "Mozilla/5.0 (Macintosh; Intel Mac OS X 10_15_7) AppleWebKit/537.36 (KHTML, like Gecko) Chrome/112.0.0.0 Safari/537.36"
94.178.113.124 - - [04/May/2023:21:06:28 +0300] "GET /edit-account/?page_id=9 HTTP/2.0" 404 76445 "-" "Mozilla/5.0 (Macintosh; Intel Mac OS X 10_15_7) AppleWebKit/537.36 (KHTML, like Gecko) Chrome/112.0.0.0 Safari/537.36"
94.178.113.124 - - [04/May/2023:21:06:29 +0300] "GET /wp-content/plugins/advanced-product-labels-for-woocommerce/berocket/assets/css/font-awesome.min.css?ver=6.2 HTTP/2.0" 200 30788 "https://star-poe.com.ua/edit-account/?page_id=9" "Mozilla/5.0 (Macintosh; Intel Mac OS X 10_15_7) AppleWebKit/537.36 (KHTML, like Gecko) Chrome/112.0.0.0 Safari/537.36"
94.178.113.124 - - [04/May/2023:21:06:29 +0300] "GET /wp-content/plugins/advanced-product-labels-for-woocommerce/css/frontend.css?ver=1.2.5 HTTP/2.0" 200 13437 "https://star-poe.com.ua/edit-account/?page_id=9" "Mozilla/5.0 (Macintosh; Intel Mac OS X 10_15_7) AppleWebKit/537.36 (KHTML, like Gecko) Chrome/112.0.0.0 Safari/537.36"
94.178.113.124 - - [04/May/2023:21:06:29 +0300] "GET /wp-content/plugins/woocommerce-ajax-filters/assets/frontend/css/fullmain.min.css?ver=1.6.4.1 HTTP/2.0" 200 152813 "https://star-poe.com.ua/edit-account/?page_id=9" "Mozilla/5.0 (Macintosh; Intel Mac OS X 10_15_7) AppleWebKit/537.36 (KHTML, like Gecko) Chrome/112.0.0.0 Safari/537.36"
94.178.113.124 - - [04/May/2023:21:06:29 +0300] "GET /wp-includes/css/dist/block-library/style.min.css?ver=6.2 HTTP/2.0" 200 97517 "https://star-poe.com.ua/edit-account/?page_id=9" "Mozilla/5.0 (Macintosh; Intel Mac OS X 10_15_7) AppleWebKit/537.36 (KHTML, like Gecko) Chrome/112.0.0.0 Safari/537.36"
94.178.113.124 - - [04/May/2023:21:06:29 +0300] "GET /wp-content/plugins/woocommerce/packages/woocommerce-blocks/build/wc-blocks-vendors-style.css?ver=9.8.5 HTTP/2.0" 200 10435 "https://star-poe.com.ua/edit-account/?page_id=9" "Mozilla/5.0 (Macintosh; Intel Mac OS X 10_15_7) AppleWebKit/537.36 (KHTML, like Gecko) Chrome/112.0.0.0 Safari/537.36"
94.178.113.124 - - [04/May/2023:21:06:29 +0300] "GET /wp-content/plugins/woocommerce/packages/woocommerce-blocks/build/wc-blocks-style.css?ver=9.8.5 HTTP/2.0" 200 260560 "https://star-poe.com.ua/edit-account/?page_id=9" "Mozilla/5.0 (Macintosh; Intel Mac OS X 10_15_7) AppleWebKit/537.36 (KHTML, like Gecko) Chrome/112.0.0.0 Safari/537.36"
94.178.113.124 - - [04/May/2023:21:06:29 +0300] "GET /wp-content/themes/storefront/assets/css/base/gutenberg-blocks.css?ver=4.2.0 HTTP/2.0" 200 42947 "https://star-poe.com.ua/edit-account/?page_id=9" "Mozilla/5.0 (Macintosh; Intel Mac OS X 10_15_7) AppleWebKit/537.36 (KHTML, like Gecko) Chrome/112.0.0.0 Safari/537.36"
94.178.113.124 - - [04/May/2023:21:06:29 +0300] "GET /wp-includes/css/classic-themes.min.css?ver=6.2 HTTP/2.0" 200 291 "https://star-poe.com.ua/edit-account/?page_id=9" "Mozilla/5.0 (Macintosh; Intel Mac OS X 10_15_7) AppleWebKit/537.36 (KHTML, like Gecko) Chrome/112.0.0.0 Safari/537.36"
94.178.113.124 - - [04/May/2023:21:06:29 +0300] "GET /wp-content/plugins/contact-form-7/includes/css/styles.css?ver=5.7.6 HTTP/2.0" 200 2859 "https://star-poe.com.ua/edit-account/?page_id=9" "Mozilla/5.0 (Macintosh; Intel Mac OS X 10_15_7) AppleWebKit/537.36 (KHTML, like Gecko) Chrome/112.0.0.0 Safari/537.36"
94.178.113.124 - - [04/May/2023:21:06:29 +0300] "GET /wp-content/plugins/woocommerce-menu-bar-cart/assets/css/wpmenucart-main.min.css?ver=2.14.0 HTTP/2.0" 200 1002 "https://star-poe.com.ua/edit-account/?page_id=9" "Mozilla/5.0 (Macintosh; Intel Mac OS X 10_15_7) AppleWebKit/537.36 (KHTML, like Gecko) Chrome/112.0.0.0 Safari/537.36"
94.178.113.124 - - [04/May/2023:21:06:29 +0300] "GET /wp-content/themes/storefront/style.css?ver=4.2.0 HTTP/2.0" 200 40498 "https://star-poe.com.ua/edit-account/?page_id=9" "Mozilla/5.0 (Macintosh; Intel Mac OS X 10_15_7) AppleWebKit/537.36 (KHTML, like Gecko) Chrome/112.0.0.0 Safari/537.36"
94.178.113.124 - - [04/May/2023:21:06:29 +0300] "GET /wp-content/themes/storefront/assets/css/base/icons.css?ver=4.2.0 HTTP/2.0" 200 80267 "https://star-poe.com.ua/edit-account/?page_id=9" "Mozilla/5.0 (Macintosh; Intel Mac OS X 10_15_7) AppleWebKit/537.36 (KHTML, like Gecko) Chrome/112.0.0.0 Safari/537.36"
94.178.113.124 - - [04/May/2023:21:06:29 +0300] "GET /wp-content/themes/storefront/assets/css/woocommerce/woocommerce.css?ver=4.2.0 HTTP/2.0" 200 58585 "https://star-poe.com.ua/edit-account/?page_id=9" "Mozilla/5.0 (Macintosh; Intel Mac OS X 10_15_7) AppleWebKit/537.36 (KHTML, like Gecko) Chrome/112.0.0.0 Safari/537.36"
94.178.113.124 - - [04/May/2023:21:06:29 +0300] "GET /wp-includes/js/jquery/jquery.min.js?ver=3.6.3 HTTP/2.0" 200 89815 "https://star-poe.com.ua/edit-account/?page_id=9" "Mozilla/5.0 (Macintosh; Intel Mac OS X 10_15_7) AppleWebKit/537.36 (KHTML, like Gecko) Chrome/112.0.0.0 Safari/537.36"
94.178.113.124 - - [04/May/2023:21:06:29 +0300] "GET /wp-includes/js/jquery/jquery-migrate.min.js?ver=3.4.0 HTTP/2.0" 200 13424 "https://star-poe.com.ua/edit-account/?page_id=9" "Mozilla/5.0 (Macintosh; Intel Mac OS X 10_15_7) AppleWebKit/537.36 (KHTML, like Gecko) Chrome/112.0.0.0 Safari/537.36"
94.178.113.124 - - [04/May/2023:21:06:29 +0300] "GET /wp-content/plugins/woocommerce-menu-bar-cart/assets/js/wpmenucart-ajax-assist.min.js?ver=2.14.0 HTTP/2.0" 200 665 "https://star-poe.com.ua/edit-account/?page_id=9" "Mozilla/5.0 (Macintosh; Intel Mac OS X 10_15_7) AppleWebKit/537.36 (KHTML, like Gecko) Chrome/112.0.0.0 Safari/537.36"
94.178.113.124 - - [04/May/2023:21:06:29 +0300] "GET /wp-content/plugins/advanced-product-labels-for-woocommerce/berocket/assets/tippy/tippy.css?ver=1.2.5 HTTP/2.0" 200 19104 "https://star-poe.com.ua/edit-account/?page_id=9" "Mozilla/5.0 (Macintosh; Intel Mac OS X 10_15_7) AppleWebKit/537.36 (KHTML, like Gecko) Chrome/112.0.0.0 Safari/537.36"
94.178.113.124 - - [04/May/2023:21:06:29 +0300] "GET /wp-content/plugins/contact-form-7/includes/swv/js/index.js?ver=5.7.6 HTTP/2.0" 200 10241 "https://star-poe.com.ua/edit-account/?page_id=9" "Mozilla/5.0 (Macintosh; Intel Mac OS X 10_15_7) AppleWebKit/537.36 (KHTML, like Gecko) Chrome/112.0.0.0 Safari/537.36"
94.178.113.124 - - [04/May/2023:21:06:29 +0300] "GET /wp-content/plugins/contact-form-7/includes/js/index.js?ver=5.7.6 HTTP/2.0" 200 12943 "https://star-poe.com.ua/edit-account/?page_id=9" "Mozilla/5.0 (Macintosh; Intel Mac OS X 10_15_7) AppleWebKit/537.36 (KHTML, like Gecko) Chrome/112.0.0.0 Safari/537.36"
94.178.113.124 - - [04/May/2023:21:06:29 +0300] "GET /wp-content/plugins/woocommerce/assets/js/jquery-blockui/jquery.blockUI.min.js?ver=2.7.0-wc.7.6.1 HTTP/2.0" 200 9505 "https://star-poe.com.ua/edit-account/?page_id=9" "Mozilla/5.0 (Macintosh; Intel Mac OS X 10_15_7) AppleWebKit/537.36 (KHTML, like Gecko) Chrome/112.0.0.0 Safari/537.36"
94.178.113.124 - - [04/May/2023:21:06:29 +0300] "GET /wp-content/plugins/woocommerce/assets/js/frontend/add-to-cart.min.js?ver=7.6.1 HTTP/2.0" 200 3029 "https://star-poe.com.ua/edit-account/?page_id=9" "Mozilla/5.0 (Macintosh; Intel Mac OS X 10_15_7) AppleWebKit/537.36 (KHTML, like Gecko) Chrome/112.0.0.0 Safari/537.36"
94.178.113.124 - - [04/May/2023:21:06:29 +0300] "GET /wp-content/plugins/woocommerce/assets/js/js-cookie/js.cookie.min.js?ver=2.1.4-wc.7.6.1 HTTP/2.0" 200 1834 "https://star-poe.com.ua/edit-account/?page_id=9" "Mozilla/5.0 (Macintosh; Intel Mac OS X 10_15_7) AppleWebKit/537.36 (KHTML, like Gecko) Chrome/112.0.0.0 Safari/537.36"
94.178.113.124 - - [04/May/2023:21:06:29 +0300] "GET /wp-content/plugins/woocommerce/assets/js/frontend/woocommerce.min.js?ver=7.6.1 HTTP/2.0" 200 2139 "https://star-poe.com.ua/edit-account/?page_id=9" "Mozilla/5.0 (Macintosh; Intel Mac OS X 10_15_7) AppleWebKit/537.36 (KHTML, like Gecko) Chrome/112.0.0.0 Safari/537.36"
94.178.113.124 - - [04/May/2023:21:06:29 +0300] "GET /wp-content/plugins/woocommerce/assets/js/frontend/cart-fragments.min.js?ver=7.6.1 HTTP/2.0" 200 2938 "https://star-poe.com.ua/edit-account/?page_id=9" "Mozilla/5.0 (Macintosh; Intel Mac OS X 10_15_7) AppleWebKit/537.36 (KHTML, like Gecko) Chrome/112.0.0.0 Safari/537.36"
94.178.113.124 - - [04/May/2023:21:06:29 +0300] "GET /wp-content/themes/storefront/assets/js/navigation.min.js?ver=4.2.0 HTTP/2.0" 200 3026 "https://star-poe.com.ua/edit-account/?page_id=9" "Mozilla/5.0 (Macintosh; Intel Mac OS X 10_15_7) AppleWebKit/537.36 (KHTML, like Gecko) Chrome/112.0.0.0 Safari/537.36"
94.178.113.124 - - [04/May/2023:21:06:29 +0300] "GET /wp-content/themes/storefront/assets/js/woocommerce/header-cart.min.js?ver=4.2.0 HTTP/2.0" 200 532 "https://star-poe.com.ua/edit-account/?page_id=9" "Mozilla/5.0 (Macintosh; Intel Mac OS X 10_15_7) AppleWebKit/537.36 (KHTML, like Gecko) Chrome/112.0.0.0 Safari/537.36"
94.178.113.124 - - [04/May/2023:21:06:29 +0300] "GET /wp-content/themes/storefront/assets/js/footer.min.js?ver=4.2.0 HTTP/2.0" 200 746 "https://star-poe.com.ua/edit-account/?page_id=9" "Mozilla/5.0 (Macintosh; Intel Mac OS X 10_15_7) AppleWebKit/537.36 (KHTML, like Gecko) Chrome/112.0.0.0 Safari/537.36"
94.178.113.124 - - [04/May/2023:21:06:29 +0300] "GET /wp-content/plugins/advanced-product-labels-for-woocommerce/berocket/assets/tippy/tippy.min.js?ver=6.2 HTTP/2.0" 200 39196 "https://star-poe.com.ua/edit-account/?page_id=9" "Mozilla/5.0 (Macintosh; Intel Mac OS X 10_15_7) AppleWebKit/537.36 (KHTML, like Gecko) Chrome/112.0.0.0 Safari/537.36"
94.178.113.124 - - [04/May/2023:21:06:29 +0300] "GET /wp-content/plugins/advanced-product-labels-for-woocommerce/js/frontend.js?ver=1.2.5 HTTP/2.0" 200 5238 "https://star-poe.com.ua/edit-account/?page_id=9" "Mozilla/5.0 (Macintosh; Intel Mac OS X 10_15_7) AppleWebKit/537.36 (KHTML, like Gecko) Chrome/112.0.0.0 Safari/537.36"
94.178.113.124 - - [04/May/2023:21:06:29 +0300] "GET /wp-content/plugins/speed-contact-bar/public/assets/images/phone_dark.svg HTTP/2.0" 200 809 "https://star-poe.com.ua/edit-account/?page_id=9" "Mozilla/5.0 (Macintosh; Intel Mac OS X 10_15_7) AppleWebKit/537.36 (KHTML, like Gecko) Chrome/112.0.0.0 Safari/537.36"
94.178.113.124 - - [04/May/2023:21:06:29 +0300] "GET /wp-content/uploads/2023/05/ab-we-768x768.png HTTP/2.0" 200 277594 "https://star-poe.com.ua/edit-account/?page_id=9" "Mozilla/5.0 (Macintosh; Intel Mac OS X 10_15_7) AppleWebKit/537.36 (KHTML, like Gecko) Chrome/112.0.0.0 Safari/537.36"
94.178.113.124 - - [04/May/2023:21:06:29 +0300] "GET /wp-content/uploads/2023/03/xwst-12-48-5a-240w-324x324.png HTTP/2.0" 200 92041 "https://star-poe.com.ua/edit-account/?page_id=9" "Mozilla/5.0 (Macintosh; Intel Mac OS X 10_15_7) AppleWebKit/537.36 (KHTML, like Gecko) Chrome/112.0.0.0 Safari/537.36"
94.178.113.124 - - [04/May/2023:21:06:29 +0300] "GET /wp-content/uploads/2023/04/poe_dc_0-768x768.png HTTP/2.0" 200 344658 "https://star-poe.com.ua/edit-account/?page_id=9" "Mozilla/5.0 (Macintosh; Intel Mac OS X 10_15_7) AppleWebKit/537.36 (KHTML, like Gecko) Chrome/112.0.0.0 Safari/537.36"
94.178.113.124 - - [04/May/2023:21:06:29 +0300] "GET /wp-content/uploads/2023/03/rj45-connector-e1679988141462-324x324.png HTTP/2.0" 200 84503 "https://star-poe.com.ua/edit-account/?page_id=9" "Mozilla/5.0 (Macintosh; Intel Mac OS X 10_15_7) AppleWebKit/537.36 (KHTML, like Gecko) Chrome/112.0.0.0 Safari/537.36"
94.178.113.124 - - [04/May/2023:21:06:29 +0300] "GET /wp-content/themes/storefront/assets/fonts/fa-solid-900.woff2 HTTP/2.0" 200 79444 "https://star-poe.com.ua/wp-content/themes/storefront/assets/css/base/icons.css?ver=4.2.0" "Mozilla/5.0 (Macintosh; Intel Mac OS X 10_15_7) AppleWebKit/537.36 (KHTML, like Gecko) Chrome/112.0.0.0 Safari/537.36"
94.178.113.124 - - [04/May/2023:21:06:29 +0300] "GET /wp-content/uploads/2023/03/tycon-poe-main-768x768.png HTTP/2.0" 200 395762 "https://star-poe.com.ua/edit-account/?page_id=9" "Mozilla/5.0 (Macintosh; Intel Mac OS X 10_15_7) AppleWebKit/537.36 (KHTML, like Gecko) Chrome/112.0.0.0 Safari/537.36"
94.178.113.124 - - [04/May/2023:21:06:29 +0300] "GET /wp-content/uploads/2023/03/rj45-extender-324x324.png HTTP/2.0" 200 87035 "https://star-poe.com.ua/edit-account/?page_id=9" "Mozilla/5.0 (Macintosh; Intel Mac OS X 10_15_7) AppleWebKit/537.36 (KHTML, like Gecko) Chrome/112.0.0.0 Safari/537.36"
94.178.113.124 - - [04/May/2023:21:06:30 +0300] "GET /wp-content/uploads/2023/03/v2_starlink_rectangular_dishy-100x100.png HTTP/2.0" 200 5182 "https://star-poe.com.ua/edit-account/?page_id=9" "Mozilla/5.0 (Macintosh; Intel Mac OS X 10_15_7) AppleWebKit/537.36 (KHTML, like Gecko) Chrome/112.0.0.0 Safari/537.36"
94.178.113.124 - - [04/May/2023:21:06:29 +0300] "POST /?wc-ajax=get_refreshed_fragments HTTP/2.0" 200 924 "https://star-poe.com.ua/edit-account/?page_id=9" "Mozilla/5.0 (Macintosh; Intel Mac OS X 10_15_7) AppleWebKit/537.36 (KHTML, like Gecko) Chrome/112.0.0.0 Safari/537.36"
94.178.113.124 - - [04/May/2023:21:06:30 +0300] "GET /orders/?page_id=9 HTTP/2.0" 404 76439 "https://star-poe.com.ua/edit-account/?page_id=9" "Mozilla/5.0 (Macintosh; Intel Mac OS X 10_15_7) AppleWebKit/537.36 (KHTML, like Gecko) Chrome/112.0.0.0 Safari/537.36"
94.178.113.124 - - [04/May/2023:21:06:32 +0300] "GET /blog/ HTTP/2.0" 200 65760 "https://star-poe.com.ua/orders/?page_id=9" "Mozilla/5.0 (Macintosh; Intel Mac OS X 10_15_7) AppleWebKit/537.36 (KHTML, like Gecko) Chrome/112.0.0.0 Safari/537.36"
94.178.113.124 - - [04/May/2023:21:06:34 +0300] "GET /edit-account/?page_id=9 HTTP/2.0" 404 76445 "https://star-poe.com.ua/blog/" "Mozilla/5.0 (Macintosh; Intel Mac OS X 10_15_7) AppleWebKit/537.36 (KHTML, like Gecko) Chrome/112.0.0.0 Safari/537.36"
94.178.113.124 - - [04/May/2023:21:06:40 +0300] "GET /wp-admin/edit.php?post_type=page HTTP/2.0" 200 179747 "https://star-poe.com.ua/wp-admin/nav-menus.php" "Mozilla/5.0 (Macintosh; Intel Mac OS X 10_15_7) AppleWebKit/537.36 (KHTML, like Gecko) Chrome/112.0.0.0 Safari/537.36"
51.77.52.225 - - [04/May/2023:21:06:42 +0300] "POST /wp-cron.php?doing_wp_cron=1683223602.0066599845886230468750 HTTP/1.1" 200 - "-" "WordPress/6.2; https://star-poe.com.ua"
94.178.113.124 - - [04/May/2023:21:06:41 +0300] "POST /wp-admin/admin-ajax.php HTTP/2.0" 200 47 "https://star-poe.com.ua/wp-admin/edit.php?post_type=page" "Mozilla/5.0 (Macintosh; Intel Mac OS X 10_15_7) AppleWebKit/537.36 (KHTML, like Gecko) Chrome/112.0.0.0 Safari/537.36"
94.178.113.124 - - [04/May/2023:21:06:47 +0300] "GET /wp-admin/post.php?post=9&action=edit HTTP/2.0" 200 1708173 "https://star-poe.com.ua/wp-admin/edit.php?post_type=page" "Mozilla/5.0 (Macintosh; Intel Mac OS X 10_15_7) AppleWebKit/537.36 (KHTML, like Gecko) Chrome/112.0.0.0 Safari/537.36"
94.178.113.124 - - [04/May/2023:21:06:49 +0300] "GET /wp-json/wp/v2/blocks?context=edit&per_page=100&_locale=user HTTP/2.0" 200 2 "https://star-poe.com.ua/wp-admin/post.php?post=9&action=edit" "Mozilla/5.0 (Macintosh; Intel Mac OS X 10_15_7) AppleWebKit/537.36 (KHTML, like Gecko) Chrome/112.0.0.0 Safari/537.36"
94.178.113.124 - - [04/May/2023:21:06:49 +0300] "GET /wp-json/wp/v2/block-patterns/categories?_locale=user HTTP/2.0" 200 2056 "https://star-poe.com.ua/wp-admin/post.php?post=9&action=edit" "Mozilla/5.0 (Macintosh; Intel Mac OS X 10_15_7) AppleWebKit/537.36 (KHTML, like Gecko) Chrome/112.0.0.0 Safari/537.36"
94.178.113.124 - - [04/May/2023:21:06:49 +0300] "GET /wp-json/?_fields=description%2Cgmt_offset%2Chome%2Cname%2Csite_icon%2Csite_icon_url%2Csite_logo%2Ctimezone_string%2Curl&_locale=user HTTP/2.0" 200 679 "https://star-poe.com.ua/wp-admin/post.php?post=9&action=edit" "Mozilla/5.0 (Macintosh; Intel Mac OS X 10_15_7) AppleWebKit/537.36 (KHTML, like Gecko) Chrome/112.0.0.0 Safari/537.36"
94.178.113.124 - - [04/May/2023:21:06:49 +0300] "GET /wp-json/wp/v2/block-patterns/patterns?_locale=user HTTP/2.0" 200 245014 "https://star-poe.com.ua/wp-admin/post.php?post=9&action=edit" "Mozilla/5.0 (Macintosh; Intel Mac OS X 10_15_7) AppleWebKit/537.36 (KHTML, like Gecko) Chrome/112.0.0.0 Safari/537.36"
94.178.113.124 - - [04/May/2023:21:06:54 +0300] "GET /wp-json/wp/v2/taxonomies/category?context=edit&_locale=user HTTP/2.0" 200 3902 "https://star-poe.com.ua/wp-admin/post.php?post=9&action=edit" "Mozilla/5.0 (Macintosh; Intel Mac OS X 10_15_7) AppleWebKit/537.36 (KHTML, like Gecko) Chrome/112.0.0.0 Safari/537.36"
94.178.113.124 - - [04/May/2023:21:06:54 +0300] "GET /wp-json/wp/v2/categories/1?context=edit&_locale=user HTTP/2.0" 200 5450 "https://star-poe.com.ua/wp-admin/post.php?post=9&action=edit" "Mozilla/5.0 (Macintosh; Intel Mac OS X 10_15_7) AppleWebKit/537.36 (KHTML, like Gecko) Chrome/112.0.0.0 Safari/537.36"
94.178.113.124 - - [04/May/2023:21:06:54 +0300] "GET /wp-json/wp/v2/taxonomies/post_tag?context=edit&_locale=user HTTP/2.0" 200 3915 "https://star-poe.com.ua/wp-admin/post.php?post=9&action=edit" "Mozilla/5.0 (Macintosh; Intel Mac OS X 10_15_7) AppleWebKit/537.36 (KHTML, like Gecko) Chrome/112.0.0.0 Safari/537.36"
94.178.113.124 - - [04/May/2023:21:06:55 +0300] "GET /wp-json/wp/v2/themes?context=edit&status=active&_locale=user HTTP/2.0" 200 4076 "https://star-poe.com.ua/wp-admin/post.php?post=9&action=edit" "Mozilla/5.0 (Macintosh; Intel Mac OS X 10_15_7) AppleWebKit/537.36 (KHTML, like Gecko) Chrome/112.0.0.0 Safari/537.36"
94.178.113.124 - - [04/May/2023:21:06:57 +0300] "POST /wp-json/wp/v2/pages/9?_locale=user HTTP/2.0" 200 7933 "https://star-poe.com.ua/wp-admin/post.php?post=9&action=edit" "Mozilla/5.0 (Macintosh; Intel Mac OS X 10_15_7) AppleWebKit/537.36 (KHTML, like Gecko) Chrome/112.0.0.0 Safari/537.36"
94.178.113.124 - - [04/May/2023:21:07:01 +0300] "POST /wp-admin/post.php?post=9&action=edit&meta-box-loader=1&meta-box-loader-nonce=50265bf322&_locale=user HTTP/2.0" 302 - "https://star-poe.com.ua/wp-admin/post.php?post=9&action=edit" "Mozilla/5.0 (Macintosh; Intel Mac OS X 10_15_7) AppleWebKit/537.36 (KHTML, like Gecko) Chrome/112.0.0.0 Safari/537.36"
94.178.113.124 - - [04/May/2023:21:07:02 +0300] "GET /wp-admin/post.php?post=9&action=edit&message=4 HTTP/2.0" 200 1808314 "https://star-poe.com.ua/wp-admin/post.php?post=9&action=edit" "Mozilla/5.0 (Macintosh; Intel Mac OS X 10_15_7) AppleWebKit/537.36 (KHTML, like Gecko) Chrome/112.0.0.0 Safari/537.36"
66.249.66.41 - - [04/May/2023:21:07:03 +0300] "GET /robots.txt HTTP/1.1" 200 173 "-" "Mozilla/5.0 (compatible; Googlebot/2.1; +http://www.google.com/bot.html)"
66.249.66.66 - - [04/May/2023:21:07:04 +0300] "GET /sitemap_index.xml HTTP/1.1" 200 1038 "-" "Mozilla/5.0 (compatible; Googlebot/2.1; +http://www.google.com/bot.html)"
94.178.113.124 - - [04/May/2023:21:07:09 +0300] "POST /wp-admin/admin-ajax.php HTTP/2.0" 200 1 "https://star-poe.com.ua/wp-admin/post.php?post=9&action=edit" "Mozilla/5.0 (Macintosh; Intel Mac OS X 10_15_7) AppleWebKit/537.36 (KHTML, like Gecko) Chrome/112.0.0.0 Safari/537.36"
94.178.113.124 - - [04/May/2023:21:07:09 +0300] "GET /wp-admin/edit.php?post_type=page HTTP/2.0" 200 - "https://star-poe.com.ua/wp-admin/post.php?post=9&action=edit" "Mozilla/5.0 (Macintosh; Intel Mac OS X 10_15_7) AppleWebKit/537.36 (KHTML, like Gecko) Chrome/112.0.0.0 Safari/537.36"
94.178.113.124 - - [04/May/2023:21:07:10 +0300] "POST /wp-admin/admin-ajax.php HTTP/2.0" 200 1 "https://star-poe.com.ua/wp-admin/post.php?post=9&action=edit" "Mozilla/5.0 (Macintosh; Intel Mac OS X 10_15_7) AppleWebKit/537.36 (KHTML, like Gecko) Chrome/112.0.0.0 Safari/537.36"
94.178.113.124 - - [04/May/2023:21:07:10 +0300] "GET /wp-admin/edit.php?post_type=page HTTP/2.0" 200 179866 "https://star-poe.com.ua/wp-admin/post.php?post=9&action=edit" "Mozilla/5.0 (Macintosh; Intel Mac OS X 10_15_7) AppleWebKit/537.36 (KHTML, like Gecko) Chrome/112.0.0.0 Safari/537.36"
94.178.113.124 - - [04/May/2023:21:07:12 +0300] "POST /wp-admin/admin-ajax.php HTTP/2.0" 200 47 "https://star-poe.com.ua/wp-admin/edit.php?post_type=page" "Mozilla/5.0 (Macintosh; Intel Mac OS X 10_15_7) AppleWebKit/537.36 (KHTML, like Gecko) Chrome/112.0.0.0 Safari/537.36"
94.178.113.124 - - [04/May/2023:21:07:25 +0300] "GET /edit-account/?page_id=9 HTTP/2.0" 301 - "https://star-poe.com.ua/edit-account/?page_id=9" "Mozilla/5.0 (Macintosh; Intel Mac OS X 10_15_7) AppleWebKit/537.36 (KHTML, like Gecko) Chrome/112.0.0.0 Safari/537.36"
94.178.113.124 - - [04/May/2023:21:07:26 +0300] "GET /my-account/ HTTP/2.0" 200 400958 "https://star-poe.com.ua/edit-account/?page_id=9" "Mozilla/5.0 (Macintosh; Intel Mac OS X 10_15_7) AppleWebKit/537.36 (KHTML, like Gecko) Chrome/112.0.0.0 Safari/537.36"
94.178.113.124 - - [04/May/2023:21:07:27 +0300] "GET /wp-content/plugins/woocommerce-ajax-filters/assets/frontend/css/select2.min.css?ver=6.2 HTTP/2.0" 200 14965 "https://star-poe.com.ua/my-account/" "Mozilla/5.0 (Macintosh; Intel Mac OS X 10_15_7) AppleWebKit/537.36 (KHTML, like Gecko) Chrome/112.0.0.0 Safari/537.36"
94.178.113.124 - - [04/May/2023:21:07:27 +0300] "GET /wp-content/plugins/woocommerce/assets/js/selectWoo/selectWoo.full.min.js?ver=1.0.9-wc.7.6.1 HTTP/2.0" 200 77052 "https://star-poe.com.ua/my-account/" "Mozilla/5.0 (Macintosh; Intel Mac OS X 10_15_7) AppleWebKit/537.36 (KHTML, like Gecko) Chrome/112.0.0.0 Safari/537.36"
94.178.113.124 - - [04/May/2023:21:07:27 +0300] "POST /wp-admin/admin-ajax.php HTTP/2.0" 200 47 "https://star-poe.com.ua/wp-admin/edit.php?post_type=page" "Mozilla/5.0 (Macintosh; Intel Mac OS X 10_15_7) AppleWebKit/537.36 (KHTML, like Gecko) Chrome/112.0.0.0 Safari/537.36"
94.178.113.124 - - [04/May/2023:21:07:29 +0300] "GET /orders/?page_id=9 HTTP/2.0" 301 - "https://star-poe.com.ua/my-account/" "Mozilla/5.0 (Macintosh; Intel Mac OS X 10_15_7) AppleWebKit/537.36 (KHTML, like Gecko) Chrome/112.0.0.0 Safari/537.36"
94.178.113.124 - - [04/May/2023:21:07:29 +0300] "GET /my-account/ HTTP/2.0" 200 400958 "https://star-poe.com.ua/my-account/" "Mozilla/5.0 (Macintosh; Intel Mac OS X 10_15_7) AppleWebKit/537.36 (KHTML, like Gecko) Chrome/112.0.0.0 Safari/537.36"
94.178.113.124 - - [04/May/2023:21:07:33 +0300] "GET /edit-account/?page_id=9 HTTP/2.0" 301 - "https://star-poe.com.ua/my-account/" "Mozilla/5.0 (Macintosh; Intel Mac OS X 10_15_7) AppleWebKit/537.36 (KHTML, like Gecko) Chrome/112.0.0.0 Safari/537.36"
94.178.113.124 - - [04/May/2023:21:07:33 +0300] "GET /my-account/ HTTP/2.0" 200 400958 "https://star-poe.com.ua/my-account/" "Mozilla/5.0 (Macintosh; Intel Mac OS X 10_15_7) AppleWebKit/537.36 (KHTML, like Gecko) Chrome/112.0.0.0 Safari/537.36"
94.178.113.124 - - [04/May/2023:21:07:36 +0300] "GET /edit-account/?page_id=9 HTTP/2.0" 301 - "https://star-poe.com.ua/blog/" "Mozilla/5.0 (Macintosh; Intel Mac OS X 10_15_7) AppleWebKit/537.36 (KHTML, like Gecko) Chrome/112.0.0.0 Safari/537.36"
94.178.113.124 - - [04/May/2023:21:07:36 +0300] "GET /my-account/ HTTP/2.0" 200 66714 "https://star-poe.com.ua/blog/" "Mozilla/5.0 (Macintosh; Intel Mac OS X 10_15_7) AppleWebKit/537.36 (KHTML, like Gecko) Chrome/112.0.0.0 Safari/537.36"
94.178.113.124 - - [04/May/2023:21:07:37 +0300] "GET /wp-content/plugins/woocommerce-ajax-filters/assets/frontend/css/select2.min.css?ver=6.2 HTTP/2.0" 200 14965 "https://star-poe.com.ua/my-account/" "Mozilla/5.0 (Macintosh; Intel Mac OS X 10_15_7) AppleWebKit/537.36 (KHTML, like Gecko) Chrome/112.0.0.0 Safari/537.36"
94.178.113.124 - - [04/May/2023:21:07:37 +0300] "GET /wp-content/plugins/woocommerce/assets/js/selectWoo/selectWoo.full.min.js?ver=1.0.9-wc.7.6.1 HTTP/2.0" 200 77052 "https://star-poe.com.ua/my-account/" "Mozilla/5.0 (Macintosh; Intel Mac OS X 10_15_7) AppleWebKit/537.36 (KHTML, like Gecko) Chrome/112.0.0.0 Safari/537.36"
51.77.52.225 - - [04/May/2023:21:07:42 +0300] "POST /wp-cron.php?doing_wp_cron=1683223662.2466440200805664062500 HTTP/1.1" 200 - "-" "WordPress/6.2; https://star-poe.com.ua"
94.178.113.124 - - [04/May/2023:21:07:41 +0300] "GET / HTTP/2.0" 200 90729 "https://star-poe.com.ua/my-account/" "Mozilla/5.0 (Macintosh; Intel Mac OS X 10_15_7) AppleWebKit/537.36 (KHTML, like Gecko) Chrome/112.0.0.0 Safari/537.36"
94.178.113.124 - - [04/May/2023:21:07:42 +0300] "GET /wp-content/uploads/2023/04/ab-pro-poe_0-removebg-768x768.png HTTP/2.0" 200 267815 "https://star-poe.com.ua/" "Mozilla/5.0 (Macintosh; Intel Mac OS X 10_15_7) AppleWebKit/537.36 (KHTML, like Gecko) Chrome/112.0.0.0 Safari/537.36"
94.178.113.124 - - [04/May/2023:21:07:42 +0300] "GET /wp-content/uploads/2023/04/lrs_200_48-324x324.jpeg HTTP/2.0" 200 25165 "https://star-poe.com.ua/" "Mozilla/5.0 (Macintosh; Intel Mac OS X 10_15_7) AppleWebKit/537.36 (KHTML, like Gecko) Chrome/112.0.0.0 Safari/537.36"
94.178.113.124 - - [04/May/2023:21:07:42 +0300] "GET /wp-content/uploads/2023/03/rj45-socket-and-tailcap-768x768.png HTTP/2.0" 200 133254 "https://star-poe.com.ua/" "Mozilla/5.0 (Macintosh; Intel Mac OS X 10_15_7) AppleWebKit/537.36 (KHTML, like Gecko) Chrome/112.0.0.0 Safari/537.36"
94.178.113.124 - - [04/May/2023:21:07:42 +0300] "GET /wp-content/uploads/2023/03/crimper-rj45.jpg HTTP/2.0" 200 19011 "https://star-poe.com.ua/" "Mozilla/5.0 (Macintosh; Intel Mac OS X 10_15_7) AppleWebKit/537.36 (KHTML, like Gecko) Chrome/112.0.0.0 Safari/537.36"
94.178.113.124 - - [04/May/2023:21:07:42 +0300] "GET /wp-content/uploads/2023/03/we-7490220123-324x324.png HTTP/2.0" 200 79940 "https://star-poe.com.ua/" "Mozilla/5.0 (Macintosh; Intel Mac OS X 10_15_7) AppleWebKit/537.36 (KHTML, like Gecko) Chrome/112.0.0.0 Safari/537.36"
94.178.113.124 - - [04/May/2023:21:07:42 +0300] "GET /wp-content/uploads/2023/04/pulse_h6062nl-324x228.jpg HTTP/2.0" 200 11605 "https://star-poe.com.ua/" "Mozilla/5.0 (Macintosh; Intel Mac OS X 10_15_7) AppleWebKit/537.36 (KHTML, like Gecko) Chrome/112.0.0.0 Safari/537.36"
94.178.113.124 - - [04/May/2023:21:07:45 +0300] "GET /edit-account/?page_id=9 HTTP/2.0" 301 - "https://star-poe.com.ua/" "Mozilla/5.0 (Macintosh; Intel Mac OS X 10_15_7) AppleWebKit/537.36 (KHTML, like Gecko) Chrome/112.0.0.0 Safari/537.36"
94.178.113.124 - - [04/May/2023:21:07:45 +0300] "GET /my-account/ HTTP/2.0" 200 66714 "https://star-poe.com.ua/" "Mozilla/5.0 (Macintosh; Intel Mac OS X 10_15_7) AppleWebKit/537.36 (KHTML, like Gecko) Chrome/112.0.0.0 Safari/537.36"
94.178.113.124 - - [04/May/2023:21:07:58 +0300] "GET / HTTP/2.0" 200 90729 "https://star-poe.com.ua/my-account/" "Mozilla/5.0 (Macintosh; Intel Mac OS X 10_15_7) AppleWebKit/537.36 (KHTML, like Gecko) Chrome/112.0.0.0 Safari/537.36"
94.178.113.124 - - [04/May/2023:21:08:05 +0300] "GET /my-account/orders/ HTTP/2.0" 200 400880 "https://star-poe.com.ua/my-account/" "Mozilla/5.0 (Macintosh; Intel Mac OS X 10_15_7) AppleWebKit/537.36 (KHTML, like Gecko) Chrome/112.0.0.0 Safari/537.36"
94.178.113.124 - - [04/May/2023:21:08:11 +0300] "GET /my-account/edit-address/ HTTP/2.0" 200 410576 "https://star-poe.com.ua/my-account/orders/" "Mozilla/5.0 (Macintosh; Intel Mac OS X 10_15_7) AppleWebKit/537.36 (KHTML, like Gecko) Chrome/112.0.0.0 Safari/537.36"
94.178.113.124 - - [04/May/2023:21:08:12 +0300] "GET /wp-content/plugins/woocommerce/assets/js/frontend/address-i18n.min.js?ver=7.6.1 HTTP/2.0" 304 - "https://star-poe.com.ua/my-account/edit-address/" "Mozilla/5.0 (Macintosh; Intel Mac OS X 10_15_7) AppleWebKit/537.36 (KHTML, like Gecko) Chrome/112.0.0.0 Safari/537.36"
94.178.113.124 - - [04/May/2023:21:08:12 +0300] "GET /wp-content/plugins/woocommerce/assets/js/frontend/country-select.min.js?ver=7.6.1 HTTP/2.0" 304 - "https://star-poe.com.ua/my-account/edit-address/" "Mozilla/5.0 (Macintosh; Intel Mac OS X 10_15_7) AppleWebKit/537.36 (KHTML, like Gecko) Chrome/112.0.0.0 Safari/537.36"
94.178.113.124 - - [04/May/2023:21:08:15 +0300] "GET /my-account/edit-account/ HTTP/2.0" 200 408402 "https://star-poe.com.ua/my-account/edit-address/" "Mozilla/5.0 (Macintosh; Intel Mac OS X 10_15_7) AppleWebKit/537.36 (KHTML, like Gecko) Chrome/112.0.0.0 Safari/537.36"
94.178.113.124 - - [04/May/2023:21:08:15 +0300] "GET /wp-content/plugins/woocommerce/assets/js/frontend/password-strength-meter.min.js?ver=7.6.1 HTTP/2.0" 200 2020 "https://star-poe.com.ua/my-account/edit-account/" "Mozilla/5.0 (Macintosh; Intel Mac OS X 10_15_7) AppleWebKit/537.36 (KHTML, like Gecko) Chrome/112.0.0.0 Safari/537.36"
94.178.113.124 - - [04/May/2023:21:08:22 +0300] "GET /my-account/orders/ HTTP/2.0" 200 400880 "https://star-poe.com.ua/my-account/edit-account/" "Mozilla/5.0 (Macintosh; Intel Mac OS X 10_15_7) AppleWebKit/537.36 (KHTML, like Gecko) Chrome/112.0.0.0 Safari/537.36"
94.178.113.124 - - [04/May/2023:21:08:25 +0300] "GET / HTTP/2.0" 200 423041 "https://star-poe.com.ua/my-account/orders/" "Mozilla/5.0 (Macintosh; Intel Mac OS X 10_15_7) AppleWebKit/537.36 (KHTML, like Gecko) Chrome/112.0.0.0 Safari/537.36"
94.178.113.124 - - [04/May/2023:21:08:26 +0300] "GET /orders/?page_id=9 HTTP/2.0" 301 - "https://star-poe.com.ua/" "Mozilla/5.0 (Macintosh; Intel Mac OS X 10_15_7) AppleWebKit/537.36 (KHTML, like Gecko) Chrome/112.0.0.0 Safari/537.36"
94.178.113.124 - - [04/May/2023:21:08:27 +0300] "GET /my-account/ HTTP/2.0" 200 400958 "https://star-poe.com.ua/" "Mozilla/5.0 (Macintosh; Intel Mac OS X 10_15_7) AppleWebKit/537.36 (KHTML, like Gecko) Chrome/112.0.0.0 Safari/537.36"
94.178.113.124 - - [04/May/2023:21:08:33 +0300] "POST /wp-admin/admin-ajax.php HTTP/2.0" 200 47 "https://star-poe.com.ua/wp-admin/edit.php?post_type=page" "Mozilla/5.0 (Macintosh; Intel Mac OS X 10_15_7) AppleWebKit/537.36 (KHTML, like Gecko) Chrome/112.0.0.0 Safari/537.36"
94.178.113.124 - - [04/May/2023:21:08:37 +0300] "GET /wp-admin/nav-menus.php HTTP/2.0" 200 259393 "https://star-poe.com.ua/wp-admin/edit.php?post_type=page" "Mozilla/5.0 (Macintosh; Intel Mac OS X 10_15_7) AppleWebKit/537.36 (KHTML, like Gecko) Chrome/112.0.0.0 Safari/537.36"
51.77.52.225 - - [04/May/2023:21:08:49 +0300] "POST /wp-cron.php?doing_wp_cron=1683223729.2975530624389648437500 HTTP/1.1" 200 - "-" "WordPress/6.2; https://star-poe.com.ua"
94.178.113.124 - - [04/May/2023:21:08:48 +0300] "POST /wp-admin/nav-menus.php HTTP/2.0" 200 253674 "https://star-poe.com.ua/wp-admin/nav-menus.php" "Mozilla/5.0 (Macintosh; Intel Mac OS X 10_15_7) AppleWebKit/537.36 (KHTML, like Gecko) Chrome/112.0.0.0 Safari/537.36"
94.178.113.124 - - [04/May/2023:21:08:52 +0300] "GET /my-account/ HTTP/2.0" 200 400611 "https://star-poe.com.ua/" "Mozilla/5.0 (Macintosh; Intel Mac OS X 10_15_7) AppleWebKit/537.36 (KHTML, like Gecko) Chrome/112.0.0.0 Safari/537.36"
94.178.113.124 - - [04/May/2023:21:08:56 +0300] "GET / HTTP/2.0" 200 422694 "https://star-poe.com.ua/my-account/" "Mozilla/5.0 (Macintosh; Intel Mac OS X 10_15_7) AppleWebKit/537.36 (KHTML, like Gecko) Chrome/112.0.0.0 Safari/537.36"
51.77.52.225 - - [04/May/2023:21:09:33 +0300] "POST /wp-cron.php?doing_wp_cron=1683223773.0206830501556396484375 HTTP/1.1" 200 - "-" "WordPress/6.2; https://star-poe.com.ua"
94.178.113.124 - - [04/May/2023:21:09:32 +0300] "GET / HTTP/2.0" 200 90382 "https://star-poe.com.ua/my-account/" "Mozilla/5.0 (Macintosh; Intel Mac OS X 10_15_7) AppleWebKit/537.36 (KHTML, like Gecko) Chrome/112.0.0.0 Safari/537.36"
94.178.113.124 - - [04/May/2023:21:09:36 +0300] "GET /edit-account/?page_id=9 HTTP/2.0" 301 - "https://star-poe.com.ua/" "Mozilla/5.0 (Macintosh; Intel Mac OS X 10_15_7) AppleWebKit/537.36 (KHTML, like Gecko) Chrome/112.0.0.0 Safari/537.36"
94.178.113.124 - - [04/May/2023:21:09:37 +0300] "GET /my-account/ HTTP/2.0" 200 66367 "https://star-poe.com.ua/" "Mozilla/5.0 (Macintosh; Intel Mac OS X 10_15_7) AppleWebKit/537.36 (KHTML, like Gecko) Chrome/112.0.0.0 Safari/537.36"
51.77.52.225 - - [04/May/2023:21:09:51 +0300] "POST /wp-cron.php?doing_wp_cron=1683223791.2516269683837890625000 HTTP/1.1" 200 - "-" "WordPress/6.2; https://star-poe.com.ua"
94.178.113.124 - - [04/May/2023:21:09:50 +0300] "POST /wp-admin/admin-ajax.php HTTP/2.0" 200 47 "https://star-poe.com.ua/wp-admin/nav-menus.php" "Mozilla/5.0 (Macintosh; Intel Mac OS X 10_15_7) AppleWebKit/537.36 (KHTML, like Gecko) Chrome/112.0.0.0 Safari/537.36"
66.249.66.2 - - [04/May/2023:21:10:02 +0300] "GET /product/tycon-poe-inj-1000-wt/ HTTP/1.1" 200 120176 "-" "Mozilla/5.0 (Linux; Android 6.0.1; Nexus 5X Build/MMB29P) AppleWebKit/537.36 (KHTML, like Gecko) Chrome/112.0.5615.142 Mobile Safari/537.36 (compatible; Googlebot/2.1; +http://www.google.com/bot.html)"
66.249.66.1 - - [04/May/2023:21:10:14 +0300] "GET /wp-content/plugins/woocommerce/assets/css/photoswipe/photoswipe.min.css?ver=7.6.1 HTTP/1.1" 200 3287 "https://star-poe.com.ua/product/tycon-poe-inj-1000-wt/" "Mozilla/5.0 (Linux; Android 6.0.1; Nexus 5X Build/MMB29P) AppleWebKit/537.36 (KHTML, like Gecko) Chrome/112.0.5615.142 Mobile Safari/537.36 (compatible; Googlebot/2.1; +http://www.google.com/bot.html)"
66.249.66.66 - - [04/May/2023:21:10:15 +0300] "GET /wp-content/plugins/woocommerce/packages/woocommerce-blocks/build/wc-blocks-style.css?ver=9.8.5 HTTP/1.1" 200 260560 "https://star-poe.com.ua/product/tycon-poe-inj-1000-wt/" "Mozilla/5.0 (Linux; Android 6.0.1; Nexus 5X Build/MMB29P) AppleWebKit/537.36 (KHTML, like Gecko) Chrome/112.0.5615.142 Mobile Safari/537.36 (compatible; Googlebot/2.1; +http://www.google.com/bot.html)"
66.249.66.66 - - [04/May/2023:21:10:15 +0300] "GET /wp-content/plugins/contact-form-7/includes/css/styles.css?ver=5.7.6 HTTP/1.1" 200 2859 "https://star-poe.com.ua/product/tycon-poe-inj-1000-wt/" "Mozilla/5.0 (Linux; Android 6.0.1; Nexus 5X Build/MMB29P) AppleWebKit/537.36 (KHTML, like Gecko) Chrome/112.0.5615.142 Mobile Safari/537.36 (compatible; Googlebot/2.1; +http://www.google.com/bot.html)"
66.249.66.66 - - [04/May/2023:21:10:16 +0300] "GET /wp-content/plugins/woocommerce/assets/css/photoswipe/default-skin/default-skin.min.css?ver=7.6.1 HTTP/1.1" 200 7887 "https://star-poe.com.ua/product/tycon-poe-inj-1000-wt/" "Mozilla/5.0 (Linux; Android 6.0.1; Nexus 5X Build/MMB29P) AppleWebKit/537.36 (KHTML, like Gecko) Chrome/112.0.5615.142 Mobile Safari/537.36 (compatible; Googlebot/2.1; +http://www.google.com/bot.html)"
66.249.66.15 - - [04/May/2023:21:10:16 +0300] "GET /wp-content/plugins/advanced-product-labels-for-woocommerce/berocket/assets/css/font-awesome.min.css?ver=6.2 HTTP/1.1" 200 30788 "https://star-poe.com.ua/product/tycon-poe-inj-1000-wt/" "Mozilla/5.0 (Linux; Android 6.0.1; Nexus 5X Build/MMB29P) AppleWebKit/537.36 (KHTML, like Gecko) Chrome/112.0.5615.142 Mobile Safari/537.36 (compatible; Googlebot/2.1; +http://www.google.com/bot.html)"
66.249.66.1 - - [04/May/2023:21:10:17 +0300] "GET /wp-content/plugins/woocommerce/packages/woocommerce-blocks/build/wc-blocks-vendors-style.css?ver=9.8.5 HTTP/1.1" 200 10435 "https://star-poe.com.ua/product/tycon-poe-inj-1000-wt/" "Mozilla/5.0 (Linux; Android 6.0.1; Nexus 5X Build/MMB29P) AppleWebKit/537.36 (KHTML, like Gecko) Chrome/112.0.5615.142 Mobile Safari/537.36 (compatible; Googlebot/2.1; +http://www.google.com/bot.html)"
66.249.66.65 - - [04/May/2023:21:10:17 +0300] "GET /wp-content/plugins/advanced-product-labels-for-woocommerce/css/frontend.css?ver=1.2.5 HTTP/1.1" 200 13437 "https://star-poe.com.ua/product/tycon-poe-inj-1000-wt/" "Mozilla/5.0 (Linux; Android 6.0.1; Nexus 5X Build/MMB29P) AppleWebKit/537.36 (KHTML, like Gecko) Chrome/112.0.5615.142 Mobile Safari/537.36 (compatible; Googlebot/2.1; +http://www.google.com/bot.html)"
66.249.66.65 - - [04/May/2023:21:10:18 +0300] "GET /wp-content/plugins/advanced-product-labels-for-woocommerce/berocket/assets/tippy/tippy.css?ver=1.2.5 HTTP/1.1" 200 19104 "https://star-poe.com.ua/product/tycon-poe-inj-1000-wt/" "Mozilla/5.0 (Linux; Android 6.0.1; Nexus 5X Build/MMB29P) AppleWebKit/537.36 (KHTML, like Gecko) Chrome/112.0.5615.142 Mobile Safari/537.36 (compatible; Googlebot/2.1; +http://www.google.com/bot.html)"
66.249.66.65 - - [04/May/2023:21:10:18 +0300] "GET /wp-content/plugins/contact-form-7/includes/swv/js/index.js?ver=5.7.6 HTTP/1.1" 200 10241 "https://star-poe.com.ua/product/tycon-poe-inj-1000-wt/" "Mozilla/5.0 (Linux; Android 6.0.1; Nexus 5X Build/MMB29P) AppleWebKit/537.36 (KHTML, like Gecko) Chrome/112.0.5615.142 Mobile Safari/537.36 (compatible; Googlebot/2.1; +http://www.google.com/bot.html)"
66.249.66.15 - - [04/May/2023:21:10:19 +0300] "GET /wp-content/plugins/woocommerce/assets/js/zoom/jquery.zoom.min.js?ver=1.7.21-wc.7.6.1 HTTP/1.1" 200 2666 "https://star-poe.com.ua/product/tycon-poe-inj-1000-wt/" "Mozilla/5.0 (Linux; Android 6.0.1; Nexus 5X Build/MMB29P) AppleWebKit/537.36 (KHTML, like Gecko) Chrome/112.0.5615.142 Mobile Safari/537.36 (compatible; Googlebot/2.1; +http://www.google.com/bot.html)"
66.249.66.39 - - [04/May/2023:21:10:19 +0300] "GET /wp-content/plugins/advanced-product-labels-for-woocommerce/js/frontend.js?ver=1.2.5 HTTP/1.1" 200 5238 "https://star-poe.com.ua/product/tycon-poe-inj-1000-wt/" "Mozilla/5.0 (Linux; Android 6.0.1; Nexus 5X Build/MMB29P) AppleWebKit/537.36 (KHTML, like Gecko) Chrome/112.0.5615.142 Mobile Safari/537.36 (compatible; Googlebot/2.1; +http://www.google.com/bot.html)"
66.249.66.15 - - [04/May/2023:21:10:20 +0300] "GET /wp-content/plugins/woocommerce/assets/js/frontend/single-product.min.js?ver=7.6.1 HTTP/1.1" 200 6241 "https://star-poe.com.ua/product/tycon-poe-inj-1000-wt/" "Mozilla/5.0 (Linux; Android 6.0.1; Nexus 5X Build/MMB29P) AppleWebKit/537.36 (KHTML, like Gecko) Chrome/112.0.5615.142 Mobile Safari/537.36 (compatible; Googlebot/2.1; +http://www.google.com/bot.html)"
66.249.66.65 - - [04/May/2023:21:10:22 +0300] "GET /wp-content/plugins/woocommerce/assets/js/photoswipe/photoswipe.min.js?ver=4.1.1-wc.7.6.1 HTTP/1.1" 200 30927 "https://star-poe.com.ua/product/tycon-poe-inj-1000-wt/" "Mozilla/5.0 (Linux; Android 6.0.1; Nexus 5X Build/MMB29P) AppleWebKit/537.36 (KHTML, like Gecko) Chrome/112.0.5615.142 Mobile Safari/537.36 (compatible; Googlebot/2.1; +http://www.google.com/bot.html)"
66.249.66.39 - - [04/May/2023:21:10:22 +0300] "GET /wp-content/plugins/woocommerce/assets/js/jquery-blockui/jquery.blockUI.min.js?ver=2.7.0-wc.7.6.1 HTTP/1.1" 200 9505 "https://star-poe.com.ua/product/tycon-poe-inj-1000-wt/" "Mozilla/5.0 (Linux; Android 6.0.1; Nexus 5X Build/MMB29P) AppleWebKit/537.36 (KHTML, like Gecko) Chrome/112.0.5615.142 Mobile Safari/537.36 (compatible; Googlebot/2.1; +http://www.google.com/bot.html)"
66.249.66.65 - - [04/May/2023:21:10:23 +0300] "GET /wp-content/plugins/advanced-product-labels-for-woocommerce/berocket/assets/tippy/tippy.min.js?ver=6.2 HTTP/1.1" 200 39196 "https://star-poe.com.ua/product/tycon-poe-inj-1000-wt/" "Mozilla/5.0 (Linux; Android 6.0.1; Nexus 5X Build/MMB29P) AppleWebKit/537.36 (KHTML, like Gecko) Chrome/112.0.5615.142 Mobile Safari/537.36 (compatible; Googlebot/2.1; +http://www.google.com/bot.html)"
66.249.66.39 - - [04/May/2023:21:10:23 +0300] "GET /wp-content/plugins/contact-form-7/includes/js/index.js?ver=5.7.6 HTTP/1.1" 200 12943 "https://star-poe.com.ua/product/tycon-poe-inj-1000-wt/" "Mozilla/5.0 (Linux; Android 6.0.1; Nexus 5X Build/MMB29P) AppleWebKit/537.36 (KHTML, like Gecko) Chrome/112.0.5615.142 Mobile Safari/537.36 (compatible; Googlebot/2.1; +http://www.google.com/bot.html)"
66.249.66.39 - - [04/May/2023:21:10:24 +0300] "GET /wp-content/plugins/woocommerce/assets/js/frontend/woocommerce.min.js?ver=7.6.1 HTTP/1.1" 200 2139 "https://star-poe.com.ua/product/tycon-poe-inj-1000-wt/" "Mozilla/5.0 (Linux; Android 6.0.1; Nexus 5X Build/MMB29P) AppleWebKit/537.36 (KHTML, like Gecko) Chrome/112.0.5615.142 Mobile Safari/537.36 (compatible; Googlebot/2.1; +http://www.google.com/bot.html)"
66.249.66.65 - - [04/May/2023:21:10:24 +0300] "GET /wp-content/plugins/woocommerce/assets/js/frontend/cart-fragments.min.js?ver=7.6.1 HTTP/1.1" 200 2938 "https://star-poe.com.ua/product/tycon-poe-inj-1000-wt/" "Mozilla/5.0 (Linux; Android 6.0.1; Nexus 5X Build/MMB29P) AppleWebKit/537.36 (KHTML, like Gecko) Chrome/112.0.5615.142 Mobile Safari/537.36 (compatible; Googlebot/2.1; +http://www.google.com/bot.html)"
66.249.66.65 - - [04/May/2023:21:10:25 +0300] "GET /wp-content/plugins/woocommerce/assets/js/js-cookie/js.cookie.min.js?ver=2.1.4-wc.7.6.1 HTTP/1.1" 200 1834 "https://star-poe.com.ua/product/tycon-poe-inj-1000-wt/" "Mozilla/5.0 (Linux; Android 6.0.1; Nexus 5X Build/MMB29P) AppleWebKit/537.36 (KHTML, like Gecko) Chrome/112.0.5615.142 Mobile Safari/537.36 (compatible; Googlebot/2.1; +http://www.google.com/bot.html)"
66.249.66.39 - - [04/May/2023:21:10:25 +0300] "GET /wp-content/plugins/woocommerce/assets/js/frontend/add-to-cart-variation.min.js?ver=7.6.1 HTTP/1.1" 200 13892 "https://star-poe.com.ua/product/tycon-poe-inj-1000-wt/" "Mozilla/5.0 (Linux; Android 6.0.1; Nexus 5X Build/MMB29P) AppleWebKit/537.36 (KHTML, like Gecko) Chrome/112.0.5615.142 Mobile Safari/537.36 (compatible; Googlebot/2.1; +http://www.google.com/bot.html)"
66.249.66.39 - - [04/May/2023:21:10:26 +0300] "GET /wp-content/plugins/woocommerce/assets/js/photoswipe/photoswipe-ui-default.min.js?ver=4.1.1-wc.7.6.1 HTTP/1.1" 200 9652 "https://star-poe.com.ua/product/tycon-poe-inj-1000-wt/" "Mozilla/5.0 (Linux; Android 6.0.1; Nexus 5X Build/MMB29P) AppleWebKit/537.36 (KHTML, like Gecko) Chrome/112.0.5615.142 Mobile Safari/537.36 (compatible; Googlebot/2.1; +http://www.google.com/bot.html)"
66.249.66.15 - - [04/May/2023:21:10:26 +0300] "GET /wp-content/plugins/woocommerce/assets/js/flexslider/jquery.flexslider.min.js?ver=2.7.2-wc.7.6.1 HTTP/1.1" 200 19979 "https://star-poe.com.ua/product/tycon-poe-inj-1000-wt/" "Mozilla/5.0 (Linux; Android 6.0.1; Nexus 5X Build/MMB29P) AppleWebKit/537.36 (KHTML, like Gecko) Chrome/112.0.5615.142 Mobile Safari/537.36 (compatible; Googlebot/2.1; +http://www.google.com/bot.html)"
66.249.66.15 - - [04/May/2023:21:10:27 +0300] "GET /wp-content/plugins/woocommerce/assets/js/frontend/add-to-cart.min.js?ver=7.6.1 HTTP/1.1" 200 3029 "https://star-poe.com.ua/product/tycon-poe-inj-1000-wt/" "Mozilla/5.0 (Linux; Android 6.0.1; Nexus 5X Build/MMB29P) AppleWebKit/537.36 (KHTML, like Gecko) Chrome/112.0.5615.142 Mobile Safari/537.36 (compatible; Googlebot/2.1; +http://www.google.com/bot.html)"
66.249.66.15 - - [04/May/2023:21:10:30 +0300] "POST /?wc-ajax=get_refreshed_fragments HTTP/1.1" 200 924 "https://star-poe.com.ua/product/tycon-poe-inj-1000-wt/" "Mozilla/5.0 (Linux; Android 6.0.1; Nexus 5X Build/MMB29P) AppleWebKit/537.36 (KHTML, like Gecko) Chrome/112.0.5615.142 Mobile Safari/537.36 (compatible; Googlebot/2.1; +http://www.google.com/bot.html)"
51.77.52.225 - - [04/May/2023:21:11:52 +0300] "POST /wp-cron.php?doing_wp_cron=1683223912.2672369480133056640625 HTTP/1.1" 200 - "-" "WordPress/6.2; https://star-poe.com.ua"
94.178.113.124 - - [04/May/2023:21:11:51 +0300] "POST /wp-admin/admin-ajax.php HTTP/2.0" 200 47 "https://star-poe.com.ua/wp-admin/nav-menus.php" "Mozilla/5.0 (Macintosh; Intel Mac OS X 10_15_7) AppleWebKit/537.36 (KHTML, like Gecko) Chrome/112.0.0.0 Safari/537.36"
51.77.52.225 - - [04/May/2023:21:41:00 +0300] "POST /wp-cron.php?doing_wp_cron=1683225660.1686379909515380859375 HTTP/1.1" 200 - "-" "WordPress/6.2; https://star-poe.com.ua"
94.178.113.124 - - [04/May/2023:21:40:59 +0300] "POST /wp-admin/nav-menus.php HTTP/2.0" 200 253674 "https://star-poe.com.ua/wp-admin/nav-menus.php" "Mozilla/5.0 (Macintosh; Intel Mac OS X 10_15_7) AppleWebKit/537.36 (KHTML, like Gecko) Chrome/112.0.0.0 Safari/537.36"
94.178.113.124 - - [04/May/2023:21:41:01 +0300] "GET /wp-content/plugins/wordpress-seo/css/dist/admin-global-2060.css HTTP/2.0" 304 - "https://star-poe.com.ua/wp-admin/nav-menus.php" "Mozilla/5.0 (Macintosh; Intel Mac OS X 10_15_7) AppleWebKit/537.36 (KHTML, like Gecko) Chrome/112.0.0.0 Safari/537.36"
94.178.113.124 - - [04/May/2023:21:41:01 +0300] "GET /wp-content/plugins/limit-login-attempts-reloaded/assets/css/limit-login-attempts.css?ver=2.25.16 HTTP/2.0" 304 - "https://star-poe.com.ua/wp-admin/nav-menus.php" "Mozilla/5.0 (Macintosh; Intel Mac OS X 10_15_7) AppleWebKit/537.36 (KHTML, like Gecko) Chrome/112.0.0.0 Safari/537.36"
94.178.113.124 - - [04/May/2023:21:41:01 +0300] "GET /wp-content/plugins/wordpress-seo/css/dist/wpseo-dismissible-2060.css HTTP/2.0" 304 - "https://star-poe.com.ua/wp-admin/nav-menus.php" "Mozilla/5.0 (Macintosh; Intel Mac OS X 10_15_7) AppleWebKit/537.36 (KHTML, like Gecko) Chrome/112.0.0.0 Safari/537.36"
94.178.113.124 - - [04/May/2023:21:41:01 +0300] "GET /wp-content/plugins/woocommerce/assets/css/menu.css?ver=7.6.1 HTTP/2.0" 304 - "https://star-poe.com.ua/wp-admin/nav-menus.php" "Mozilla/5.0 (Macintosh; Intel Mac OS X 10_15_7) AppleWebKit/537.36 (KHTML, like Gecko) Chrome/112.0.0.0 Safari/537.36"
94.178.113.124 - - [04/May/2023:21:41:01 +0300] "GET /wp-content/plugins/wordpress-seo/js/dist/admin-global.js?ver=f001fee8acd8000e7f42eef4717d0176 HTTP/2.0" 304 - "https://star-poe.com.ua/wp-admin/nav-menus.php" "Mozilla/5.0 (Macintosh; Intel Mac OS X 10_15_7) AppleWebKit/537.36 (KHTML, like Gecko) Chrome/112.0.0.0 Safari/537.36"
94.178.113.124 - - [04/May/2023:21:41:05 +0300] "GET /wp-admin/themes.php HTTP/2.0" 200 129179 "https://star-poe.com.ua/wp-admin/nav-menus.php" "Mozilla/5.0 (Macintosh; Intel Mac OS X 10_15_7) AppleWebKit/537.36 (KHTML, like Gecko) Chrome/112.0.0.0 Safari/537.36"
94.178.113.124 - - [04/May/2023:21:41:11 +0300] "GET /wp-admin/customize.php?theme=storefront&return=https%3A%2F%2Fstar-poe.com.ua%2Fwp-admin%2Fthemes.php HTTP/2.0" 200 1631196 "https://star-poe.com.ua/wp-admin/themes.php" "Mozilla/5.0 (Macintosh; Intel Mac OS X 10_15_7) AppleWebKit/537.36 (KHTML, like Gecko) Chrome/112.0.0.0 Safari/537.36"
94.178.113.124 - - [04/May/2023:21:41:12 +0300] "GET /wp-content/plugins/woocommerce/packages/woocommerce-blocks/build/wc-blocks-editor-style.css?ver=9.8.5 HTTP/2.0" 304 - "https://star-poe.com.ua/wp-admin/customize.php?theme=storefront&return=https%3A%2F%2Fstar-poe.com.ua%2Fwp-admin%2Fthemes.php" "Mozilla/5.0 (Macintosh; Intel Mac OS X 10_15_7) AppleWebKit/537.36 (KHTML, like Gecko) Chrome/112.0.0.0 Safari/537.36"
94.178.113.124 - - [04/May/2023:21:41:12 +0300] "GET /wp-content/plugins/wordpress-seo/css/dist/structured-data-blocks-2060.css HTTP/2.0" 304 - "https://star-poe.com.ua/wp-admin/customize.php?theme=storefront&return=https%3A%2F%2Fstar-poe.com.ua%2Fwp-admin%2Fthemes.php" "Mozilla/5.0 (Macintosh; Intel Mac OS X 10_15_7) AppleWebKit/537.36 (KHTML, like Gecko) Chrome/112.0.0.0 Safari/537.36"
94.178.113.124 - - [04/May/2023:21:41:12 +0300] "GET /wp-content/plugins/contact-form-7/includes/block-editor/index.js?ver=5.7.6 HTTP/2.0" 304 - "https://star-poe.com.ua/wp-admin/customize.php?theme=storefront&return=https%3A%2F%2Fstar-poe.com.ua%2Fwp-admin%2Fthemes.php" "Mozilla/5.0 (Macintosh; Intel Mac OS X 10_15_7) AppleWebKit/537.36 (KHTML, like Gecko) Chrome/112.0.0.0 Safari/537.36"
94.178.113.124 - - [04/May/2023:21:41:12 +0300] "GET /wp-content/plugins/woocommerce/packages/woocommerce-blocks/build/wc-blocks-registry.js?ver=5f668cae608892850d279dd4be59444a HTTP/2.0" 304 - "https://star-poe.com.ua/wp-admin/customize.php?theme=storefront&return=https%3A%2F%2Fstar-poe.com.ua%2Fwp-admin%2Fthemes.php" "Mozilla/5.0 (Macintosh; Intel Mac OS X 10_15_7) AppleWebKit/537.36 (KHTML, like Gecko) Chrome/112.0.0.0 Safari/537.36"
94.178.113.124 - - [04/May/2023:21:41:12 +0300] "GET /wp-content/plugins/woocommerce/packages/woocommerce-blocks/build/wc-settings.js?ver=2ab0da8228939724e429840d89f4ce43 HTTP/2.0" 304 - "https://star-poe.com.ua/wp-admin/customize.php?theme=storefront&return=https%3A%2F%2Fstar-poe.com.ua%2Fwp-admin%2Fthemes.php" "Mozilla/5.0 (Macintosh; Intel Mac OS X 10_15_7) AppleWebKit/537.36 (KHTML, like Gecko) Chrome/112.0.0.0 Safari/537.36"
94.178.113.124 - - [04/May/2023:21:41:12 +0300] "GET /wp-content/plugins/woocommerce/packages/woocommerce-blocks/build/wc-blocks-middleware.js?ver=2ee643e67b13341e4fb94acbed6f1dbe HTTP/2.0" 304 - "https://star-poe.com.ua/wp-admin/customize.php?theme=storefront&return=https%3A%2F%2Fstar-poe.com.ua%2Fwp-admin%2Fthemes.php" "Mozilla/5.0 (Macintosh; Intel Mac OS X 10_15_7) AppleWebKit/537.36 (KHTML, like Gecko) Chrome/112.0.0.0 Safari/537.36"
94.178.113.124 - - [04/May/2023:21:41:12 +0300] "GET /wp-content/plugins/woocommerce/packages/woocommerce-blocks/build/wc-blocks-data.js?ver=2ea4545b3efab9b16696a156cf576e0f HTTP/2.0" 304 - "https://star-poe.com.ua/wp-admin/customize.php?theme=storefront&return=https%3A%2F%2Fstar-poe.com.ua%2Fwp-admin%2Fthemes.php" "Mozilla/5.0 (Macintosh; Intel Mac OS X 10_15_7) AppleWebKit/537.36 (KHTML, like Gecko) Chrome/112.0.0.0 Safari/537.36"
