94.178.113.124 - - [04/May/2023:22:13:23 +0300] "GET /wp-json/wc-admin/options?options=woocommerce_task_list_reminder_bar_hidden&_locale=user HTTP/2.0" 200 - "https://star-poe.com.ua/wp-admin/admin.php?page=wc-settings" "Mozilla/5.0 (Macintosh; Intel Mac OS X 10_15_7) AppleWebKit/537.36 (KHTML, like Gecko) Chrome/112.0.0.0 Safari/537.36"
94.178.113.124 - - [04/May/2023:22:13:24 +0300] "GET /wp-json/wc-admin/options?options=woocommerce_allow_tracking&_locale=user HTTP/2.0" 200 35 "https://star-poe.com.ua/wp-admin/admin.php?page=wc-settings&tab=integration" "Mozilla/5.0 (Macintosh; Intel Mac OS X 10_15_7) AppleWebKit/537.36 (KHTML, like Gecko) Chrome/112.0.0.0 Safari/537.36"
94.178.113.124 - - [04/May/2023:22:13:24 +0300] "GET /wp-json/wc-admin/onboarding/tasks?_locale=user HTTP/2.0" 200 19371 "https://star-poe.com.ua/wp-admin/admin.php?page=wc-settings&tab=integration" "Mozilla/5.0 (Macintosh; Intel Mac OS X 10_15_7) AppleWebKit/537.36 (KHTML, like Gecko) Chrome/112.0.0.0 Safari/537.36"
94.178.113.124 - - [04/May/2023:22:13:24 +0300] "GET /wp-json/wc-analytics/admin/notes?page=1&per_page=25&type=error%2Cupdate&status=unactioned&_locale=user HTTP/2.0" 200 1923 "https://star-poe.com.ua/wp-admin/admin.php?page=wc-settings&tab=integration" "Mozilla/5.0 (Macintosh; Intel Mac OS X 10_15_7) AppleWebKit/537.36 (KHTML, like Gecko) Chrome/112.0.0.0 Safari/537.36"
94.178.113.124 - - [04/May/2023:22:13:24 +0300] "GET /wp-json/wc-admin/options?options=woocommerce_ces_tracks_queue&_locale=user HTTP/2.0" 200 38 "https://star-poe.com.ua/wp-admin/admin.php?page=wc-settings&tab=integration" "Mozilla/5.0 (Macintosh; Intel Mac OS X 10_15_7) AppleWebKit/537.36 (KHTML, like Gecko) Chrome/112.0.0.0 Safari/537.36"
94.178.113.124 - - [04/May/2023:22:13:29 +0300] "GET /wp-json/wc-admin/options?options=woocommerce_task_list_reminder_bar_hidden&_locale=user HTTP/2.0" 200 51 "https://star-poe.com.ua/wp-admin/admin.php?page=wc-settings&tab=integration" "Mozilla/5.0 (Macintosh; Intel Mac OS X 10_15_7) AppleWebKit/537.36 (KHTML, like Gecko) Chrome/112.0.0.0 Safari/537.36"
94.178.113.124 - - [04/May/2023:22:13:28 +0300] "GET /wp-admin/admin.php?page=wc-settings&tab=shipping HTTP/2.0" 200 902387 "https://star-poe.com.ua/wp-admin/admin.php?page=wc-settings&tab=integration" "Mozilla/5.0 (Macintosh; Intel Mac OS X 10_15_7) AppleWebKit/537.36 (KHTML, like Gecko) Chrome/112.0.0.0 Safari/537.36"
94.178.113.124 - - [04/May/2023:22:13:32 +0300] "GET /wp-content/plugins/woocommerce/assets/js/admin/wc-shipping-zones.min.js?ver=7.6.1 HTTP/2.0" 200 4874 "https://star-poe.com.ua/wp-admin/admin.php?page=wc-settings&tab=shipping" "Mozilla/5.0 (Macintosh; Intel Mac OS X 10_15_7) AppleWebKit/537.36 (KHTML, like Gecko) Chrome/112.0.0.0 Safari/537.36"
94.178.113.124 - - [04/May/2023:22:13:32 +0300] "GET /wp-content/plugins/woocommerce/assets/js/admin/backbone-modal.min.js?ver=7.6.1 HTTP/2.0" 304 - "https://star-poe.com.ua/wp-admin/admin.php?page=wc-settings&tab=shipping" "Mozilla/5.0 (Macintosh; Intel Mac OS X 10_15_7) AppleWebKit/537.36 (KHTML, like Gecko) Chrome/112.0.0.0 Safari/537.36"
94.178.113.124 - - [04/May/2023:22:13:32 +0300] "GET /wp-json/wc-admin/options?options=woocommerce_allow_tracking&_locale=user HTTP/2.0" 200 35 "https://star-poe.com.ua/wp-admin/admin.php?page=wc-settings&tab=shipping" "Mozilla/5.0 (Macintosh; Intel Mac OS X 10_15_7) AppleWebKit/537.36 (KHTML, like Gecko) Chrome/112.0.0.0 Safari/537.36"
94.178.113.124 - - [04/May/2023:22:13:32 +0300] "GET /wp-json/wc-admin/options?options=woocommerce_show_marketplace_suggestions&_locale=user HTTP/2.0" 200 50 "https://star-poe.com.ua/wp-admin/admin.php?page=wc-settings&tab=shipping" "Mozilla/5.0 (Macintosh; Intel Mac OS X 10_15_7) AppleWebKit/537.36 (KHTML, like Gecko) Chrome/112.0.0.0 Safari/537.36"
94.178.113.124 - - [04/May/2023:22:13:39 +0300] "GET /wp-content/plugins/woocommerce/assets/client/admin/chunks/6125.style.css?ver=7.6.1 HTTP/2.0" 200 5250 "https://star-poe.com.ua/wp-admin/admin.php?page=wc-settings&tab=shipping" "Mozilla/5.0 (Macintosh; Intel Mac OS X 10_15_7) AppleWebKit/537.36 (KHTML, like Gecko) Chrome/112.0.0.0 Safari/537.36"
94.178.113.124 - - [04/May/2023:22:13:39 +0300] "GET /wp-content/plugins/woocommerce/assets/client/admin/chunks/shipping-recommendations.js?ver=7.6.1 HTTP/2.0" 200 15013 "https://star-poe.com.ua/wp-admin/admin.php?page=wc-settings&tab=shipping" "Mozilla/5.0 (Macintosh; Intel Mac OS X 10_15_7) AppleWebKit/537.36 (KHTML, like Gecko) Chrome/112.0.0.0 Safari/537.36"
94.178.113.124 - - [04/May/2023:22:13:32 +0300] "GET /wp-json/wc-analytics/admin/notes?page=1&per_page=25&type=error%2Cupdate&status=unactioned&_locale=user HTTP/2.0" 200 1923 "https://star-poe.com.ua/wp-admin/admin.php?page=wc-settings&tab=shipping" "Mozilla/5.0 (Macintosh; Intel Mac OS X 10_15_7) AppleWebKit/537.36 (KHTML, like Gecko) Chrome/112.0.0.0 Safari/537.36"
94.178.113.124 - - [04/May/2023:22:13:32 +0300] "GET /wp-json/wc-admin/options?options=woocommerce_ces_tracks_queue&_locale=user HTTP/2.0" 200 38 "https://star-poe.com.ua/wp-admin/admin.php?page=wc-settings&tab=shipping" "Mozilla/5.0 (Macintosh; Intel Mac OS X 10_15_7) AppleWebKit/537.36 (KHTML, like Gecko) Chrome/112.0.0.0 Safari/537.36"
94.178.113.124 - - [04/May/2023:22:13:32 +0300] "GET /wp-json/wc-admin/onboarding/tasks?_locale=user HTTP/2.0" 200 19371 "https://star-poe.com.ua/wp-admin/admin.php?page=wc-settings&tab=shipping" "Mozilla/5.0 (Macintosh; Intel Mac OS X 10_15_7) AppleWebKit/537.36 (KHTML, like Gecko) Chrome/112.0.0.0 Safari/537.36"
94.178.113.124 - - [04/May/2023:22:13:39 +0300] "GET /wp-json/wc-admin/options?options=woocommerce_admin_created_default_shipping_zones%2Cwoocommerce_admin_reviewed_default_shipping_zones&_locale=user HTTP/2.0" 200 116 "https://star-poe.com.ua/wp-admin/admin.php?page=wc-settings&tab=shipping" "Mozilla/5.0 (Macintosh; Intel Mac OS X 10_15_7) AppleWebKit/537.36 (KHTML, like Gecko) Chrome/112.0.0.0 Safari/537.36"
94.178.113.124 - - [04/May/2023:22:13:39 +0300] "GET /wp-admin/plugins.php HTTP/2.0" 200 - "https://star-poe.com.ua/wp-admin/admin.php?page=wc-settings&tab=shipping" "Mozilla/5.0 (Macintosh; Intel Mac OS X 10_15_7) AppleWebKit/537.36 (KHTML, like Gecko) Chrome/112.0.0.0 Safari/537.36"
94.178.113.124 - - [04/May/2023:22:13:39 +0300] "GET /wp-json/wc-analytics/settings/general?_locale=user HTTP/2.0" 200 322497 "https://star-poe.com.ua/wp-admin/admin.php?page=wc-settings&tab=shipping" "Mozilla/5.0 (Macintosh; Intel Mac OS X 10_15_7) AppleWebKit/537.36 (KHTML, like Gecko) Chrome/112.0.0.0 Safari/537.36"
51.77.52.225 - - [04/May/2023:22:13:45 +0300] "POST /wp-cron.php?doing_wp_cron=1683227624.9215130805969238281250 HTTP/1.1" 200 - "-" "WordPress/6.2; https://star-poe.com.ua"
94.178.113.124 - - [04/May/2023:22:13:39 +0300] "GET /wp-json/wc-admin/onboarding/profile?_locale=user HTTP/2.0" 200 425 "https://star-poe.com.ua/wp-admin/admin.php?page=wc-settings&tab=shipping" "Mozilla/5.0 (Macintosh; Intel Mac OS X 10_15_7) AppleWebKit/537.36 (KHTML, like Gecko) Chrome/112.0.0.0 Safari/537.36"
94.178.113.124 - - [04/May/2023:22:13:40 +0300] "GET /wp-admin/users.php HTTP/2.0" 200 - "https://star-poe.com.ua/wp-admin/admin.php?page=wc-settings&tab=shipping" "Mozilla/5.0 (Macintosh; Intel Mac OS X 10_15_7) AppleWebKit/537.36 (KHTML, like Gecko) Chrome/112.0.0.0 Safari/537.36"
94.178.113.124 - - [04/May/2023:22:13:41 +0300] "GET /wp-json/wc-admin/options?options=woocommerce_task_list_reminder_bar_hidden&_locale=user HTTP/2.0" 200 51 "https://star-poe.com.ua/wp-admin/admin.php?page=wc-settings&tab=shipping" "Mozilla/5.0 (Macintosh; Intel Mac OS X 10_15_7) AppleWebKit/537.36 (KHTML, like Gecko) Chrome/112.0.0.0 Safari/537.36"
94.178.113.124 - - [04/May/2023:22:13:42 +0300] "GET /wp-admin/profile.php HTTP/2.0" 200 173288 "https://star-poe.com.ua/wp-admin/admin.php?page=wc-settings&tab=shipping" "Mozilla/5.0 (Macintosh; Intel Mac OS X 10_15_7) AppleWebKit/537.36 (KHTML, like Gecko) Chrome/112.0.0.0 Safari/537.36"
94.178.113.124 - - [04/May/2023:22:13:50 +0300] "GET /wp-admin/js/application-passwords.min.js?ver=6.2 HTTP/2.0" 200 3002 "https://star-poe.com.ua/wp-admin/profile.php" "Mozilla/5.0 (Macintosh; Intel Mac OS X 10_15_7) AppleWebKit/537.36 (KHTML, like Gecko) Chrome/112.0.0.0 Safari/537.36"
94.178.113.124 - - [04/May/2023:22:13:50 +0300] "GET /wp-content/plugins/woocommerce/assets/js/admin/users.min.js?ver=7.6.1 HTTP/2.0" 200 1917 "https://star-poe.com.ua/wp-admin/profile.php" "Mozilla/5.0 (Macintosh; Intel Mac OS X 10_15_7) AppleWebKit/537.36 (KHTML, like Gecko) Chrome/112.0.0.0 Safari/537.36"
94.178.113.124 - - [04/May/2023:22:14:23 +0300] "GET /wp-admin/users.php HTTP/2.0" 200 117975 "https://star-poe.com.ua/wp-admin/profile.php" "Mozilla/5.0 (Macintosh; Intel Mac OS X 10_15_7) AppleWebKit/537.36 (KHTML, like Gecko) Chrome/112.0.0.0 Safari/537.36"
94.178.113.124 - - [04/May/2023:22:14:28 +0300] "GET /wp-admin/user-edit.php?user_id=2&wp_http_referer=%2Fwp-admin%2Fusers.php HTTP/2.0" 200 174744 "https://star-poe.com.ua/wp-admin/users.php" "Mozilla/5.0 (Macintosh; Intel Mac OS X 10_15_7) AppleWebKit/537.36 (KHTML, like Gecko) Chrome/112.0.0.0 Safari/537.36"
51.77.52.225 - - [04/May/2023:22:15:20 +0300] "POST /wp-cron.php?doing_wp_cron=1683227720.2363049983978271484375 HTTP/1.1" 200 - "-" "WordPress/6.2; https://star-poe.com.ua"
94.178.113.124 - - [04/May/2023:22:15:19 +0300] "GET /my-account/orders/ HTTP/2.0" 200 69527 "https://star-poe.com.ua/my-account/" "Mozilla/5.0 (Macintosh; Intel Mac OS X 10_15_7) AppleWebKit/537.36 (KHTML, like Gecko) Chrome/112.0.0.0 Safari/537.36"
94.178.113.124 - - [04/May/2023:22:15:26 +0300] "GET /my-account/edit-address/ HTTP/2.0" 200 77171 "https://star-poe.com.ua/my-account/orders/" "Mozilla/5.0 (Macintosh; Intel Mac OS X 10_15_7) AppleWebKit/537.36 (KHTML, like Gecko) Chrome/112.0.0.0 Safari/537.36"
94.178.113.124 - - [04/May/2023:22:15:27 +0300] "GET /wp-content/plugins/advanced-product-labels-for-woocommerce/berocket/assets/css/font-awesome.min.css?ver=6.2 HTTP/2.0" 304 - "https://star-poe.com.ua/my-account/edit-address/" "Mozilla/5.0 (Macintosh; Intel Mac OS X 10_15_7) AppleWebKit/537.36 (KHTML, like Gecko) Chrome/112.0.0.0 Safari/537.36"
94.178.113.124 - - [04/May/2023:22:15:27 +0300] "GET /wp-content/plugins/advanced-product-labels-for-woocommerce/css/frontend.css?ver=1.2.5 HTTP/2.0" 304 - "https://star-poe.com.ua/my-account/edit-address/" "Mozilla/5.0 (Macintosh; Intel Mac OS X 10_15_7) AppleWebKit/537.36 (KHTML, like Gecko) Chrome/112.0.0.0 Safari/537.36"
94.178.113.124 - - [04/May/2023:22:15:27 +0300] "GET /wp-content/plugins/advanced-product-labels-for-woocommerce/berocket/assets/tippy/tippy.css?ver=1.2.5 HTTP/2.0" 304 - "https://star-poe.com.ua/my-account/edit-address/" "Mozilla/5.0 (Macintosh; Intel Mac OS X 10_15_7) AppleWebKit/537.36 (KHTML, like Gecko) Chrome/112.0.0.0 Safari/537.36"
94.178.113.124 - - [04/May/2023:22:15:27 +0300] "GET /wp-content/plugins/advanced-product-labels-for-woocommerce/berocket/assets/tippy/tippy.min.js?ver=6.2 HTTP/2.0" 304 - "https://star-poe.com.ua/my-account/edit-address/" "Mozilla/5.0 (Macintosh; Intel Mac OS X 10_15_7) AppleWebKit/537.36 (KHTML, like Gecko) Chrome/112.0.0.0 Safari/537.36"
94.178.113.124 - - [04/May/2023:22:15:27 +0300] "GET /wp-content/plugins/advanced-product-labels-for-woocommerce/js/frontend.js?ver=1.2.5 HTTP/2.0" 304 - "https://star-poe.com.ua/my-account/edit-address/" "Mozilla/5.0 (Macintosh; Intel Mac OS X 10_15_7) AppleWebKit/537.36 (KHTML, like Gecko) Chrome/112.0.0.0 Safari/537.36"
94.178.113.124 - - [04/May/2023:22:15:30 +0300] "POST /wp-admin/admin-ajax.php HTTP/2.0" 200 47 "https://star-poe.com.ua/wp-admin/user-edit.php?user_id=2&wp_http_referer=%2Fwp-admin%2Fusers.php" "Mozilla/5.0 (Macintosh; Intel Mac OS X 10_15_7) AppleWebKit/537.36 (KHTML, like Gecko) Chrome/112.0.0.0 Safari/537.36"
94.178.113.124 - - [04/May/2023:22:15:34 +0300] "GET /my-account/edit-account/ HTTP/2.0" 200 75073 "https://star-poe.com.ua/my-account/edit-address/" "Mozilla/5.0 (Macintosh; Intel Mac OS X 10_15_7) AppleWebKit/537.36 (KHTML, like Gecko) Chrome/112.0.0.0 Safari/537.36"
51.77.52.225 - - [04/May/2023:22:15:46 +0300] "POST /wp-cron.php?doing_wp_cron=1683227746.6772000789642333984375 HTTP/1.1" 200 - "-" "WordPress/6.2; https://star-poe.com.ua"
94.178.113.124 - - [04/May/2023:22:15:46 +0300] "GET / HTTP/2.0" 200 91289 "https://star-poe.com.ua/my-account/edit-account/" "Mozilla/5.0 (Macintosh; Intel Mac OS X 10_15_7) AppleWebKit/537.36 (KHTML, like Gecko) Chrome/112.0.0.0 Safari/537.36"
94.178.113.124 - - [04/May/2023:22:15:49 +0300] "GET / HTTP/2.0" 200 91289 "-" "Mozilla/5.0 (Macintosh; Intel Mac OS X 10_15_7) AppleWebKit/537.36 (KHTML, like Gecko) Chrome/112.0.0.0 Safari/537.36"
94.178.113.124 - - [04/May/2023:22:15:52 +0300] "GET /edit-account/?page_id=9 HTTP/2.0" 301 - "https://star-poe.com.ua/" "Mozilla/5.0 (Macintosh; Intel Mac OS X 10_15_7) AppleWebKit/537.36 (KHTML, like Gecko) Chrome/112.0.0.0 Safari/537.36"
94.178.113.124 - - [04/May/2023:22:15:53 +0300] "GET /my-account/ HTTP/2.0" 200 67653 "https://star-poe.com.ua/" "Mozilla/5.0 (Macintosh; Intel Mac OS X 10_15_7) AppleWebKit/537.36 (KHTML, like Gecko) Chrome/112.0.0.0 Safari/537.36"
94.178.113.124 - - [04/May/2023:22:15:54 +0300] "GET /customer-logout/?page_id=9&_wpnonce=9a2f32092e HTTP/2.0" 301 - "https://star-poe.com.ua/my-account/" "Mozilla/5.0 (Macintosh; Intel Mac OS X 10_15_7) AppleWebKit/537.36 (KHTML, like Gecko) Chrome/112.0.0.0 Safari/537.36"
94.178.113.124 - - [04/May/2023:22:15:55 +0300] "GET /my-account/?_wpnonce=9a2f32092e HTTP/2.0" 200 67653 "https://star-poe.com.ua/my-account/" "Mozilla/5.0 (Macintosh; Intel Mac OS X 10_15_7) AppleWebKit/537.36 (KHTML, like Gecko) Chrome/112.0.0.0 Safari/537.36"
94.178.113.124 - - [04/May/2023:22:15:57 +0300] "GET / HTTP/2.0" 200 91289 "https://star-poe.com.ua/my-account/?_wpnonce=9a2f32092e" "Mozilla/5.0 (Macintosh; Intel Mac OS X 10_15_7) AppleWebKit/537.36 (KHTML, like Gecko) Chrome/112.0.0.0 Safari/537.36"
94.178.113.124 - - [04/May/2023:22:15:59 +0300] "GET /customer-logout/?page_id=9&_wpnonce=9a2f32092e HTTP/2.0" 301 - "https://star-poe.com.ua/" "Mozilla/5.0 (Macintosh; Intel Mac OS X 10_15_7) AppleWebKit/537.36 (KHTML, like Gecko) Chrome/112.0.0.0 Safari/537.36"
94.178.113.124 - - [04/May/2023:22:16:00 +0300] "GET /my-account/?_wpnonce=9a2f32092e HTTP/2.0" 200 67653 "https://star-poe.com.ua/" "Mozilla/5.0 (Macintosh; Intel Mac OS X 10_15_7) AppleWebKit/537.36 (KHTML, like Gecko) Chrome/112.0.0.0 Safari/537.36"
94.178.113.124 - - [04/May/2023:22:16:01 +0300] "GET /edit-account/?page_id=9 HTTP/2.0" 301 - "https://star-poe.com.ua/my-account/?_wpnonce=9a2f32092e" "Mozilla/5.0 (Macintosh; Intel Mac OS X 10_15_7) AppleWebKit/537.36 (KHTML, like Gecko) Chrome/112.0.0.0 Safari/537.36"
94.178.113.124 - - [04/May/2023:22:16:02 +0300] "GET /my-account/ HTTP/2.0" 200 67653 "https://star-poe.com.ua/my-account/?_wpnonce=9a2f32092e" "Mozilla/5.0 (Macintosh; Intel Mac OS X 10_15_7) AppleWebKit/537.36 (KHTML, like Gecko) Chrome/112.0.0.0 Safari/537.36"
94.178.113.124 - - [04/May/2023:22:16:04 +0300] "GET /customer-logout/?page_id=9&_wpnonce=9a2f32092e HTTP/2.0" 301 - "https://star-poe.com.ua/my-account/" "Mozilla/5.0 (Macintosh; Intel Mac OS X 10_15_7) AppleWebKit/537.36 (KHTML, like Gecko) Chrome/112.0.0.0 Safari/537.36"
94.178.113.124 - - [04/May/2023:22:16:04 +0300] "GET /my-account/?_wpnonce=9a2f32092e HTTP/2.0" 200 67653 "https://star-poe.com.ua/my-account/" "Mozilla/5.0 (Macintosh; Intel Mac OS X 10_15_7) AppleWebKit/537.36 (KHTML, like Gecko) Chrome/112.0.0.0 Safari/537.36"
94.178.113.124 - - [04/May/2023:22:16:07 +0300] "GET /customer-logout/?page_id=9&_wpnonce=9a2f32092e HTTP/2.0" 301 - "https://star-poe.com.ua/my-account/?_wpnonce=9a2f32092e" "Mozilla/5.0 (Macintosh; Intel Mac OS X 10_15_7) AppleWebKit/537.36 (KHTML, like Gecko) Chrome/112.0.0.0 Safari/537.36"
94.178.113.124 - - [04/May/2023:22:16:07 +0300] "GET /my-account/?_wpnonce=9a2f32092e HTTP/2.0" 200 67653 "https://star-poe.com.ua/my-account/?_wpnonce=9a2f32092e" "Mozilla/5.0 (Macintosh; Intel Mac OS X 10_15_7) AppleWebKit/537.36 (KHTML, like Gecko) Chrome/112.0.0.0 Safari/537.36"
94.178.113.124 - - [04/May/2023:22:16:09 +0300] "GET /my-account/customer-logout/?_wpnonce=604c795720 HTTP/2.0" 302 - "https://star-poe.com.ua/my-account/?_wpnonce=9a2f32092e" "Mozilla/5.0 (Macintosh; Intel Mac OS X 10_15_7) AppleWebKit/537.36 (KHTML, like Gecko) Chrome/112.0.0.0 Safari/537.36"
94.178.113.124 - - [04/May/2023:22:16:10 +0300] "GET /wp-login.php?action=logout&redirect_to=https%3A%2F%2Fstar-poe.com.ua%2Fmy-account%2F&_wpnonce=87177712d5 HTTP/2.0" 302 - "https://star-poe.com.ua/my-account/?_wpnonce=9a2f32092e" "Mozilla/5.0 (Macintosh; Intel Mac OS X 10_15_7) AppleWebKit/537.36 (KHTML, like Gecko) Chrome/112.0.0.0 Safari/537.36"
94.178.113.124 - - [04/May/2023:22:16:10 +0300] "GET /my-account/ HTTP/2.0" 200 68299 "https://star-poe.com.ua/my-account/?_wpnonce=9a2f32092e" "Mozilla/5.0 (Macintosh; Intel Mac OS X 10_15_7) AppleWebKit/537.36 (KHTML, like Gecko) Chrome/112.0.0.0 Safari/537.36"
94.178.113.124 - - [04/May/2023:22:16:28 +0300] "GET /wp-content/plugins/wordpress-seo/css/dist/dashboard-2060.css HTTP/2.0" 304 - "https://star-poe.com.ua/wp-admin/index.php" "Mozilla/5.0 (Macintosh; Intel Mac OS X 10_15_7) AppleWebKit/537.36 (KHTML, like Gecko) Chrome/112.0.0.0 Safari/537.36"
94.178.113.124 - - [04/May/2023:22:16:29 +0300] "GET /wp-content/plugins/woocommerce/assets/css/dashboard.css?ver=7.6.1 HTTP/2.0" 304 - "https://star-poe.com.ua/wp-admin/index.php" "Mozilla/5.0 (Macintosh; Intel Mac OS X 10_15_7) AppleWebKit/537.36 (KHTML, like Gecko) Chrome/112.0.0.0 Safari/537.36"
94.178.113.124 - - [04/May/2023:22:16:29 +0300] "GET /wp-content/plugins/woocommerce/assets/js/admin/reports.min.js?ver=7.6.1 HTTP/2.0" 304 - "https://star-poe.com.ua/wp-admin/index.php" "Mozilla/5.0 (Macintosh; Intel Mac OS X 10_15_7) AppleWebKit/537.36 (KHTML, like Gecko) Chrome/112.0.0.0 Safari/537.36"
94.178.113.124 - - [04/May/2023:22:16:29 +0300] "GET /wp-content/plugins/woocommerce/assets/js/jquery-flot/jquery.flot.min.js?ver=7.6.1 HTTP/2.0" 304 - "https://star-poe.com.ua/wp-admin/index.php" "Mozilla/5.0 (Macintosh; Intel Mac OS X 10_15_7) AppleWebKit/537.36 (KHTML, like Gecko) Chrome/112.0.0.0 Safari/537.36"
94.178.113.124 - - [04/May/2023:22:16:29 +0300] "GET /wp-content/plugins/woocommerce/assets/js/jquery-flot/jquery.flot.time.min.js?ver=7.6.1 HTTP/2.0" 304 - "https://star-poe.com.ua/wp-admin/index.php" "Mozilla/5.0 (Macintosh; Intel Mac OS X 10_15_7) AppleWebKit/537.36 (KHTML, like Gecko) Chrome/112.0.0.0 Safari/537.36"
94.178.113.124 - - [04/May/2023:22:16:29 +0300] "GET /wp-content/plugins/woocommerce/assets/js/jquery-flot/jquery.flot.resize.min.js?ver=7.6.1 HTTP/2.0" 304 - "https://star-poe.com.ua/wp-admin/index.php" "Mozilla/5.0 (Macintosh; Intel Mac OS X 10_15_7) AppleWebKit/537.36 (KHTML, like Gecko) Chrome/112.0.0.0 Safari/537.36"
94.178.113.124 - - [04/May/2023:22:16:26 +0300] "GET /wp-admin/index.php HTTP/2.0" 200 529797 "https://star-poe.com.ua/wp-admin/user-edit.php?user_id=2&wp_http_referer=%2Fwp-admin%2Fusers.php" "Mozilla/5.0 (Macintosh; Intel Mac OS X 10_15_7) AppleWebKit/537.36 (KHTML, like Gecko) Chrome/112.0.0.0 Safari/537.36"
94.178.113.124 - - [04/May/2023:22:16:29 +0300] "GET /wp-content/plugins/woocommerce/assets/js/jquery-flot/jquery.flot.pie.min.js?ver=7.6.1 HTTP/2.0" 304 - "https://star-poe.com.ua/wp-admin/index.php" "Mozilla/5.0 (Macintosh; Intel Mac OS X 10_15_7) AppleWebKit/537.36 (KHTML, like Gecko) Chrome/112.0.0.0 Safari/537.36"
94.178.113.124 - - [04/May/2023:22:16:28 +0300] "GET /wp-admin/load-styles.php?c=0&dir=ltr&load%5Bchunk_0%5D=dashicons,admin-bar,site-health,common,forms,admin-menu,dashboard,list-tables,edit,revisions,media,themes,about,nav-menus,wp-poi&load%5Bchunk_1%5D=nter,widgets,site-icon,l10n,buttons,wp-auth-check,wp-color-picker&ver=6.2 HTTP/2.0" 200 395238 "https://star-poe.com.ua/wp-admin/index.php" "Mozilla/5.0 (Macintosh; Intel Mac OS X 10_15_7) AppleWebKit/537.36 (KHTML, like Gecko) Chrome/112.0.0.0 Safari/537.36"
94.178.113.124 - - [04/May/2023:22:16:29 +0300] "GET /wp-content/plugins/woocommerce/assets/js/jquery-flot/jquery.flot.stack.min.js?ver=7.6.1 HTTP/2.0" 304 - "https://star-poe.com.ua/wp-admin/index.php" "Mozilla/5.0 (Macintosh; Intel Mac OS X 10_15_7) AppleWebKit/537.36 (KHTML, like Gecko) Chrome/112.0.0.0 Safari/537.36"
94.178.113.124 - - [04/May/2023:22:16:29 +0300] "GET /wp-content/plugins/wordpress-seo/js/dist/dashboard-widget.js?ver=b19cfeb33f205d06dc8f1e67159f649a HTTP/2.0" 304 - "https://star-poe.com.ua/wp-admin/index.php" "Mozilla/5.0 (Macintosh; Intel Mac OS X 10_15_7) AppleWebKit/537.36 (KHTML, like Gecko) Chrome/112.0.0.0 Safari/537.36"
94.178.113.124 - - [04/May/2023:22:16:29 +0300] "GET /wp-content/plugins/wordpress-seo/packages/js/images/Yoast_SEO_Icon.svg HTTP/2.0" 304 - "https://star-poe.com.ua/wp-content/plugins/wordpress-seo/css/dist/dashboard-2060.css" "Mozilla/5.0 (Macintosh; Intel Mac OS X 10_15_7) AppleWebKit/537.36 (KHTML, like Gecko) Chrome/112.0.0.0 Safari/537.36"
94.178.113.124 - - [04/May/2023:22:16:29 +0300] "GET /wp-content/plugins/google-site-kit/dist/assets/js/googlesitekit-vendor-134c6e6e324fdd7d5926.js HTTP/2.0" 200 1184626 "https://star-poe.com.ua/wp-admin/index.php" "Mozilla/5.0 (Macintosh; Intel Mac OS X 10_15_7) AppleWebKit/537.36 (KHTML, like Gecko) Chrome/112.0.0.0 Safari/537.36"
94.178.113.124 - - [04/May/2023:22:16:29 +0300] "GET /wp-content/plugins/google-site-kit/dist/assets/js/googlesitekit-wp-dashboard-a39ff88870d0d0a0e5e9.js HTTP/2.0" 200 247045 "https://star-poe.com.ua/wp-admin/index.php" "Mozilla/5.0 (Macintosh; Intel Mac OS X 10_15_7) AppleWebKit/537.36 (KHTML, like Gecko) Chrome/112.0.0.0 Safari/537.36"
94.178.113.124 - - [04/May/2023:22:16:30 +0300] "GET /wp-json/yoast/v1/statistics HTTP/2.0" 200 1176 "https://star-poe.com.ua/wp-admin/index.php" "Mozilla/5.0 (Macintosh; Intel Mac OS X 10_15_7) AppleWebKit/537.36 (KHTML, like Gecko) Chrome/112.0.0.0 Safari/537.36"
94.178.113.124 - - [04/May/2023:22:16:30 +0300] "POST /wp-admin/admin-ajax.php HTTP/2.0" 200 101 "https://star-poe.com.ua/wp-admin/index.php" "Mozilla/5.0 (Macintosh; Intel Mac OS X 10_15_7) AppleWebKit/537.36 (KHTML, like Gecko) Chrome/112.0.0.0 Safari/537.36"
94.178.113.124 - - [04/May/2023:22:16:30 +0300] "GET /wp-admin/admin-ajax.php?action=dashboard-widgets&widget=dashboard_primary&pagenow=dashboard HTTP/2.0" 200 969 "https://star-poe.com.ua/wp-admin/index.php" "Mozilla/5.0 (Macintosh; Intel Mac OS X 10_15_7) AppleWebKit/537.36 (KHTML, like Gecko) Chrome/112.0.0.0 Safari/537.36"
94.178.113.124 - - [04/May/2023:22:16:33 +0300] "GET /wp-json/google-site-kit/v1/modules/analytics/data/report?metrics%5B0%5D%5Bexpression%5D=ga%3Ausers&metrics%5B0%5D%5Balias%5D=Total%20Users&startDate=2023-04-06&endDate=2023-05-03&compareStartDate=2023-03-09&compareEndDate=2023-04-05&_locale=user HTTP/2.0" 200 507 "https://star-poe.com.ua/wp-admin/index.php" "Mozilla/5.0 (Macintosh; Intel Mac OS X 10_15_7) AppleWebKit/537.36 (KHTML, like Gecko) Chrome/112.0.0.0 Safari/537.36"
94.178.113.124 - - [04/May/2023:22:16:33 +0300] "GET /wp-json/google-site-kit/v1/modules/search-console/data/searchanalytics?startDate=2023-03-09&endDate=2023-05-03&dimensions=date&_locale=user HTTP/2.0" 200 6763 "https://star-poe.com.ua/wp-admin/index.php" "Mozilla/5.0 (Macintosh; Intel Mac OS X 10_15_7) AppleWebKit/537.36 (KHTML, like Gecko) Chrome/112.0.0.0 Safari/537.36"
94.178.113.124 - - [04/May/2023:22:16:33 +0300] "GET /wp-json/google-site-kit/v1/modules/analytics/data/report?metrics%5B0%5D%5Bexpression%5D=ga%3AavgSessionDuration&metrics%5B0%5D%5Balias%5D=Average%20Session%20Duration&dimensions%5B0%5D%5Bname%5D=ga%3Adate&startDate=2023-04-06&endDate=2023-05-03&compareStartDate=2023-03-09&compareEndDate=2023-04-05&limit=10&_locale=user HTTP/2.0" 200 1293 "https://star-poe.com.ua/wp-admin/index.php" "Mozilla/5.0 (Macintosh; Intel Mac OS X 10_15_7) AppleWebKit/537.36 (KHTML, like Gecko) Chrome/112.0.0.0 Safari/537.36"
94.178.113.124 - - [04/May/2023:22:16:33 +0300] "GET /wp-json/google-site-kit/v1/modules/analytics/data/report?metrics%5B0%5D%5Bexpression%5D=ga%3Ausers&metrics%5B0%5D%5Balias%5D=Total%20Users&dimensions%5B0%5D%5Bname%5D=ga%3Adate&startDate=2023-04-06&endDate=2023-05-03&compareStartDate=2023-03-09&compareEndDate=2023-04-05&_locale=user HTTP/2.0" 200 4615 "https://star-poe.com.ua/wp-admin/index.php" "Mozilla/5.0 (Macintosh; Intel Mac OS X 10_15_7) AppleWebKit/537.36 (KHTML, like Gecko) Chrome/112.0.0.0 Safari/537.36"
51.77.52.225 - - [04/May/2023:22:16:42 +0300] "POST /wp-cron.php?doing_wp_cron=1683227802.8171188831329345703125 HTTP/1.1" 200 - "-" "WordPress/6.2; https://star-poe.com.ua"
94.178.113.124 - - [04/May/2023:22:16:33 +0300] "GET /wp-json/google-site-kit/v1/modules/analytics/data/report?metrics%5B0%5D%5Bexpression%5D=ga%3Apageviews&metrics%5B0%5D%5Balias%5D=Pageviews&dimensions%5B0%5D%5Bname%5D=ga%3ApagePath&startDate=2023-04-06&endDate=2023-05-03&compareStartDate=2023-03-09&compareEndDate=2023-04-05&orderby%5B0%5D%5BfieldName%5D=ga%3Apageviews&orderby%5B0%5D%5BsortOrder%5D=DESCENDING&limit=5&_locale=user HTTP/2.0" 200 865 "https://star-poe.com.ua/wp-admin/index.php" "Mozilla/5.0 (Macintosh; Intel Mac OS X 10_15_7) AppleWebKit/537.36 (KHTML, like Gecko) Chrome/112.0.0.0 Safari/537.36"
94.178.113.124 - - [04/May/2023:22:16:33 +0300] "GET /wp-json/google-site-kit/v1/modules/analytics/data/report?metrics%5B0%5D%5Bexpression%5D=ga%3Ausers&dimensions%5B0%5D%5Bname%5D=ga%3Adate&startDate=2023-04-06&endDate=2023-05-03&_locale=user HTTP/2.0" 200 2001 "https://star-poe.com.ua/wp-admin/index.php" "Mozilla/5.0 (Macintosh; Intel Mac OS X 10_15_7) AppleWebKit/537.36 (KHTML, like Gecko) Chrome/112.0.0.0 Safari/537.36"
94.178.113.124 - - [04/May/2023:22:16:38 +0300] "GET /wp-admin/options-general.php HTTP/2.0" 200 147970 "https://star-poe.com.ua/wp-admin/index.php" "Mozilla/5.0 (Macintosh; Intel Mac OS X 10_15_7) AppleWebKit/537.36 (KHTML, like Gecko) Chrome/112.0.0.0 Safari/537.36"
94.178.113.124 - - [04/May/2023:22:16:41 +0300] "POST /wp-json/google-site-kit/v1/modules/search-console/data/data-available?_locale=user HTTP/2.0" 200 4 "https://star-poe.com.ua/wp-admin/index.php" "Mozilla/5.0 (Macintosh; Intel Mac OS X 10_15_7) AppleWebKit/537.36 (KHTML, like Gecko) Chrome/112.0.0.0 Safari/537.36"
94.178.113.124 - - [04/May/2023:22:16:45 +0300] "GET /wp-json/google-site-kit/v1/modules/analytics/data/report?metrics%5B0%5D%5Bexpression%5D=ga%3Apageviews&metrics%5B0%5D%5Balias%5D=Pageviews&dimensions%5B0%5D%5Bname%5D=ga%3ApagePath&dimensions%5B1%5D%5Bname%5D=ga%3ApageTitle&startDate=2023-04-06&endDate=2023-05-03&dimensionFilters%5Bga%3ApagePath%5D%5B0%5D=%2F&dimensionFilters%5Bga%3ApagePath%5D%5B1%5D=%2Fcart%2F&dimensionFilters%5Bga%3ApagePath%5D%5B2%5D=%2Fcheckout%2F&dimensionFilters%5Bga%3ApagePath%5D%5B3%5D=%2Fproduct%2Fab-poe-pulse%2F&dimensionFilters%5Bga%3ApagePath%5D%5B4%5D=%2Fproduct%2Ftycon-poe-inj-1000-wt%2F&orderby%5B0%5D%5BfieldName%5D=ga%3Apageviews&orderby%5B0%5D%5BsortOrder%5D=DESCENDING&limit=25&_locale=user HTTP/2.0" 200 - "https://star-poe.com.ua/wp-admin/index.php" "Mozilla/5.0 (Macintosh; Intel Mac OS X 10_15_7) AppleWebKit/537.36 (KHTML, like Gecko) Chrome/112.0.0.0 Safari/537.36"
94.178.113.124 - - [04/May/2023:22:17:14 +0300] "GET /wp-admin/options-privacy.php HTTP/2.0" 200 110454 "https://star-poe.com.ua/wp-admin/options-general.php" "Mozilla/5.0 (Macintosh; Intel Mac OS X 10_15_7) AppleWebKit/537.36 (KHTML, like Gecko) Chrome/112.0.0.0 Safari/537.36"
94.178.113.124 - - [04/May/2023:22:17:27 +0300] "GET /wp-admin/themes.php HTTP/2.0" 200 129185 "https://star-poe.com.ua/wp-admin/options-privacy.php" "Mozilla/5.0 (Macintosh; Intel Mac OS X 10_15_7) AppleWebKit/537.36 (KHTML, like Gecko) Chrome/112.0.0.0 Safari/537.36"
94.178.113.124 - - [04/May/2023:22:17:29 +0300] "GET /wp-admin/nav-menus.php HTTP/2.0" 200 254851 "https://star-poe.com.ua/wp-admin/themes.php" "Mozilla/5.0 (Macintosh; Intel Mac OS X 10_15_7) AppleWebKit/537.36 (KHTML, like Gecko) Chrome/112.0.0.0 Safari/537.36"
51.77.52.225 - - [04/May/2023:22:17:50 +0300] "POST /wp-cron.php?doing_wp_cron=1683227870.9539349079132080078125 HTTP/1.1" 200 - "-" "WordPress/6.2; https://star-poe.com.ua"
94.178.113.124 - - [04/May/2023:22:17:50 +0300] "POST /wp-admin/admin-ajax.php HTTP/2.0" 200 5745 "https://star-poe.com.ua/wp-admin/nav-menus.php" "Mozilla/5.0 (Macintosh; Intel Mac OS X 10_15_7) AppleWebKit/537.36 (KHTML, like Gecko) Chrome/112.0.0.0 Safari/537.36"
94.178.113.124 - - [04/May/2023:22:18:01 +0300] "POST /wp-admin/nav-menus.php HTTP/2.0" 200 249036 "https://star-poe.com.ua/wp-admin/nav-menus.php" "Mozilla/5.0 (Macintosh; Intel Mac OS X 10_15_7) AppleWebKit/537.36 (KHTML, like Gecko) Chrome/112.0.0.0 Safari/537.36"
94.178.113.124 - - [04/May/2023:22:18:06 +0300] "GET / HTTP/2.0" 200 90570 "https://star-poe.com.ua/my-account/" "Mozilla/5.0 (Macintosh; Intel Mac OS X 10_15_7) AppleWebKit/537.36 (KHTML, like Gecko) Chrome/112.0.0.0 Safari/537.36"
94.178.113.124 - - [04/May/2023:22:18:07 +0300] "GET / HTTP/2.0" 200 - "https://star-poe.com.ua/" "Mozilla/5.0 (Macintosh; Intel Mac OS X 10_15_7) AppleWebKit/537.36 (KHTML, like Gecko) Chrome/112.0.0.0 Safari/537.36"
94.178.113.124 - - [04/May/2023:22:18:07 +0300] "GET / HTTP/2.0" 200 - "https://star-poe.com.ua/" "Mozilla/5.0 (Macintosh; Intel Mac OS X 10_15_7) AppleWebKit/537.36 (KHTML, like Gecko) Chrome/112.0.0.0 Safari/537.36"
94.178.113.124 - - [04/May/2023:22:18:08 +0300] "GET /my-account/ HTTP/2.0" 200 68477 "https://star-poe.com.ua/" "Mozilla/5.0 (Macintosh; Intel Mac OS X 10_15_7) AppleWebKit/537.36 (KHTML, like Gecko) Chrome/112.0.0.0 Safari/537.36"
94.178.113.124 - - [04/May/2023:22:18:16 +0300] "GET /product-category/poe/ HTTP/2.0" 200 79568 "https://star-poe.com.ua/my-account/" "Mozilla/5.0 (Macintosh; Intel Mac OS X 10_15_7) AppleWebKit/537.36 (KHTML, like Gecko) Chrome/112.0.0.0 Safari/537.36"
94.178.113.124 - - [04/May/2023:22:18:19 +0300] "GET /product/tycon-poe-inj-1000-wt/ HTTP/2.0" 200 120364 "https://star-poe.com.ua/product-category/poe/" "Mozilla/5.0 (Macintosh; Intel Mac OS X 10_15_7) AppleWebKit/537.36 (KHTML, like Gecko) Chrome/112.0.0.0 Safari/537.36"
94.178.113.124 - - [04/May/2023:22:18:20 +0300] "GET /wp-content/uploads/2023/03/poe-schema-768x364.png?v=1679982517 HTTP/2.0" 200 101054 "https://star-poe.com.ua/product/tycon-poe-inj-1000-wt/" "Mozilla/5.0 (Macintosh; Intel Mac OS X 10_15_7) AppleWebKit/537.36 (KHTML, like Gecko) Chrome/112.0.0.0 Safari/537.36"
94.178.113.124 - - [04/May/2023:22:18:25 +0300] "POST /product/tycon-poe-inj-1000-wt/ HTTP/2.0" 200 120664 "https://star-poe.com.ua/product/tycon-poe-inj-1000-wt/" "Mozilla/5.0 (Macintosh; Intel Mac OS X 10_15_7) AppleWebKit/537.36 (KHTML, like Gecko) Chrome/112.0.0.0 Safari/537.36"
94.178.113.124 - - [04/May/2023:22:18:26 +0300] "POST /?wc-ajax=get_refreshed_fragments HTTP/2.0" 200 3701 "https://star-poe.com.ua/product/tycon-poe-inj-1000-wt/" "Mozilla/5.0 (Macintosh; Intel Mac OS X 10_15_7) AppleWebKit/537.36 (KHTML, like Gecko) Chrome/112.0.0.0 Safari/537.36"
94.178.113.124 - - [04/May/2023:22:18:27 +0300] "GET /cart/ HTTP/2.0" 200 81080 "https://star-poe.com.ua/product/tycon-poe-inj-1000-wt/" "Mozilla/5.0 (Macintosh; Intel Mac OS X 10_15_7) AppleWebKit/537.36 (KHTML, like Gecko) Chrome/112.0.0.0 Safari/537.36"
94.178.113.124 - - [04/May/2023:22:18:32 +0300] "GET /checkout/ HTTP/2.0" 200 96676 "https://star-poe.com.ua/cart/" "Mozilla/5.0 (Macintosh; Intel Mac OS X 10_15_7) AppleWebKit/537.36 (KHTML, like Gecko) Chrome/112.0.0.0 Safari/537.36"
94.178.113.124 - - [04/May/2023:22:18:33 +0300] "POST /?wc-ajax=update_order_review HTTP/2.0" 200 7905 "https://star-poe.com.ua/checkout/" "Mozilla/5.0 (Macintosh; Intel Mac OS X 10_15_7) AppleWebKit/537.36 (KHTML, like Gecko) Chrome/112.0.0.0 Safari/537.36"
51.77.52.225 - - [04/May/2023:22:18:53 +0300] "POST /wp-cron.php?doing_wp_cron=1683227933.1367468833923339843750 HTTP/1.1" 200 - "-" "WordPress/6.2; https://star-poe.com.ua"
94.178.113.124 - - [04/May/2023:22:18:52 +0300] "GET /wp-admin/admin.php?page=wc_ukr_shipping_options HTTP/2.0" 200 114709 "https://star-poe.com.ua/wp-admin/nav-menus.php" "Mozilla/5.0 (Macintosh; Intel Mac OS X 10_15_7) AppleWebKit/537.36 (KHTML, like Gecko) Chrome/112.0.0.0 Safari/537.36"
94.178.113.124 - - [04/May/2023:22:19:39 +0300] "GET /wp-admin/index.php HTTP/2.0" 200 530630 "https://star-poe.com.ua/wp-admin/admin.php?page=wc_ukr_shipping_options" "Mozilla/5.0 (Macintosh; Intel Mac OS X 10_15_7) AppleWebKit/537.36 (KHTML, like Gecko) Chrome/112.0.0.0 Safari/537.36"
51.77.52.225 - - [04/May/2023:22:19:41 +0300] "POST /wp-cron.php?doing_wp_cron=1683227981.3959441184997558593750 HTTP/1.1" 200 - "-" "WordPress/6.2; https://star-poe.com.ua"
94.178.113.124 - - [04/May/2023:22:19:40 +0300] "GET /wp-json/yoast/v1/statistics HTTP/2.0" 200 1176 "https://star-poe.com.ua/wp-admin/index.php" "Mozilla/5.0 (Macintosh; Intel Mac OS X 10_15_7) AppleWebKit/537.36 (KHTML, like Gecko) Chrome/112.0.0.0 Safari/537.36"
51.77.52.225 - - [04/May/2023:22:20:42 +0300] "POST /wp-cron.php?doing_wp_cron=1683228042.1735510826110839843750 HTTP/1.1" 200 - "-" "WordPress/6.2; https://star-poe.com.ua"
94.178.113.124 - - [04/May/2023:22:20:41 +0300] "POST /wp-admin/admin-ajax.php HTTP/2.0" 200 47 "https://star-poe.com.ua/wp-admin/index.php" "Mozilla/5.0 (Macintosh; Intel Mac OS X 10_15_7) AppleWebKit/537.36 (KHTML, like Gecko) Chrome/112.0.0.0 Safari/537.36"
94.178.113.124 - - [04/May/2023:22:21:00 +0300] "GET /my-account/ HTTP/2.0" 200 400559 "-" "Mozilla/5.0 (Macintosh; Intel Mac OS X 10_15_7) AppleWebKit/537.36 (KHTML, like Gecko) Chrome/112.0.0.0 Safari/537.36"
94.178.113.124 - - [04/May/2023:22:21:01 +0300] "GET /wp-content/plugins/advanced-product-labels-for-woocommerce/berocket/assets/css/font-awesome.min.css?ver=6.2 HTTP/2.0" 304 - "https://star-poe.com.ua/my-account/" "Mozilla/5.0 (Macintosh; Intel Mac OS X 10_15_7) AppleWebKit/537.36 (KHTML, like Gecko) Chrome/112.0.0.0 Safari/537.36"
94.178.113.124 - - [04/May/2023:22:21:01 +0300] "GET /wp-content/plugins/advanced-product-labels-for-woocommerce/berocket/assets/tippy/tippy.css?ver=1.2.5 HTTP/2.0" 304 - "https://star-poe.com.ua/my-account/" "Mozilla/5.0 (Macintosh; Intel Mac OS X 10_15_7) AppleWebKit/537.36 (KHTML, like Gecko) Chrome/112.0.0.0 Safari/537.36"
94.178.113.124 - - [04/May/2023:22:21:01 +0300] "GET /wp-content/plugins/advanced-product-labels-for-woocommerce/berocket/assets/tippy/tippy.min.js?ver=6.2 HTTP/2.0" 304 - "https://star-poe.com.ua/my-account/" "Mozilla/5.0 (Macintosh; Intel Mac OS X 10_15_7) AppleWebKit/537.36 (KHTML, like Gecko) Chrome/112.0.0.0 Safari/537.36"
94.178.113.124 - - [04/May/2023:22:21:01 +0300] "GET /wp-content/plugins/advanced-product-labels-for-woocommerce/js/frontend.js?ver=1.2.5 HTTP/2.0" 304 - "https://star-poe.com.ua/my-account/" "Mozilla/5.0 (Macintosh; Intel Mac OS X 10_15_7) AppleWebKit/537.36 (KHTML, like Gecko) Chrome/112.0.0.0 Safari/537.36"
94.178.113.124 - - [04/May/2023:22:21:02 +0300] "POST /?wc-ajax=get_refreshed_fragments HTTP/2.0" 200 924 "https://star-poe.com.ua/my-account/" "Mozilla/5.0 (Macintosh; Intel Mac OS X 10_15_7) AppleWebKit/537.36 (KHTML, like Gecko) Chrome/112.0.0.0 Safari/537.36"
94.178.113.124 - - [04/May/2023:22:21:20 +0300] "GET /my-account/lost-password/?action=newaccount&key=S5CuqKAPsJefl4pqFD2t&login=maksym.pedych HTTP/2.0" 302 - "-" "Mozilla/5.0 (Macintosh; Intel Mac OS X 10_15_7) AppleWebKit/537.36 (KHTML, like Gecko) Chrome/112.0.0.0 Safari/537.36"
94.178.113.124 - - [04/May/2023:22:21:20 +0300] "GET /my-account/lost-password/?show-reset-form=true&action=newaccount HTTP/2.0" 200 71570 "-" "Mozilla/5.0 (Macintosh; Intel Mac OS X 10_15_7) AppleWebKit/537.36 (KHTML, like Gecko) Chrome/112.0.0.0 Safari/537.36"
94.178.113.124 - - [04/May/2023:22:21:21 +0300] "GET /wp-content/plugins/woocommerce/assets/js/frontend/lost-password.min.js?ver=7.6.1 HTTP/2.0" 200 132 "https://star-poe.com.ua/my-account/lost-password/?show-reset-form=true&action=newaccount" "Mozilla/5.0 (Macintosh; Intel Mac OS X 10_15_7) AppleWebKit/537.36 (KHTML, like Gecko) Chrome/112.0.0.0 Safari/537.36"
51.77.52.225 - - [04/May/2023:22:22:04 +0300] "POST /wp-cron.php?doing_wp_cron=1683228124.5839400291442871093750 HTTP/1.1" 200 - "-" "WordPress/6.2; https://star-poe.com.ua"
94.178.113.124 - - [04/May/2023:22:22:03 +0300] "POST /wp-admin/admin-ajax.php HTTP/2.0" 200 47 "https://star-poe.com.ua/wp-admin/index.php" "Mozilla/5.0 (Macintosh; Intel Mac OS X 10_15_7) AppleWebKit/537.36 (KHTML, like Gecko) Chrome/112.0.0.0 Safari/537.36"
94.178.113.124 - - [04/May/2023:22:22:22 +0300] "GET /wp-admin/users.php HTTP/2.0" 200 117973 "https://star-poe.com.ua/wp-admin/index.php" "Mozilla/5.0 (Macintosh; Intel Mac OS X 10_15_7) AppleWebKit/537.36 (KHTML, like Gecko) Chrome/112.0.0.0 Safari/537.36"
94.178.113.124 - - [04/May/2023:22:22:33 +0300] "GET /wp-admin/admin.php?page=wc-settings HTTP/2.0" 200 1111320 "https://star-poe.com.ua/wp-admin/users.php" "Mozilla/5.0 (Macintosh; Intel Mac OS X 10_15_7) AppleWebKit/537.36 (KHTML, like Gecko) Chrome/112.0.0.0 Safari/537.36"
94.178.113.124 - - [04/May/2023:22:22:34 +0300] "GET /wp-json/wc-admin/onboarding/tasks?_locale=user HTTP/2.0" 200 19371 "https://star-poe.com.ua/wp-admin/admin.php?page=wc-settings" "Mozilla/5.0 (Macintosh; Intel Mac OS X 10_15_7) AppleWebKit/537.36 (KHTML, like Gecko) Chrome/112.0.0.0 Safari/537.36"
94.178.113.124 - - [04/May/2023:22:22:34 +0300] "GET /wp-json/wc-admin/options?options=woocommerce_allow_tracking&_locale=user HTTP/2.0" 200 35 "https://star-poe.com.ua/wp-admin/admin.php?page=wc-settings" "Mozilla/5.0 (Macintosh; Intel Mac OS X 10_15_7) AppleWebKit/537.36 (KHTML, like Gecko) Chrome/112.0.0.0 Safari/537.36"
51.77.52.225 - - [04/May/2023:22:22:42 +0300] "POST /wp-cron.php?doing_wp_cron=1683228162.6162950992584228515625 HTTP/1.1" 200 - "-" "WordPress/6.2; https://star-poe.com.ua"
94.178.113.124 - - [04/May/2023:22:22:34 +0300] "GET /wp-json/wc-admin/options?options=woocommerce_ces_tracks_queue&_locale=user HTTP/2.0" 200 38 "https://star-poe.com.ua/wp-admin/admin.php?page=wc-settings" "Mozilla/5.0 (Macintosh; Intel Mac OS X 10_15_7) AppleWebKit/537.36 (KHTML, like Gecko) Chrome/112.0.0.0 Safari/537.36"
94.178.113.124 - - [04/May/2023:22:22:35 +0300] "GET /wp-json/wc-analytics/admin/notes?page=1&per_page=25&type=error%2Cupdate&status=unactioned&_locale=user HTTP/2.0" 200 1923 "https://star-poe.com.ua/wp-admin/admin.php?page=wc-settings" "Mozilla/5.0 (Macintosh; Intel Mac OS X 10_15_7) AppleWebKit/537.36 (KHTML, like Gecko) Chrome/112.0.0.0 Safari/537.36"
51.77.52.225 - - [04/May/2023:22:22:46 +0300] "POST /wp-cron.php?doing_wp_cron=1683228166.4636609554290771484375 HTTP/1.1" 200 - "-" "WordPress/6.2; https://star-poe.com.ua"
94.178.113.124 - - [04/May/2023:22:22:42 +0300] "GET /wp-json/wc-admin/options?options=woocommerce_task_list_reminder_bar_hidden&_locale=user HTTP/2.0" 200 - "https://star-poe.com.ua/wp-admin/admin.php?page=wc-settings" "Mozilla/5.0 (Macintosh; Intel Mac OS X 10_15_7) AppleWebKit/537.36 (KHTML, like Gecko) Chrome/112.0.0.0 Safari/537.36"
94.178.113.124 - - [04/May/2023:22:22:38 +0300] "GET /wp-admin/admin.php?page=wc-settings&tab=account HTTP/2.0" 200 902440 "https://star-poe.com.ua/wp-admin/admin.php?page=wc-settings" "Mozilla/5.0 (Macintosh; Intel Mac OS X 10_15_7) AppleWebKit/537.36 (KHTML, like Gecko) Chrome/112.0.0.0 Safari/537.36"
94.178.113.124 - - [04/May/2023:22:22:47 +0300] "GET /wp-json/wc-admin/options?options=woocommerce_ces_tracks_queue&_locale=user HTTP/2.0" 200 38 "https://star-poe.com.ua/wp-admin/admin.php?page=wc-settings&tab=account" "Mozilla/5.0 (Macintosh; Intel Mac OS X 10_15_7) AppleWebKit/537.36 (KHTML, like Gecko) Chrome/112.0.0.0 Safari/537.36"
94.178.113.124 - - [04/May/2023:22:22:47 +0300] "GET /wp-json/wc-analytics/admin/notes?page=1&per_page=25&type=error%2Cupdate&status=unactioned&_locale=user HTTP/2.0" 200 1923 "https://star-poe.com.ua/wp-admin/admin.php?page=wc-settings&tab=account" "Mozilla/5.0 (Macintosh; Intel Mac OS X 10_15_7) AppleWebKit/537.36 (KHTML, like Gecko) Chrome/112.0.0.0 Safari/537.36"
94.178.113.124 - - [04/May/2023:22:22:46 +0300] "GET /wp-json/wc-admin/options?options=woocommerce_allow_tracking&_locale=user HTTP/2.0" 200 35 "https://star-poe.com.ua/wp-admin/admin.php?page=wc-settings&tab=account" "Mozilla/5.0 (Macintosh; Intel Mac OS X 10_15_7) AppleWebKit/537.36 (KHTML, like Gecko) Chrome/112.0.0.0 Safari/537.36"
94.178.113.124 - - [04/May/2023:22:22:47 +0300] "GET /wp-json/wc-admin/onboarding/tasks?_locale=user HTTP/2.0" 200 19371 "https://star-poe.com.ua/wp-admin/admin.php?page=wc-settings&tab=account" "Mozilla/5.0 (Macintosh; Intel Mac OS X 10_15_7) AppleWebKit/537.36 (KHTML, like Gecko) Chrome/112.0.0.0 Safari/537.36"
94.178.113.124 - - [04/May/2023:22:22:54 +0300] "GET /wp-json/wc-admin/options?options=woocommerce_task_list_reminder_bar_hidden&_locale=user HTTP/2.0" 200 51 "https://star-poe.com.ua/wp-admin/admin.php?page=wc-settings&tab=account" "Mozilla/5.0 (Macintosh; Intel Mac OS X 10_15_7) AppleWebKit/537.36 (KHTML, like Gecko) Chrome/112.0.0.0 Safari/537.36"
94.178.113.124 - - [04/May/2023:22:23:12 +0300] "GET /wp-admin/tools.php HTTP/2.0" 200 102943 "https://star-poe.com.ua/wp-admin/admin.php?page=wc-settings&tab=account" "Mozilla/5.0 (Macintosh; Intel Mac OS X 10_15_7) AppleWebKit/537.36 (KHTML, like Gecko) Chrome/112.0.0.0 Safari/537.36"
94.178.113.124 - - [04/May/2023:22:23:17 +0300] "GET /wp-admin/options-general.php HTTP/2.0" 200 147970 "https://star-poe.com.ua/wp-admin/tools.php" "Mozilla/5.0 (Macintosh; Intel Mac OS X 10_15_7) AppleWebKit/537.36 (KHTML, like Gecko) Chrome/112.0.0.0 Safari/537.36"
94.178.113.124 - - [04/May/2023:22:23:23 +0300] "GET /wp-admin/options-privacy.php HTTP/2.0" 200 110454 "https://star-poe.com.ua/wp-admin/options-general.php" "Mozilla/5.0 (Macintosh; Intel Mac OS X 10_15_7) AppleWebKit/537.36 (KHTML, like Gecko) Chrome/112.0.0.0 Safari/537.36"
94.178.113.124 - - [04/May/2023:22:23:28 +0300] "GET /wp-admin/options-privacy.php?tab=policyguide HTTP/2.0" 200 139791 "https://star-poe.com.ua/wp-admin/options-privacy.php" "Mozilla/5.0 (Macintosh; Intel Mac OS X 10_15_7) AppleWebKit/537.36 (KHTML, like Gecko) Chrome/112.0.0.0 Safari/537.36"
94.178.113.124 - - [04/May/2023:22:23:33 +0300] "GET /wp-admin/admin.php?page=wpcf7 HTTP/2.0" 200 117506 "https://star-poe.com.ua/wp-admin/options-privacy.php?tab=policyguide" "Mozilla/5.0 (Macintosh; Intel Mac OS X 10_15_7) AppleWebKit/537.36 (KHTML, like Gecko) Chrome/112.0.0.0 Safari/537.36"
94.178.113.124 - - [04/May/2023:22:23:34 +0300] "GET /wp-content/plugins/contact-form-7/admin/css/styles.css?ver=5.7.6 HTTP/2.0" 200 8720 "https://star-poe.com.ua/wp-admin/admin.php?page=wpcf7" "Mozilla/5.0 (Macintosh; Intel Mac OS X 10_15_7) AppleWebKit/537.36 (KHTML, like Gecko) Chrome/112.0.0.0 Safari/537.36"
94.178.113.124 - - [04/May/2023:22:23:34 +0300] "GET /wp-includes/js/jquery/ui/tabs.min.js?ver=1.13.2 HTTP/2.0" 200 11937 "https://star-poe.com.ua/wp-admin/admin.php?page=wpcf7" "Mozilla/5.0 (Macintosh; Intel Mac OS X 10_15_7) AppleWebKit/537.36 (KHTML, like Gecko) Chrome/112.0.0.0 Safari/537.36"
94.178.113.124 - - [04/May/2023:22:23:34 +0300] "GET /wp-content/plugins/contact-form-7/admin/js/scripts.js?ver=5.7.6 HTTP/2.0" 200 8330 "https://star-poe.com.ua/wp-admin/admin.php?page=wpcf7" "Mozilla/5.0 (Macintosh; Intel Mac OS X 10_15_7) AppleWebKit/537.36 (KHTML, like Gecko) Chrome/112.0.0.0 Safari/537.36"
94.178.113.124 - - [04/May/2023:22:23:34 +0300] "GET /wp-content/plugins/contact-form-7/admin/js/tag-generator.js?ver=5.7.6 HTTP/2.0" 200 6015 "https://star-poe.com.ua/wp-admin/admin.php?page=wpcf7" "Mozilla/5.0 (Macintosh; Intel Mac OS X 10_15_7) AppleWebKit/537.36 (KHTML, like Gecko) Chrome/112.0.0.0 Safari/537.36"
94.178.113.124 - - [04/May/2023:22:23:38 +0300] "GET /wp-admin/admin.php?page=wpcf7-integration HTTP/2.0" 200 109458 "https://star-poe.com.ua/wp-admin/admin.php?page=wpcf7" "Mozilla/5.0 (Macintosh; Intel Mac OS X 10_15_7) AppleWebKit/537.36 (KHTML, like Gecko) Chrome/112.0.0.0 Safari/537.36"
94.178.113.124 - - [04/May/2023:22:23:44 +0300] "GET /wp-admin/index.php HTTP/2.0" 200 530624 "https://star-poe.com.ua/wp-admin/admin.php?page=wpcf7-integration" "Mozilla/5.0 (Macintosh; Intel Mac OS X 10_15_7) AppleWebKit/537.36 (KHTML, like Gecko) Chrome/112.0.0.0 Safari/537.36"
51.77.52.225 - - [04/May/2023:22:23:46 +0300] "POST /wp-cron.php?doing_wp_cron=1683228226.9884839057922363281250 HTTP/1.1" 200 - "-" "WordPress/6.2; https://star-poe.com.ua"
94.178.113.124 - - [04/May/2023:22:23:46 +0300] "GET /wp-json/yoast/v1/statistics HTTP/2.0" 200 1176 "https://star-poe.com.ua/wp-admin/index.php" "Mozilla/5.0 (Macintosh; Intel Mac OS X 10_15_7) AppleWebKit/537.36 (KHTML, like Gecko) Chrome/112.0.0.0 Safari/537.36"
94.178.113.124 - - [04/May/2023:22:23:53 +0300] "GET /wp-admin/options-general.php HTTP/2.0" 200 147970 "https://star-poe.com.ua/wp-admin/index.php" "Mozilla/5.0 (Macintosh; Intel Mac OS X 10_15_7) AppleWebKit/537.36 (KHTML, like Gecko) Chrome/112.0.0.0 Safari/537.36"
51.77.52.225 - - [04/May/2023:22:24:56 +0300] "POST /wp-cron.php?doing_wp_cron=1683228296.2297909259796142578125 HTTP/1.1" 200 - "-" "WordPress/6.2; https://star-poe.com.ua"
94.178.113.124 - - [04/May/2023:22:24:55 +0300] "POST /wp-admin/admin-ajax.php HTTP/2.0" 200 47 "https://star-poe.com.ua/wp-admin/options-general.php" "Mozilla/5.0 (Macintosh; Intel Mac OS X 10_15_7) AppleWebKit/537.36 (KHTML, like Gecko) Chrome/112.0.0.0 Safari/537.36"
94.178.113.124 - - [04/May/2023:22:25:02 +0300] "GET /wp-admin/plugins.php HTTP/2.0" 200 180363 "https://star-poe.com.ua/wp-admin/options-general.php" "Mozilla/5.0 (Macintosh; Intel Mac OS X 10_15_7) AppleWebKit/537.36 (KHTML, like Gecko) Chrome/112.0.0.0 Safari/537.36"
94.178.113.124 - - [04/May/2023:22:25:06 +0300] "GET /wp-admin/plugin-install.php HTTP/2.0" 200 164018 "https://star-poe.com.ua/wp-admin/plugins.php" "Mozilla/5.0 (Macintosh; Intel Mac OS X 10_15_7) AppleWebKit/537.36 (KHTML, like Gecko) Chrome/112.0.0.0 Safari/537.36"
94.178.113.124 - - [04/May/2023:22:25:12 +0300] "POST /wp-admin/admin-ajax.php HTTP/2.0" 200 136960 "https://star-poe.com.ua/wp-admin/plugin-install.php?s=Password%2520Strength%2520Plugin&tab=search&type=term" "Mozilla/5.0 (Macintosh; Intel Mac OS X 10_15_7) AppleWebKit/537.36 (KHTML, like Gecko) Chrome/112.0.0.0 Safari/537.36"
94.178.113.124 - - [04/May/2023:22:25:18 +0300] "POST /wp-admin/admin-ajax.php HTTP/2.0" 200 317 "https://star-poe.com.ua/wp-admin/plugin-install.php?s=Password%2520Strength%2520Plugin&tab=search&type=term" "Mozilla/5.0 (Macintosh; Intel Mac OS X 10_15_7) AppleWebKit/537.36 (KHTML, like Gecko) Chrome/112.0.0.0 Safari/537.36"
94.178.113.124 - - [04/May/2023:22:25:27 +0300] "POST /wp-admin/admin-ajax.php HTTP/2.0" 200 314 "https://star-poe.com.ua/wp-admin/plugin-install.php?s=Password%2520Strength%2520Plugin&tab=search&type=term" "Mozilla/5.0 (Macintosh; Intel Mac OS X 10_15_7) AppleWebKit/537.36 (KHTML, like Gecko) Chrome/112.0.0.0 Safari/537.36"
94.178.113.124 - - [04/May/2023:22:25:33 +0300] "GET /wp-admin/plugins.php?_wpnonce=4bdfc6bacf&action=activate&plugin=wc-password-strength-settings/wc-password-strength-settings.php HTTP/2.0" 302 - "https://star-poe.com.ua/wp-admin/plugin-install.php?s=Password%2520Strength%2520Plugin&tab=search&type=term" "Mozilla/5.0 (Macintosh; Intel Mac OS X 10_15_7) AppleWebKit/537.36 (KHTML, like Gecko) Chrome/112.0.0.0 Safari/537.36"
94.178.113.124 - - [04/May/2023:22:25:35 +0300] "GET /wp-admin/plugins.php?activate=true&plugin_status=all&paged=1&s= HTTP/2.0" 200 186961 "https://star-poe.com.ua/wp-admin/plugin-install.php?s=Password%2520Strength%2520Plugin&tab=search&type=term" "Mozilla/5.0 (Macintosh; Intel Mac OS X 10_15_7) AppleWebKit/537.36 (KHTML, like Gecko) Chrome/112.0.0.0 Safari/537.36"
51.77.52.225 - - [04/May/2023:22:25:49 +0300] "POST /wp-cron.php?doing_wp_cron=1683228349.5778899192810058593750 HTTP/1.1" 200 - "-" "WordPress/6.2; https://star-poe.com.ua"
94.178.113.124 - - [04/May/2023:22:25:49 +0300] "POST /wp-admin/admin-ajax.php HTTP/2.0" 200 219 "https://star-poe.com.ua/wp-admin/plugins.php?plugin_status=all&paged=1&s" "Mozilla/5.0 (Macintosh; Intel Mac OS X 10_15_7) AppleWebKit/537.36 (KHTML, like Gecko) Chrome/112.0.0.0 Safari/537.36"
94.178.113.124 - - [04/May/2023:22:25:55 +0300] "GET /wp-admin/plugin-install.php?tab=plugin-information&plugin=wc-password-strength-settings& HTTP/2.0" 200 75602 "https://star-poe.com.ua/wp-admin/plugins.php?plugin_status=all&paged=1&s" "Mozilla/5.0 (Macintosh; Intel Mac OS X 10_15_7) AppleWebKit/537.36 (KHTML, like Gecko) Chrome/112.0.0.0 Safari/537.36"
94.178.113.124 - - [04/May/2023:22:25:55 +0300] "GET /wp-admin/load-styles.php?c=0&dir=ltr&load%5Bchunk_0%5D=dashicons,common,forms,admin-menu,dashboard,list-tables,edit,revisions,media,themes,about,nav-menus,wp-pointer,widgets,site-icon&load%5Bchunk_1%5D=,l10n,buttons,wp-color-picker&ver=6.2 HTTP/2.0" 200 367802 "https://star-poe.com.ua/wp-admin/plugin-install.php?tab=plugin-information&plugin=wc-password-strength-settings&" "Mozilla/5.0 (Macintosh; Intel Mac OS X 10_15_7) AppleWebKit/537.36 (KHTML, like Gecko) Chrome/112.0.0.0 Safari/537.36"
94.178.113.124 - - [04/May/2023:22:26:14 +0300] "GET /wp-admin/options-privacy.php HTTP/2.0" 200 110474 "https://star-poe.com.ua/wp-admin/plugins.php?plugin_status=all&paged=1&s" "Mozilla/5.0 (Macintosh; Intel Mac OS X 10_15_7) AppleWebKit/537.36 (KHTML, like Gecko) Chrome/112.0.0.0 Safari/537.36"
94.178.113.124 - - [04/May/2023:22:26:21 +0300] "GET /wp-admin/tools.php HTTP/2.0" 200 102924 "https://star-poe.com.ua/wp-admin/options-privacy.php" "Mozilla/5.0 (Macintosh; Intel Mac OS X 10_15_7) AppleWebKit/537.36 (KHTML, like Gecko) Chrome/112.0.0.0 Safari/537.36"
