134.249.172.11 - - [04/May/2023:22:30:50 +0300] "GET /wp-includes/css/dist/block-library/style.min.css?ver=6.2 HTTP/2.0" 200 97517 "https://star-poe.com.ua/" "Mozilla/5.0 (Windows NT 10.0; Win64; x64) AppleWebKit/537.36 (KHTML, like Gecko) Chrome/112.0.0.0 Safari/537.36"
134.249.172.11 - - [04/May/2023:22:30:50 +0300] "GET /wp-content/plugins/woocommerce/packages/woocommerce-blocks/build/wc-blocks-vendors-style.css?ver=9.8.5 HTTP/2.0" 200 10435 "https://star-poe.com.ua/" "Mozilla/5.0 (Windows NT 10.0; Win64; x64) AppleWebKit/537.36 (KHTML, like Gecko) Chrome/112.0.0.0 Safari/537.36"
134.249.172.11 - - [04/May/2023:22:30:50 +0300] "GET /wp-content/plugins/woocommerce/packages/woocommerce-blocks/build/wc-blocks-style.css?ver=9.8.5 HTTP/2.0" 200 260560 "https://star-poe.com.ua/" "Mozilla/5.0 (Windows NT 10.0; Win64; x64) AppleWebKit/537.36 (KHTML, like Gecko) Chrome/112.0.0.0 Safari/537.36"
134.249.172.11 - - [04/May/2023:22:30:51 +0300] "GET /wp-content/themes/storefront/assets/css/base/gutenberg-blocks.css?ver=4.2.0 HTTP/2.0" 200 42947 "https://star-poe.com.ua/" "Mozilla/5.0 (Windows NT 10.0; Win64; x64) AppleWebKit/537.36 (KHTML, like Gecko) Chrome/112.0.0.0 Safari/537.36"
134.249.172.11 - - [04/May/2023:22:30:51 +0300] "GET /wp-includes/css/classic-themes.min.css?ver=6.2 HTTP/2.0" 200 291 "https://star-poe.com.ua/" "Mozilla/5.0 (Windows NT 10.0; Win64; x64) AppleWebKit/537.36 (KHTML, like Gecko) Chrome/112.0.0.0 Safari/537.36"
134.249.172.11 - - [04/May/2023:22:30:51 +0300] "GET /wp-content/plugins/contact-form-7/includes/css/styles.css?ver=5.7.6 HTTP/2.0" 200 2859 "https://star-poe.com.ua/" "Mozilla/5.0 (Windows NT 10.0; Win64; x64) AppleWebKit/537.36 (KHTML, like Gecko) Chrome/112.0.0.0 Safari/537.36"
134.249.172.11 - - [04/May/2023:22:30:51 +0300] "GET /wp-content/plugins/woocommerce-menu-bar-cart/assets/css/wpmenucart-main.min.css?ver=2.14.0 HTTP/2.0" 200 1002 "https://star-poe.com.ua/" "Mozilla/5.0 (Windows NT 10.0; Win64; x64) AppleWebKit/537.36 (KHTML, like Gecko) Chrome/112.0.0.0 Safari/537.36"
134.249.172.11 - - [04/May/2023:22:30:51 +0300] "GET /wp-content/themes/storefront/style.css?ver=4.2.0 HTTP/2.0" 200 40498 "https://star-poe.com.ua/" "Mozilla/5.0 (Windows NT 10.0; Win64; x64) AppleWebKit/537.36 (KHTML, like Gecko) Chrome/112.0.0.0 Safari/537.36"
134.249.172.11 - - [04/May/2023:22:30:51 +0300] "GET /wp-content/themes/storefront/assets/css/base/icons.css?ver=4.2.0 HTTP/2.0" 200 80267 "https://star-poe.com.ua/" "Mozilla/5.0 (Windows NT 10.0; Win64; x64) AppleWebKit/537.36 (KHTML, like Gecko) Chrome/112.0.0.0 Safari/537.36"
134.249.172.11 - - [04/May/2023:22:30:51 +0300] "GET /wp-content/themes/storefront/assets/css/woocommerce/woocommerce.css?ver=4.2.0 HTTP/2.0" 200 58585 "https://star-poe.com.ua/" "Mozilla/5.0 (Windows NT 10.0; Win64; x64) AppleWebKit/537.36 (KHTML, like Gecko) Chrome/112.0.0.0 Safari/537.36"
134.249.172.11 - - [04/May/2023:22:30:51 +0300] "GET /wp-includes/js/jquery/jquery.min.js?ver=3.6.3 HTTP/2.0" 200 89815 "https://star-poe.com.ua/" "Mozilla/5.0 (Windows NT 10.0; Win64; x64) AppleWebKit/537.36 (KHTML, like Gecko) Chrome/112.0.0.0 Safari/537.36"
134.249.172.11 - - [04/May/2023:22:30:51 +0300] "GET /wp-includes/js/jquery/jquery-migrate.min.js?ver=3.4.0 HTTP/2.0" 200 13424 "https://star-poe.com.ua/" "Mozilla/5.0 (Windows NT 10.0; Win64; x64) AppleWebKit/537.36 (KHTML, like Gecko) Chrome/112.0.0.0 Safari/537.36"
134.249.172.11 - - [04/May/2023:22:30:51 +0300] "GET /wp-content/plugins/woocommerce-menu-bar-cart/assets/js/wpmenucart-ajax-assist.min.js?ver=2.14.0 HTTP/2.0" 200 665 "https://star-poe.com.ua/" "Mozilla/5.0 (Windows NT 10.0; Win64; x64) AppleWebKit/537.36 (KHTML, like Gecko) Chrome/112.0.0.0 Safari/537.36"
134.249.172.11 - - [04/May/2023:22:30:51 +0300] "GET /wp-content/plugins/advanced-product-labels-for-woocommerce/berocket/assets/tippy/tippy.css?ver=1.2.5 HTTP/2.0" 200 19104 "https://star-poe.com.ua/" "Mozilla/5.0 (Windows NT 10.0; Win64; x64) AppleWebKit/537.36 (KHTML, like Gecko) Chrome/112.0.0.0 Safari/537.36"
134.249.172.11 - - [04/May/2023:22:30:51 +0300] "GET /wp-content/plugins/contact-form-7/includes/swv/js/index.js?ver=5.7.6 HTTP/2.0" 200 10241 "https://star-poe.com.ua/" "Mozilla/5.0 (Windows NT 10.0; Win64; x64) AppleWebKit/537.36 (KHTML, like Gecko) Chrome/112.0.0.0 Safari/537.36"
134.249.172.11 - - [04/May/2023:22:30:51 +0300] "GET /wp-content/plugins/contact-form-7/includes/js/index.js?ver=5.7.6 HTTP/2.0" 200 12943 "https://star-poe.com.ua/" "Mozilla/5.0 (Windows NT 10.0; Win64; x64) AppleWebKit/537.36 (KHTML, like Gecko) Chrome/112.0.0.0 Safari/537.36"
134.249.172.11 - - [04/May/2023:22:30:51 +0300] "GET /wp-content/plugins/woocommerce/assets/js/jquery-blockui/jquery.blockUI.min.js?ver=2.7.0-wc.7.6.1 HTTP/2.0" 200 9505 "https://star-poe.com.ua/" "Mozilla/5.0 (Windows NT 10.0; Win64; x64) AppleWebKit/537.36 (KHTML, like Gecko) Chrome/112.0.0.0 Safari/537.36"
134.249.172.11 - - [04/May/2023:22:30:51 +0300] "GET /wp-content/plugins/speed-contact-bar/public/assets/images/phone_dark.svg HTTP/2.0" 200 809 "https://star-poe.com.ua/" "Mozilla/5.0 (Windows NT 10.0; Win64; x64) AppleWebKit/537.36 (KHTML, like Gecko) Chrome/112.0.0.0 Safari/537.36"
134.249.172.11 - - [04/May/2023:22:30:51 +0300] "GET /wp-content/plugins/woocommerce/assets/js/frontend/add-to-cart.min.js?ver=7.6.1 HTTP/2.0" 200 3029 "https://star-poe.com.ua/" "Mozilla/5.0 (Windows NT 10.0; Win64; x64) AppleWebKit/537.36 (KHTML, like Gecko) Chrome/112.0.0.0 Safari/537.36"
134.249.172.11 - - [04/May/2023:22:30:51 +0300] "GET /wp-content/plugins/woocommerce/assets/js/js-cookie/js.cookie.min.js?ver=2.1.4-wc.7.6.1 HTTP/2.0" 200 1834 "https://star-poe.com.ua/" "Mozilla/5.0 (Windows NT 10.0; Win64; x64) AppleWebKit/537.36 (KHTML, like Gecko) Chrome/112.0.0.0 Safari/537.36"
134.249.172.11 - - [04/May/2023:22:30:51 +0300] "GET /wp-content/plugins/woocommerce/assets/js/frontend/woocommerce.min.js?ver=7.6.1 HTTP/2.0" 200 2139 "https://star-poe.com.ua/" "Mozilla/5.0 (Windows NT 10.0; Win64; x64) AppleWebKit/537.36 (KHTML, like Gecko) Chrome/112.0.0.0 Safari/537.36"
134.249.172.11 - - [04/May/2023:22:30:51 +0300] "GET /wp-content/plugins/woocommerce/assets/js/frontend/cart-fragments.min.js?ver=7.6.1 HTTP/2.0" 200 2938 "https://star-poe.com.ua/" "Mozilla/5.0 (Windows NT 10.0; Win64; x64) AppleWebKit/537.36 (KHTML, like Gecko) Chrome/112.0.0.0 Safari/537.36"
134.249.172.11 - - [04/May/2023:22:30:51 +0300] "GET /wp-content/themes/storefront/assets/js/navigation.min.js?ver=4.2.0 HTTP/2.0" 200 3026 "https://star-poe.com.ua/" "Mozilla/5.0 (Windows NT 10.0; Win64; x64) AppleWebKit/537.36 (KHTML, like Gecko) Chrome/112.0.0.0 Safari/537.36"
134.249.172.11 - - [04/May/2023:22:30:51 +0300] "GET /wp-content/themes/storefront/assets/js/woocommerce/header-cart.min.js?ver=4.2.0 HTTP/2.0" 200 532 "https://star-poe.com.ua/" "Mozilla/5.0 (Windows NT 10.0; Win64; x64) AppleWebKit/537.36 (KHTML, like Gecko) Chrome/112.0.0.0 Safari/537.36"
134.249.172.11 - - [04/May/2023:22:30:51 +0300] "GET /wp-content/themes/storefront/assets/js/footer.min.js?ver=4.2.0 HTTP/2.0" 200 746 "https://star-poe.com.ua/" "Mozilla/5.0 (Windows NT 10.0; Win64; x64) AppleWebKit/537.36 (KHTML, like Gecko) Chrome/112.0.0.0 Safari/537.36"
134.249.172.11 - - [04/May/2023:22:30:51 +0300] "GET /wp-content/plugins/advanced-product-labels-for-woocommerce/berocket/assets/tippy/tippy.min.js?ver=6.2 HTTP/2.0" 200 39196 "https://star-poe.com.ua/" "Mozilla/5.0 (Windows NT 10.0; Win64; x64) AppleWebKit/537.36 (KHTML, like Gecko) Chrome/112.0.0.0 Safari/537.36"
134.249.172.11 - - [04/May/2023:22:30:51 +0300] "GET /wp-content/plugins/advanced-product-labels-for-woocommerce/js/frontend.js?ver=1.2.5 HTTP/2.0" 200 5238 "https://star-poe.com.ua/" "Mozilla/5.0 (Windows NT 10.0; Win64; x64) AppleWebKit/537.36 (KHTML, like Gecko) Chrome/112.0.0.0 Safari/537.36"
134.249.172.11 - - [04/May/2023:22:30:51 +0300] "GET /wp-includes/js/wp-emoji-release.min.js?ver=6.2 HTTP/2.0" 200 18692 "https://star-poe.com.ua/" "Mozilla/5.0 (Windows NT 10.0; Win64; x64) AppleWebKit/537.36 (KHTML, like Gecko) Chrome/112.0.0.0 Safari/537.36"
134.249.172.11 - - [04/May/2023:22:30:51 +0300] "GET /wp-content/uploads/2023/03/tycon-poe-main-416x416.png HTTP/2.0" 200 140980 "https://star-poe.com.ua/" "Mozilla/5.0 (Windows NT 10.0; Win64; x64) AppleWebKit/537.36 (KHTML, like Gecko) Chrome/112.0.0.0 Safari/537.36"
134.249.172.11 - - [04/May/2023:22:30:51 +0300] "GET /wp-content/themes/storefront/assets/fonts/fa-solid-900.woff2 HTTP/2.0" 200 79444 "https://star-poe.com.ua/wp-content/themes/storefront/assets/css/base/icons.css?ver=4.2.0" "Mozilla/5.0 (Windows NT 10.0; Win64; x64) AppleWebKit/537.36 (KHTML, like Gecko) Chrome/112.0.0.0 Safari/537.36"
134.249.172.11 - - [04/May/2023:22:30:51 +0300] "GET /wp-content/uploads/2023/04/poe_dc_0-416x416.png HTTP/2.0" 200 126498 "https://star-poe.com.ua/" "Mozilla/5.0 (Windows NT 10.0; Win64; x64) AppleWebKit/537.36 (KHTML, like Gecko) Chrome/112.0.0.0 Safari/537.36"
134.249.172.11 - - [04/May/2023:22:30:51 +0300] "GET /wp-content/uploads/2023/05/ab-we-416x416.png HTTP/2.0" 200 95501 "https://star-poe.com.ua/" "Mozilla/5.0 (Windows NT 10.0; Win64; x64) AppleWebKit/537.36 (KHTML, like Gecko) Chrome/112.0.0.0 Safari/537.36"
134.249.172.11 - - [04/May/2023:22:30:51 +0300] "POST /?wc-ajax=get_refreshed_fragments HTTP/2.0" 200 924 "https://star-poe.com.ua/" "Mozilla/5.0 (Windows NT 10.0; Win64; x64) AppleWebKit/537.36 (KHTML, like Gecko) Chrome/112.0.0.0 Safari/537.36"
134.249.172.11 - - [04/May/2023:22:30:51 +0300] "GET /wp-content/uploads/2023/04/ab-pro-poe_0-removebg-416x416.png HTTP/2.0" 200 92718 "https://star-poe.com.ua/" "Mozilla/5.0 (Windows NT 10.0; Win64; x64) AppleWebKit/537.36 (KHTML, like Gecko) Chrome/112.0.0.0 Safari/537.36"
134.249.172.11 - - [04/May/2023:22:30:51 +0300] "GET /wp-content/uploads/2023/03/xwst-12-48-5a-240w-324x324.png HTTP/2.0" 200 92041 "https://star-poe.com.ua/" "Mozilla/5.0 (Windows NT 10.0; Win64; x64) AppleWebKit/537.36 (KHTML, like Gecko) Chrome/112.0.0.0 Safari/537.36"
134.249.172.11 - - [04/May/2023:22:30:51 +0300] "GET /wp-content/uploads/2023/04/lrs_200_48-324x324.jpeg HTTP/2.0" 200 25165 "https://star-poe.com.ua/" "Mozilla/5.0 (Windows NT 10.0; Win64; x64) AppleWebKit/537.36 (KHTML, like Gecko) Chrome/112.0.0.0 Safari/537.36"
134.249.172.11 - - [04/May/2023:22:30:51 +0300] "GET /wp-content/uploads/2023/03/rj45-socket-and-tailcap-416x416.png HTTP/2.0" 200 49062 "https://star-poe.com.ua/" "Mozilla/5.0 (Windows NT 10.0; Win64; x64) AppleWebKit/537.36 (KHTML, like Gecko) Chrome/112.0.0.0 Safari/537.36"
134.249.172.11 - - [04/May/2023:22:30:51 +0300] "GET /wp-content/uploads/2023/03/rj45-extender-324x324.png HTTP/2.0" 200 87035 "https://star-poe.com.ua/" "Mozilla/5.0 (Windows NT 10.0; Win64; x64) AppleWebKit/537.36 (KHTML, like Gecko) Chrome/112.0.0.0 Safari/537.36"
134.249.172.11 - - [04/May/2023:22:30:51 +0300] "GET /wp-content/uploads/2023/03/rj45-connector-e1679988141462-324x324.png HTTP/2.0" 200 84503 "https://star-poe.com.ua/" "Mozilla/5.0 (Windows NT 10.0; Win64; x64) AppleWebKit/537.36 (KHTML, like Gecko) Chrome/112.0.0.0 Safari/537.36"
134.249.172.11 - - [04/May/2023:22:30:51 +0300] "GET /wp-content/uploads/2023/03/crimper-rj45-416x416.jpg HTTP/2.0" 200 15655 "https://star-poe.com.ua/" "Mozilla/5.0 (Windows NT 10.0; Win64; x64) AppleWebKit/537.36 (KHTML, like Gecko) Chrome/112.0.0.0 Safari/537.36"
134.249.172.11 - - [04/May/2023:22:30:52 +0300] "GET /wp-content/uploads/2023/03/we-7490220123-324x324.png HTTP/2.0" 200 79940 "https://star-poe.com.ua/" "Mozilla/5.0 (Windows NT 10.0; Win64; x64) AppleWebKit/537.36 (KHTML, like Gecko) Chrome/112.0.0.0 Safari/537.36"
134.249.172.11 - - [04/May/2023:22:30:52 +0300] "GET /wp-content/uploads/2023/04/pulse_h6062nl-324x228.jpg HTTP/2.0" 200 11605 "https://star-poe.com.ua/" "Mozilla/5.0 (Windows NT 10.0; Win64; x64) AppleWebKit/537.36 (KHTML, like Gecko) Chrome/112.0.0.0 Safari/537.36"
134.249.172.11 - - [04/May/2023:22:30:52 +0300] "GET /wp-content/uploads/2023/03/v2_starlink_rectangular_dishy-100x100.png HTTP/2.0" 200 5182 "https://star-poe.com.ua/" "Mozilla/5.0 (Windows NT 10.0; Win64; x64) AppleWebKit/537.36 (KHTML, like Gecko) Chrome/112.0.0.0 Safari/537.36"
94.178.113.124 - - [04/May/2023:22:30:54 +0300] "POST /wp-admin/admin.php?page=wc-settings&tab=account HTTP/2.0" 403 2668 "https://star-poe.com.ua/wp-admin/admin.php?page=wc-settings&tab=account" "Mozilla/5.0 (Macintosh; Intel Mac OS X 10_15_7) AppleWebKit/537.36 (KHTML, like Gecko) Chrome/112.0.0.0 Safari/537.36"
94.178.113.124 - - [04/May/2023:22:31:00 +0300] "GET /wp-admin/ HTTP/2.0" 302 - "-" "Mozilla/5.0 (Macintosh; Intel Mac OS X 10_15_7) AppleWebKit/537.36 (KHTML, like Gecko) Chrome/112.0.0.0 Safari/537.36"
94.178.113.124 - - [04/May/2023:22:31:00 +0300] "GET /wp-login.php?redirect_to=https%3A%2F%2Fstar-poe.com.ua%2Fwp-admin%2F&reauth=1 HTTP/2.0" 200 14183 "-" "Mozilla/5.0 (Macintosh; Intel Mac OS X 10_15_7) AppleWebKit/537.36 (KHTML, like Gecko) Chrome/112.0.0.0 Safari/537.36"
94.178.113.124 - - [04/May/2023:22:31:06 +0300] "POST /wp-login.php HTTP/2.0" 302 - "https://star-poe.com.ua/wp-login.php?redirect_to=https%3A%2F%2Fstar-poe.com.ua%2Fwp-admin%2F&reauth=1" "Mozilla/5.0 (Macintosh; Intel Mac OS X 10_15_7) AppleWebKit/537.36 (KHTML, like Gecko) Chrome/112.0.0.0 Safari/537.36"
94.178.113.124 - - [04/May/2023:22:31:06 +0300] "GET /wp-admin/ HTTP/2.0" 200 530631 "https://star-poe.com.ua/wp-login.php?redirect_to=https%3A%2F%2Fstar-poe.com.ua%2Fwp-admin%2F&reauth=1" "Mozilla/5.0 (Macintosh; Intel Mac OS X 10_15_7) AppleWebKit/537.36 (KHTML, like Gecko) Chrome/112.0.0.0 Safari/537.36"
94.178.113.124 - - [04/May/2023:22:31:07 +0300] "GET /wp-json/yoast/v1/statistics HTTP/2.0" 200 1176 "https://star-poe.com.ua/wp-admin/" "Mozilla/5.0 (Macintosh; Intel Mac OS X 10_15_7) AppleWebKit/537.36 (KHTML, like Gecko) Chrome/112.0.0.0 Safari/537.36"
94.178.113.124 - - [04/May/2023:22:31:10 +0300] "GET /wp-admin/admin.php?page=wc-admin HTTP/2.0" 200 1682660 "https://star-poe.com.ua/wp-admin/" "Mozilla/5.0 (Macintosh; Intel Mac OS X 10_15_7) AppleWebKit/537.36 (KHTML, like Gecko) Chrome/112.0.0.0 Safari/537.36"
94.178.113.124 - - [04/May/2023:22:31:11 +0300] "GET /wp-json/wc-admin/options?options=woocommerce_allow_tracking&_locale=user HTTP/2.0" 200 35 "https://star-poe.com.ua/wp-admin/admin.php?page=wc-admin" "Mozilla/5.0 (Macintosh; Intel Mac OS X 10_15_7) AppleWebKit/537.36 (KHTML, like Gecko) Chrome/112.0.0.0 Safari/537.36"
94.178.113.124 - - [04/May/2023:22:31:11 +0300] "POST /wp-json/wc-admin/onboarding/tasks?_locale=user HTTP/2.0" 200 20366 "https://star-poe.com.ua/wp-admin/admin.php?page=wc-admin" "Mozilla/5.0 (Macintosh; Intel Mac OS X 10_15_7) AppleWebKit/537.36 (KHTML, like Gecko) Chrome/112.0.0.0 Safari/537.36"
94.178.113.124 - - [04/May/2023:22:31:11 +0300] "GET /wp-json/wc-admin/options?options=woocommerce_ces_tracks_queue&_locale=user HTTP/2.0" 200 38 "https://star-poe.com.ua/wp-admin/admin.php?page=wc-admin" "Mozilla/5.0 (Macintosh; Intel Mac OS X 10_15_7) AppleWebKit/537.36 (KHTML, like Gecko) Chrome/112.0.0.0 Safari/537.36"
94.178.113.124 - - [04/May/2023:22:31:11 +0300] "GET /wp-json/jetpack/v4/connection/data?_locale=user HTTP/2.0" 200 309 "https://star-poe.com.ua/wp-admin/admin.php?page=wc-admin" "Mozilla/5.0 (Macintosh; Intel Mac OS X 10_15_7) AppleWebKit/537.36 (KHTML, like Gecko) Chrome/112.0.0.0 Safari/537.36"
94.178.113.124 - - [04/May/2023:22:31:11 +0300] "POST /wp-json/wc-admin/options?_locale=user HTTP/2.0" 200 44 "https://star-poe.com.ua/wp-admin/admin.php?page=wc-admin" "Mozilla/5.0 (Macintosh; Intel Mac OS X 10_15_7) AppleWebKit/537.36 (KHTML, like Gecko) Chrome/112.0.0.0 Safari/537.36"
94.178.113.124 - - [04/May/2023:22:31:11 +0300] "GET /wp-json/wc/v3/orders?_fields%5B0%5D=id&page=1&per_page=1&_locale=user HTTP/2.0" 200 12 "https://star-poe.com.ua/wp-admin/admin.php?page=wc-admin" "Mozilla/5.0 (Macintosh; Intel Mac OS X 10_15_7) AppleWebKit/537.36 (KHTML, like Gecko) Chrome/112.0.0.0 Safari/537.36"
94.178.113.124 - - [04/May/2023:22:31:11 +0300] "GET /wp-json/wc-analytics/admin/notes?page=1&per_page=25&type=error%2Cupdate&status=unactioned&_locale=user HTTP/2.0" 200 1923 "https://star-poe.com.ua/wp-admin/admin.php?page=wc-admin" "Mozilla/5.0 (Macintosh; Intel Mac OS X 10_15_7) AppleWebKit/537.36 (KHTML, like Gecko) Chrome/112.0.0.0 Safari/537.36"
94.178.113.124 - - [04/May/2023:22:31:11 +0300] "GET /wp-json/wc-admin/onboarding/profile?_locale=user HTTP/2.0" 200 425 "https://star-poe.com.ua/wp-admin/admin.php?page=wc-admin" "Mozilla/5.0 (Macintosh; Intel Mac OS X 10_15_7) AppleWebKit/537.36 (KHTML, like Gecko) Chrome/112.0.0.0 Safari/537.36"
94.178.113.124 - - [04/May/2023:22:31:11 +0300] "GET /wp-json/wc-analytics/products/low-in-stock?page=1&per_page=1&low_in_stock=true&status=publish&_fields%5B0%5D=id&_locale=user HTTP/2.0" 200 2 "https://star-poe.com.ua/wp-admin/admin.php?page=wc-admin" "Mozilla/5.0 (Macintosh; Intel Mac OS X 10_15_7) AppleWebKit/537.36 (KHTML, like Gecko) Chrome/112.0.0.0 Safari/537.36"
94.178.113.124 - - [04/May/2023:22:31:11 +0300] "GET /wp-json/wc-analytics/orders?page=1&per_page=1&status%5B0%5D=processing&status%5B1%5D=on-hold&_fields%5B0%5D=id&_locale=user HTTP/2.0" 200 12 "https://star-poe.com.ua/wp-admin/admin.php?page=wc-admin" "Mozilla/5.0 (Macintosh; Intel Mac OS X 10_15_7) AppleWebKit/537.36 (KHTML, like Gecko) Chrome/112.0.0.0 Safari/537.36"
94.178.113.124 - - [04/May/2023:22:31:11 +0300] "GET /wp-json/wc-analytics/products/reviews?page=1&per_page=1&status=hold&_embed=1&_fields%5B0%5D=id&_locale=user HTTP/2.0" 200 2 "https://star-poe.com.ua/wp-admin/admin.php?page=wc-admin" "Mozilla/5.0 (Macintosh; Intel Mac OS X 10_15_7) AppleWebKit/537.36 (KHTML, like Gecko) Chrome/112.0.0.0 Safari/537.36"
94.178.113.124 - - [04/May/2023:22:31:11 +0300] "GET /wp-json/wc-analytics/admin/notes?page=1&per_page=5&status=unactioned&type%5B0%5D=info&type%5B1%5D=marketing&type%5B2%5D=survey&type%5B3%5D=warning&orderby=date&order=desc&_fields%5B0%5D=id&_fields%5B1%5D=name&_fields%5B2%5D=title&_fields%5B3%5D=content&_fields%5B4%5D=type&_fields%5B5%5D=status&_fields%5B6%5D=actions&_fields%5B7%5D=date_created&_fields%5B8%5D=date_created_gmt&_fields%5B9%5D=layout&_fields%5B10%5D=image&_fields%5B11%5D=is_deleted&_fields%5B12%5D=is_read&_fields%5B13%5D=locale&_locale=user HTTP/2.0" 200 7154 "https://star-poe.com.ua/wp-admin/admin.php?page=wc-admin" "Mozilla/5.0 (Macintosh; Intel Mac OS X 10_15_7) AppleWebKit/537.36 (KHTML, like Gecko) Chrome/112.0.0.0 Safari/537.36"
94.178.113.124 - - [04/May/2023:22:31:11 +0300] "GET /wp-json/wc/v3/products?status=publish&_fields%5B0%5D=id&page=1&per_page=1&_locale=user HTTP/2.0" 200 12 "https://star-poe.com.ua/wp-admin/admin.php?page=wc-admin" "Mozilla/5.0 (Macintosh; Intel Mac OS X 10_15_7) AppleWebKit/537.36 (KHTML, like Gecko) Chrome/112.0.0.0 Safari/537.36"
94.178.113.124 - - [04/May/2023:22:31:11 +0300] "GET /wp-json/wc-analytics/reports/performance-indicators?after=2023-05-04T00%3A00%3A00&before=2023-05-04T22%3A31%3A11&stats=revenue%2Ftotal_sales%2Corders%2Forders_count&_locale=user HTTP/2.0" 200 627 "https://star-poe.com.ua/wp-admin/admin.php?page=wc-admin" "Mozilla/5.0 (Macintosh; Intel Mac OS X 10_15_7) AppleWebKit/537.36 (KHTML, like Gecko) Chrome/112.0.0.0 Safari/537.36"
94.178.113.124 - - [04/May/2023:22:31:11 +0300] "GET /wp-json/wc-analytics/admin/notes?page=1&per_page=100&status=unactioned&type%5B0%5D=info&type%5B1%5D=marketing&type%5B2%5D=survey&type%5B3%5D=warning&orderby=date&order=desc&_fields%5B0%5D=id&_fields%5B1%5D=name&_fields%5B2%5D=title&_fields%5B3%5D=content&_fields%5B4%5D=type&_fields%5B5%5D=status&_fields%5B6%5D=actions&_fields%5B7%5D=date_created&_fields%5B8%5D=date_created_gmt&_fields%5B9%5D=layout&_fields%5B10%5D=image&_fields%5B11%5D=is_deleted&_fields%5B12%5D=is_read&_fields%5B13%5D=locale&is_read=false&_locale=user HTTP/2.0" 200 22952 "https://star-poe.com.ua/wp-admin/admin.php?page=wc-admin" "Mozilla/5.0 (Macintosh; Intel Mac OS X 10_15_7) AppleWebKit/537.36 (KHTML, like Gecko) Chrome/112.0.0.0 Safari/537.36"
94.178.113.124 - - [04/May/2023:22:31:11 +0300] "GET /wp-json/wc-analytics/reports/performance-indicators?after=2023-05-03T00%3A00%3A00&before=2023-05-03T23%3A59%3A59&stats=revenue%2Ftotal_sales%2Corders%2Forders_count&_locale=user HTTP/2.0" 200 627 "https://star-poe.com.ua/wp-admin/admin.php?page=wc-admin" "Mozilla/5.0 (Macintosh; Intel Mac OS X 10_15_7) AppleWebKit/537.36 (KHTML, like Gecko) Chrome/112.0.0.0 Safari/537.36"
94.178.113.124 - - [04/May/2023:22:31:11 +0300] "GET /wp-json/wc-admin/options?options=woocommerce_welcome_from_calypso_modal_dismissed%2Cwoocommerce_task_list_welcome_modal_dismissed&_locale=user HTTP/2.0" 200 112 "https://star-poe.com.ua/wp-admin/admin.php?page=wc-admin" "Mozilla/5.0 (Macintosh; Intel Mac OS X 10_15_7) AppleWebKit/537.36 (KHTML, like Gecko) Chrome/112.0.0.0 Safari/537.36"
94.178.113.124 - - [04/May/2023:22:31:14 +0300] "POST /wp-json/wc-admin/options?_locale=user HTTP/2.0" 200 44 "https://star-poe.com.ua/wp-admin/admin.php?page=wc-admin" "Mozilla/5.0 (Macintosh; Intel Mac OS X 10_15_7) AppleWebKit/537.36 (KHTML, like Gecko) Chrome/112.0.0.0 Safari/537.36"
94.178.113.124 - - [04/May/2023:22:31:14 +0300] "POST /wp-json/wc-admin/options?_locale=user HTTP/2.0" 200 44 "https://star-poe.com.ua/wp-admin/admin.php?page=wc-admin" "Mozilla/5.0 (Macintosh; Intel Mac OS X 10_15_7) AppleWebKit/537.36 (KHTML, like Gecko) Chrome/112.0.0.0 Safari/537.36"
94.178.113.124 - - [04/May/2023:22:31:14 +0300] "GET /wp-json/wc-admin/options?options=woocommerce_task_list_reminder_bar_hidden%2Cwoocommerce_ces_shown_for_actions&_locale=user HTTP/2.0" 200 93 "https://star-poe.com.ua/wp-admin/admin.php?page=wc-admin" "Mozilla/5.0 (Macintosh; Intel Mac OS X 10_15_7) AppleWebKit/537.36 (KHTML, like Gecko) Chrome/112.0.0.0 Safari/537.36"
94.178.113.124 - - [04/May/2023:22:31:13 +0300] "GET /wp-admin/admin.php?page=wc-settings HTTP/2.0" 200 1111410 "https://star-poe.com.ua/wp-admin/admin.php?page=wc-admin" "Mozilla/5.0 (Macintosh; Intel Mac OS X 10_15_7) AppleWebKit/537.36 (KHTML, like Gecko) Chrome/112.0.0.0 Safari/537.36"
94.178.113.124 - - [04/May/2023:22:31:24 +0300] "GET /wp-json/wc-admin/options?options=woocommerce_allow_tracking&_locale=user HTTP/2.0" 200 35 "https://star-poe.com.ua/wp-admin/admin.php?page=wc-settings" "Mozilla/5.0 (Macintosh; Intel Mac OS X 10_15_7) AppleWebKit/537.36 (KHTML, like Gecko) Chrome/112.0.0.0 Safari/537.36"
94.178.113.124 - - [04/May/2023:22:31:24 +0300] "GET /wp-json/wc-admin/options?options=woocommerce_ces_tracks_queue&_locale=user HTTP/2.0" 200 38 "https://star-poe.com.ua/wp-admin/admin.php?page=wc-settings" "Mozilla/5.0 (Macintosh; Intel Mac OS X 10_15_7) AppleWebKit/537.36 (KHTML, like Gecko) Chrome/112.0.0.0 Safari/537.36"
94.178.113.124 - - [04/May/2023:22:31:24 +0300] "GET /wp-json/wc-analytics/admin/notes?page=1&per_page=25&type=error%2Cupdate&status=unactioned&_locale=user HTTP/2.0" 200 1923 "https://star-poe.com.ua/wp-admin/admin.php?page=wc-settings" "Mozilla/5.0 (Macintosh; Intel Mac OS X 10_15_7) AppleWebKit/537.36 (KHTML, like Gecko) Chrome/112.0.0.0 Safari/537.36"
94.178.113.124 - - [04/May/2023:22:31:24 +0300] "GET /wp-json/wc-admin/onboarding/tasks?_locale=user HTTP/2.0" 200 19371 "https://star-poe.com.ua/wp-admin/admin.php?page=wc-settings" "Mozilla/5.0 (Macintosh; Intel Mac OS X 10_15_7) AppleWebKit/537.36 (KHTML, like Gecko) Chrome/112.0.0.0 Safari/537.36"
94.178.113.124 - - [04/May/2023:22:31:26 +0300] "GET /wp-json/wc-admin/options?options=woocommerce_task_list_reminder_bar_hidden&_locale=user HTTP/2.0" 200 51 "https://star-poe.com.ua/wp-admin/admin.php?page=wc-settings" "Mozilla/5.0 (Macintosh; Intel Mac OS X 10_15_7) AppleWebKit/537.36 (KHTML, like Gecko) Chrome/112.0.0.0 Safari/537.36"
94.178.113.124 - - [04/May/2023:22:31:40 +0300] "GET /wp-admin/admin.php?page=wc-settings&tab=integration HTTP/2.0" 200 887898 "https://star-poe.com.ua/wp-admin/admin.php?page=wc-settings" "Mozilla/5.0 (Macintosh; Intel Mac OS X 10_15_7) AppleWebKit/537.36 (KHTML, like Gecko) Chrome/112.0.0.0 Safari/537.36"
51.77.52.225 - - [04/May/2023:22:31:42 +0300] "POST /wp-cron.php?doing_wp_cron=1683228702.3096430301666259765625 HTTP/1.1" 200 - "-" "WordPress/6.2; https://star-poe.com.ua"
94.178.113.124 - - [04/May/2023:22:31:40 +0300] "GET /wp-json/wc-admin/options?options=woocommerce_ces_tracks_queue&_locale=user HTTP/2.0" 200 38 "https://star-poe.com.ua/wp-admin/admin.php?page=wc-settings&tab=integration" "Mozilla/5.0 (Macintosh; Intel Mac OS X 10_15_7) AppleWebKit/537.36 (KHTML, like Gecko) Chrome/112.0.0.0 Safari/537.36"
94.178.113.124 - - [04/May/2023:22:31:40 +0300] "GET /wp-json/wc-admin/options?options=woocommerce_allow_tracking&_locale=user HTTP/2.0" 200 35 "https://star-poe.com.ua/wp-admin/admin.php?page=wc-settings&tab=integration" "Mozilla/5.0 (Macintosh; Intel Mac OS X 10_15_7) AppleWebKit/537.36 (KHTML, like Gecko) Chrome/112.0.0.0 Safari/537.36"
94.178.113.124 - - [04/May/2023:22:31:40 +0300] "GET /wp-json/wc-admin/onboarding/tasks?_locale=user HTTP/2.0" 200 19371 "https://star-poe.com.ua/wp-admin/admin.php?page=wc-settings&tab=integration" "Mozilla/5.0 (Macintosh; Intel Mac OS X 10_15_7) AppleWebKit/537.36 (KHTML, like Gecko) Chrome/112.0.0.0 Safari/537.36"
94.178.113.124 - - [04/May/2023:22:31:41 +0300] "GET /wp-json/wc-analytics/admin/notes?page=1&per_page=25&type=error%2Cupdate&status=unactioned&_locale=user HTTP/2.0" 200 1923 "https://star-poe.com.ua/wp-admin/admin.php?page=wc-settings&tab=integration" "Mozilla/5.0 (Macintosh; Intel Mac OS X 10_15_7) AppleWebKit/537.36 (KHTML, like Gecko) Chrome/112.0.0.0 Safari/537.36"
94.178.113.124 - - [04/May/2023:22:31:44 +0300] "GET /wp-json/wc-admin/options?options=woocommerce_task_list_reminder_bar_hidden&_locale=user HTTP/2.0" 200 51 "https://star-poe.com.ua/wp-admin/admin.php?page=wc-settings&tab=integration" "Mozilla/5.0 (Macintosh; Intel Mac OS X 10_15_7) AppleWebKit/537.36 (KHTML, like Gecko) Chrome/112.0.0.0 Safari/537.36"
94.178.113.124 - - [04/May/2023:22:31:45 +0300] "GET /wp-admin/admin.php?page=wc-settings&tab=account HTTP/2.0" 200 912458 "https://star-poe.com.ua/wp-admin/admin.php?page=wc-settings&tab=integration" "Mozilla/5.0 (Macintosh; Intel Mac OS X 10_15_7) AppleWebKit/537.36 (KHTML, like Gecko) Chrome/112.0.0.0 Safari/537.36"
94.178.113.124 - - [04/May/2023:22:31:45 +0300] "GET /wp-content/plugins/wc-password-strength-settings/includes/wcpss-script.js?ver=6.2 HTTP/2.0" 304 - "https://star-poe.com.ua/wp-admin/admin.php?page=wc-settings&tab=account" "Mozilla/5.0 (Macintosh; Intel Mac OS X 10_15_7) AppleWebKit/537.36 (KHTML, like Gecko) Chrome/112.0.0.0 Safari/537.36"
94.178.113.124 - - [04/May/2023:22:31:46 +0300] "GET /wp-json/wc-admin/options?options=woocommerce_ces_tracks_queue&_locale=user HTTP/2.0" 200 38 "https://star-poe.com.ua/wp-admin/admin.php?page=wc-settings&tab=account" "Mozilla/5.0 (Macintosh; Intel Mac OS X 10_15_7) AppleWebKit/537.36 (KHTML, like Gecko) Chrome/112.0.0.0 Safari/537.36"
94.178.113.124 - - [04/May/2023:22:31:46 +0300] "GET /wp-json/wc-analytics/admin/notes?page=1&per_page=25&type=error%2Cupdate&status=unactioned&_locale=user HTTP/2.0" 200 1923 "https://star-poe.com.ua/wp-admin/admin.php?page=wc-settings&tab=account" "Mozilla/5.0 (Macintosh; Intel Mac OS X 10_15_7) AppleWebKit/537.36 (KHTML, like Gecko) Chrome/112.0.0.0 Safari/537.36"
94.178.113.124 - - [04/May/2023:22:31:46 +0300] "GET /wp-json/wc-admin/onboarding/tasks?_locale=user HTTP/2.0" 200 19371 "https://star-poe.com.ua/wp-admin/admin.php?page=wc-settings&tab=account" "Mozilla/5.0 (Macintosh; Intel Mac OS X 10_15_7) AppleWebKit/537.36 (KHTML, like Gecko) Chrome/112.0.0.0 Safari/537.36"
94.178.113.124 - - [04/May/2023:22:31:46 +0300] "GET /wp-json/wc-admin/options?options=woocommerce_allow_tracking&_locale=user HTTP/2.0" 200 35 "https://star-poe.com.ua/wp-admin/admin.php?page=wc-settings&tab=account" "Mozilla/5.0 (Macintosh; Intel Mac OS X 10_15_7) AppleWebKit/537.36 (KHTML, like Gecko) Chrome/112.0.0.0 Safari/537.36"
94.178.113.124 - - [04/May/2023:22:31:48 +0300] "GET /wp-json/wc-admin/options?options=woocommerce_task_list_reminder_bar_hidden&_locale=user HTTP/2.0" 200 51 "https://star-poe.com.ua/wp-admin/admin.php?page=wc-settings&tab=account" "Mozilla/5.0 (Macintosh; Intel Mac OS X 10_15_7) AppleWebKit/537.36 (KHTML, like Gecko) Chrome/112.0.0.0 Safari/537.36"
94.178.113.124 - - [04/May/2023:22:32:05 +0300] "POST /wp-admin/admin.php?page=wc-settings&tab=account HTTP/2.0" 200 912578 "https://star-poe.com.ua/wp-admin/admin.php?page=wc-settings&tab=account" "Mozilla/5.0 (Macintosh; Intel Mac OS X 10_15_7) AppleWebKit/537.36 (KHTML, like Gecko) Chrome/112.0.0.0 Safari/537.36"
94.178.113.124 - - [04/May/2023:22:32:05 +0300] "GET /wp-json/wc-admin/options?options=woocommerce_allow_tracking&_locale=user HTTP/2.0" 200 35 "https://star-poe.com.ua/wp-admin/admin.php?page=wc-settings&tab=account" "Mozilla/5.0 (Macintosh; Intel Mac OS X 10_15_7) AppleWebKit/537.36 (KHTML, like Gecko) Chrome/112.0.0.0 Safari/537.36"
94.178.113.124 - - [04/May/2023:22:32:05 +0300] "GET /wp-json/wc-admin/options?options=woocommerce_ces_tracks_queue&_locale=user HTTP/2.0" 200 38 "https://star-poe.com.ua/wp-admin/admin.php?page=wc-settings&tab=account" "Mozilla/5.0 (Macintosh; Intel Mac OS X 10_15_7) AppleWebKit/537.36 (KHTML, like Gecko) Chrome/112.0.0.0 Safari/537.36"
94.178.113.124 - - [04/May/2023:22:32:05 +0300] "GET /wp-json/wc-admin/onboarding/tasks?_locale=user HTTP/2.0" 200 19371 "https://star-poe.com.ua/wp-admin/admin.php?page=wc-settings&tab=account" "Mozilla/5.0 (Macintosh; Intel Mac OS X 10_15_7) AppleWebKit/537.36 (KHTML, like Gecko) Chrome/112.0.0.0 Safari/537.36"
94.178.113.124 - - [04/May/2023:22:32:06 +0300] "GET /wp-json/wc-analytics/admin/notes?page=1&per_page=25&type=error%2Cupdate&status=unactioned&_locale=user HTTP/2.0" 200 1923 "https://star-poe.com.ua/wp-admin/admin.php?page=wc-settings&tab=account" "Mozilla/5.0 (Macintosh; Intel Mac OS X 10_15_7) AppleWebKit/537.36 (KHTML, like Gecko) Chrome/112.0.0.0 Safari/537.36"
94.178.113.124 - - [04/May/2023:22:32:08 +0300] "GET /wp-json/wc-admin/options?options=woocommerce_task_list_reminder_bar_hidden&_locale=user HTTP/2.0" 200 51 "https://star-poe.com.ua/wp-admin/admin.php?page=wc-settings&tab=account" "Mozilla/5.0 (Macintosh; Intel Mac OS X 10_15_7) AppleWebKit/537.36 (KHTML, like Gecko) Chrome/112.0.0.0 Safari/537.36"
94.178.113.124 - - [04/May/2023:22:32:13 +0300] "GET /my-account/lost-password/?reset-link-sent=true HTTP/2.0" 200 70201 "-" "Mozilla/5.0 (Macintosh; Intel Mac OS X 10_15_7) AppleWebKit/537.36 (KHTML, like Gecko) Chrome/112.0.0.0 Safari/537.36"
94.178.113.124 - - [04/May/2023:22:32:16 +0300] "GET /my-account/ HTTP/2.0" 200 68477 "https://star-poe.com.ua/my-account/lost-password/?reset-link-sent=true" "Mozilla/5.0 (Macintosh; Intel Mac OS X 10_15_7) AppleWebKit/537.36 (KHTML, like Gecko) Chrome/112.0.0.0 Safari/537.36"
94.178.113.124 - - [04/May/2023:22:32:23 +0300] "POST /my-account/ HTTP/2.0" 302 - "https://star-poe.com.ua/my-account/" "Mozilla/5.0 (Macintosh; Intel Mac OS X 10_15_7) AppleWebKit/537.36 (KHTML, like Gecko) Chrome/112.0.0.0 Safari/537.36"
94.178.113.124 - - [04/May/2023:22:32:23 +0300] "GET /my-account/ HTTP/2.0" 200 67414 "https://star-poe.com.ua/my-account/" "Mozilla/5.0 (Macintosh; Intel Mac OS X 10_15_7) AppleWebKit/537.36 (KHTML, like Gecko) Chrome/112.0.0.0 Safari/537.36"
94.178.113.124 - - [04/May/2023:22:32:36 +0300] "GET /my-account/edit-account/ HTTP/2.0" 200 74444 "https://star-poe.com.ua/my-account/" "Mozilla/5.0 (Macintosh; Intel Mac OS X 10_15_7) AppleWebKit/537.36 (KHTML, like Gecko) Chrome/112.0.0.0 Safari/537.36"
51.77.52.225 - - [04/May/2023:22:33:06 +0300] "POST /wp-cron.php?doing_wp_cron=1683228786.3014650344848632812500 HTTP/1.1" 200 - "-" "WordPress/6.2; https://star-poe.com.ua"
94.178.113.124 - - [04/May/2023:22:33:06 +0300] "POST /wp-admin/admin-ajax.php HTTP/2.0" 200 47 "https://star-poe.com.ua/wp-admin/admin.php?page=wc-settings&tab=account" "Mozilla/5.0 (Macintosh; Intel Mac OS X 10_15_7) AppleWebKit/537.36 (KHTML, like Gecko) Chrome/112.0.0.0 Safari/537.36"
94.178.113.124 - - [04/May/2023:22:33:10 +0300] "GET /wp-content/plugins/wc-password-strength-settings/includes/wcpss-script.js?ver=6.2 HTTP/2.0" 304 - "https://star-poe.com.ua/wp-admin/admin.php?page=wc-settings&tab=account" "Mozilla/5.0 (Macintosh; Intel Mac OS X 10_15_7) AppleWebKit/537.36 (KHTML, like Gecko) Chrome/112.0.0.0 Safari/537.36"
94.178.113.124 - - [04/May/2023:22:33:09 +0300] "POST /wp-admin/admin.php?page=wc-settings&tab=account HTTP/2.0" 200 912560 "https://star-poe.com.ua/wp-admin/admin.php?page=wc-settings&tab=account" "Mozilla/5.0 (Macintosh; Intel Mac OS X 10_15_7) AppleWebKit/537.36 (KHTML, like Gecko) Chrome/112.0.0.0 Safari/537.36"
94.178.113.124 - - [04/May/2023:22:33:10 +0300] "GET /wp-json/wc-admin/options?options=woocommerce_ces_tracks_queue&_locale=user HTTP/2.0" 200 38 "https://star-poe.com.ua/wp-admin/admin.php?page=wc-settings&tab=account" "Mozilla/5.0 (Macintosh; Intel Mac OS X 10_15_7) AppleWebKit/537.36 (KHTML, like Gecko) Chrome/112.0.0.0 Safari/537.36"
94.178.113.124 - - [04/May/2023:22:33:10 +0300] "GET /wp-json/wc-admin/options?options=woocommerce_allow_tracking&_locale=user HTTP/2.0" 200 35 "https://star-poe.com.ua/wp-admin/admin.php?page=wc-settings&tab=account" "Mozilla/5.0 (Macintosh; Intel Mac OS X 10_15_7) AppleWebKit/537.36 (KHTML, like Gecko) Chrome/112.0.0.0 Safari/537.36"
94.178.113.124 - - [04/May/2023:22:33:10 +0300] "GET /wp-json/wc-analytics/admin/notes?page=1&per_page=25&type=error%2Cupdate&status=unactioned&_locale=user HTTP/2.0" 200 1923 "https://star-poe.com.ua/wp-admin/admin.php?page=wc-settings&tab=account" "Mozilla/5.0 (Macintosh; Intel Mac OS X 10_15_7) AppleWebKit/537.36 (KHTML, like Gecko) Chrome/112.0.0.0 Safari/537.36"
94.178.113.124 - - [04/May/2023:22:33:10 +0300] "GET /wp-json/wc-admin/onboarding/tasks?_locale=user HTTP/2.0" 200 19371 "https://star-poe.com.ua/wp-admin/admin.php?page=wc-settings&tab=account" "Mozilla/5.0 (Macintosh; Intel Mac OS X 10_15_7) AppleWebKit/537.36 (KHTML, like Gecko) Chrome/112.0.0.0 Safari/537.36"
94.178.113.124 - - [04/May/2023:22:33:13 +0300] "GET /wp-json/wc-admin/options?options=woocommerce_task_list_reminder_bar_hidden&_locale=user HTTP/2.0" 200 51 "https://star-poe.com.ua/wp-admin/admin.php?page=wc-settings&tab=account" "Mozilla/5.0 (Macintosh; Intel Mac OS X 10_15_7) AppleWebKit/537.36 (KHTML, like Gecko) Chrome/112.0.0.0 Safari/537.36"
94.178.113.124 - - [04/May/2023:22:33:21 +0300] "GET /wp-admin/users.php HTTP/2.0" 200 120083 "https://star-poe.com.ua/wp-admin/admin.php?page=wc-settings&tab=account" "Mozilla/5.0 (Macintosh; Intel Mac OS X 10_15_7) AppleWebKit/537.36 (KHTML, like Gecko) Chrome/112.0.0.0 Safari/537.36"
94.178.113.124 - - [04/May/2023:22:33:29 +0300] "GET /wp-admin/users.php?s=&_wpnonce=3c6a22523b&_wp_http_referer=%2Fwp-admin%2Fusers.php&action=delete&new_role=&paged=1&users%5B%5D=2&users%5B%5D=3&action2=delete&new_role2= HTTP/2.0" 200 108023 "https://star-poe.com.ua/wp-admin/users.php" "Mozilla/5.0 (Macintosh; Intel Mac OS X 10_15_7) AppleWebKit/537.36 (KHTML, like Gecko) Chrome/112.0.0.0 Safari/537.36"
94.178.113.124 - - [04/May/2023:22:33:31 +0300] "POST /wp-admin/users.php?s&_wpnonce=3c6a22523b&_wp_http_referer=%2Fwp-admin%2Fusers.php&action=delete&new_role&paged=1&users%5B0%5D=2&users%5B1%5D=3&action2=delete&new_role2 HTTP/2.0" 302 - "https://star-poe.com.ua/wp-admin/users.php?s&_wpnonce=3c6a22523b&_wp_http_referer=%2Fwp-admin%2Fusers.php&action=delete&new_role&paged=1&users%5B0%5D=2&users%5B1%5D=3&action2=delete&new_role2" "Mozilla/5.0 (Macintosh; Intel Mac OS X 10_15_7) AppleWebKit/537.36 (KHTML, like Gecko) Chrome/112.0.0.0 Safari/537.36"
94.178.113.124 - - [04/May/2023:22:33:31 +0300] "GET /wp-admin/users.php?delete_count=2&update=del HTTP/2.0" 200 116340 "https://star-poe.com.ua/wp-admin/users.php?s&_wpnonce=3c6a22523b&_wp_http_referer=%2Fwp-admin%2Fusers.php&action=delete&new_role&paged=1&users%5B0%5D=2&users%5B1%5D=3&action2=delete&new_role2" "Mozilla/5.0 (Macintosh; Intel Mac OS X 10_15_7) AppleWebKit/537.36 (KHTML, like Gecko) Chrome/112.0.0.0 Safari/537.36"
94.178.113.124 - - [04/May/2023:22:33:35 +0300] "GET / HTTP/2.0" 200 90570 "https://star-poe.com.ua/my-account/edit-account/" "Mozilla/5.0 (Macintosh; Intel Mac OS X 10_15_7) AppleWebKit/537.36 (KHTML, like Gecko) Chrome/112.0.0.0 Safari/537.36"
94.178.113.124 - - [04/May/2023:22:33:37 +0300] "GET /my-account/ HTTP/2.0" 200 68819 "https://star-poe.com.ua/" "Mozilla/5.0 (Macintosh; Intel Mac OS X 10_15_7) AppleWebKit/537.36 (KHTML, like Gecko) Chrome/112.0.0.0 Safari/537.36"
51.77.52.225 - - [04/May/2023:22:34:18 +0300] "POST /wp-cron.php?doing_wp_cron=1683228858.2437660694122314453125 HTTP/1.1" 200 - "-" "WordPress/6.2; https://star-poe.com.ua"
94.178.113.124 - - [04/May/2023:22:34:18 +0300] "GET /wp-admin/plugins.php HTTP/2.0" 200 183501 "https://star-poe.com.ua/wp-admin/users.php" "Mozilla/5.0 (Macintosh; Intel Mac OS X 10_15_7) AppleWebKit/537.36 (KHTML, like Gecko) Chrome/112.0.0.0 Safari/537.36"
94.178.113.124 - - [04/May/2023:22:34:21 +0300] "POST /wp-admin/admin-ajax.php HTTP/2.0" 200 5250 "https://star-poe.com.ua/wp-admin/plugins.php?s=eka&plugin_status=all" "Mozilla/5.0 (Macintosh; Intel Mac OS X 10_15_7) AppleWebKit/537.36 (KHTML, like Gecko) Chrome/112.0.0.0 Safari/537.36"
94.178.113.124 - - [04/May/2023:22:34:23 +0300] "POST /wp-admin/admin-ajax.php HTTP/2.0" 200 5292 "https://star-poe.com.ua/wp-admin/plugins.php?s=email%20as%20&plugin_status=all" "Mozilla/5.0 (Macintosh; Intel Mac OS X 10_15_7) AppleWebKit/537.36 (KHTML, like Gecko) Chrome/112.0.0.0 Safari/537.36"
94.178.113.124 - - [04/May/2023:22:34:25 +0300] "GET /wp-admin/plugin-install.php HTTP/2.0" 200 164188 "https://star-poe.com.ua/wp-admin/plugins.php?s=email%20as%20&plugin_status=all" "Mozilla/5.0 (Macintosh; Intel Mac OS X 10_15_7) AppleWebKit/537.36 (KHTML, like Gecko) Chrome/112.0.0.0 Safari/537.36"
94.178.113.124 - - [04/May/2023:22:34:31 +0300] "POST /wp-admin/admin-ajax.php HTTP/2.0" 200 134964 "https://star-poe.com.ua/wp-admin/plugin-install.php?s=email%2520as%2520login&tab=search&type=term" "Mozilla/5.0 (Macintosh; Intel Mac OS X 10_15_7) AppleWebKit/537.36 (KHTML, like Gecko) Chrome/112.0.0.0 Safari/537.36"
51.77.52.225 - - [04/May/2023:22:35:00 +0300] "POST /wp-cron.php?doing_wp_cron=1683228900.8446929454803466796875 HTTP/1.1" 200 - "-" "WordPress/6.2; https://star-poe.com.ua"
94.178.113.124 - - [04/May/2023:22:35:00 +0300] "GET /wp-admin/plugin-install.php?tab=plugin-information&plugin=wps-hide-login& HTTP/2.0" 200 85758 "https://star-poe.com.ua/wp-admin/plugin-install.php?s=email%2520as%2520login&tab=search&type=term" "Mozilla/5.0 (Macintosh; Intel Mac OS X 10_15_7) AppleWebKit/537.36 (KHTML, like Gecko) Chrome/112.0.0.0 Safari/537.36"
94.178.113.124 - - [04/May/2023:22:35:22 +0300] "POST /wp-admin/admin-ajax.php HTTP/2.0" 200 136311 "https://star-poe.com.ua/wp-admin/plugin-install.php?s=email&tab=search&type=term" "Mozilla/5.0 (Macintosh; Intel Mac OS X 10_15_7) AppleWebKit/537.36 (KHTML, like Gecko) Chrome/112.0.0.0 Safari/537.36"
94.178.113.124 - - [04/May/2023:22:35:27 +0300] "POST /wp-admin/admin-ajax.php HTTP/2.0" 200 47 "https://star-poe.com.ua/wp-admin/plugin-install.php?s=email&tab=search&type=term" "Mozilla/5.0 (Macintosh; Intel Mac OS X 10_15_7) AppleWebKit/537.36 (KHTML, like Gecko) Chrome/112.0.0.0 Safari/537.36"
51.77.52.225 - - [04/May/2023:22:36:39 +0300] "POST /wp-cron.php?doing_wp_cron=1683228999.5778129100799560546875 HTTP/1.1" 200 - "-" "WordPress/6.2; https://star-poe.com.ua"
94.178.113.124 - - [04/May/2023:22:36:39 +0300] "POST /wp-admin/admin-ajax.php HTTP/2.0" 200 47 "https://star-poe.com.ua/wp-admin/plugin-install.php?s=email&tab=search&type=term" "Mozilla/5.0 (Macintosh; Intel Mac OS X 10_15_7) AppleWebKit/537.36 (KHTML, like Gecko) Chrome/112.0.0.0 Safari/537.36"
51.77.52.225 - - [04/May/2023:22:36:46 +0300] "POST /wp-cron.php?doing_wp_cron=1683229006.7760519981384277343750 HTTP/1.1" 200 - "-" "WordPress/6.2; https://star-poe.com.ua"
94.178.113.124 - - [04/May/2023:22:36:46 +0300] "POST /wp-admin/admin-ajax.php HTTP/2.0" 200 136355 "https://star-poe.com.ua/wp-admin/plugin-install.php?s=login%2520by%2520email&tab=search&type=term" "Mozilla/5.0 (Macintosh; Intel Mac OS X 10_15_7) AppleWebKit/537.36 (KHTML, like Gecko) Chrome/112.0.0.0 Safari/537.36"
94.178.113.124 - - [04/May/2023:22:36:56 +0300] "POST /wp-admin/admin-ajax.php HTTP/2.0" 200 241 "https://star-poe.com.ua/wp-admin/plugin-install.php?s=login%2520by%2520email&tab=search&type=term" "Mozilla/5.0 (Macintosh; Intel Mac OS X 10_15_7) AppleWebKit/537.36 (KHTML, like Gecko) Chrome/112.0.0.0 Safari/537.36"
94.178.113.124 - - [04/May/2023:22:37:02 +0300] "GET /wp-admin/plugins.php?_wpnonce=ea8c3d4f31&action=activate&plugin=wps-hide-login/wps-hide-login.php HTTP/2.0" 302 - "https://star-poe.com.ua/wp-admin/plugin-install.php?s=login%2520by%2520email&tab=search&type=term" "Mozilla/5.0 (Macintosh; Intel Mac OS X 10_15_7) AppleWebKit/537.36 (KHTML, like Gecko) Chrome/112.0.0.0 Safari/537.36"
94.178.113.124 - - [04/May/2023:22:37:00 +0300] "GET /wp-admin/plugin-install.php?tab=plugin-information&plugin=wps-hide-login&TB_iframe=true&width=600&height=550 HTTP/2.0" 200 85990 "https://star-poe.com.ua/wp-admin/plugin-install.php?s=login%2520by%2520email&tab=search&type=term" "Mozilla/5.0 (Macintosh; Intel Mac OS X 10_15_7) AppleWebKit/537.36 (KHTML, like Gecko) Chrome/112.0.0.0 Safari/537.36"
94.178.113.124 - - [04/May/2023:22:37:03 +0300] "GET /wp-admin/plugins.php?activate=true&plugin_status=all&paged=1&s= HTTP/2.0" 200 186483 "https://star-poe.com.ua/wp-admin/plugin-install.php?s=login%2520by%2520email&tab=search&type=term" "Mozilla/5.0 (Macintosh; Intel Mac OS X 10_15_7) AppleWebKit/537.36 (KHTML, like Gecko) Chrome/112.0.0.0 Safari/537.36"
94.178.113.124 - - [04/May/2023:22:37:21 +0300] "GET /wp-admin/options-general.php HTTP/2.0" 200 152479 "https://star-poe.com.ua/wp-admin/plugins.php?plugin_status=all&paged=1&s" "Mozilla/5.0 (Macintosh; Intel Mac OS X 10_15_7) AppleWebKit/537.36 (KHTML, like Gecko) Chrome/112.0.0.0 Safari/537.36"
94.178.113.124 - - [04/May/2023:22:37:33 +0300] "GET /wp-admin/options-general.php?page=whl_settings HTTP/2.0" 302 - "https://star-poe.com.ua/wp-admin/options-general.php" "Mozilla/5.0 (Macintosh; Intel Mac OS X 10_15_7) AppleWebKit/537.36 (KHTML, like Gecko) Chrome/112.0.0.0 Safari/537.36"
94.178.113.124 - - [04/May/2023:22:37:34 +0300] "GET /wp-admin/options-general.php HTTP/2.0" 200 152459 "https://star-poe.com.ua/wp-admin/options-general.php" "Mozilla/5.0 (Macintosh; Intel Mac OS X 10_15_7) AppleWebKit/537.36 (KHTML, like Gecko) Chrome/112.0.0.0 Safari/537.36"
94.178.113.124 - - [04/May/2023:22:37:52 +0300] "GET /login HTTP/2.0" 302 - "-" "Mozilla/5.0 (Macintosh; Intel Mac OS X 10_15_7) AppleWebKit/537.36 (KHTML, like Gecko) Chrome/112.0.0.0 Safari/537.36"
94.178.113.124 - - [04/May/2023:22:37:52 +0300] "GET /login/ HTTP/2.0" 200 14081 "-" "Mozilla/5.0 (Macintosh; Intel Mac OS X 10_15_7) AppleWebKit/537.36 (KHTML, like Gecko) Chrome/112.0.0.0 Safari/537.36"
51.77.52.225 - - [04/May/2023:22:38:05 +0300] "POST /wp-cron.php?doing_wp_cron=1683229085.1275830268859863281250 HTTP/1.1" 200 - "-" "WordPress/6.2; https://star-poe.com.ua"
94.178.113.124 - - [04/May/2023:22:38:04 +0300] "GET /wp-admin/plugins.php HTTP/2.0" 200 186121 "https://star-poe.com.ua/wp-admin/options-general.php" "Mozilla/5.0 (Macintosh; Intel Mac OS X 10_15_7) AppleWebKit/537.36 (KHTML, like Gecko) Chrome/112.0.0.0 Safari/537.36"
94.178.113.124 - - [04/May/2023:22:38:14 +0300] "GET /wp-admin/plugins.php?action=deactivate&plugin=wps-hide-login%2Fwps-hide-login.php&plugin_status=all&paged=1&s&_wpnonce=9b865c7a3a HTTP/2.0" 302 - "https://star-poe.com.ua/wp-admin/plugins.php" "Mozilla/5.0 (Macintosh; Intel Mac OS X 10_15_7) AppleWebKit/537.36 (KHTML, like Gecko) Chrome/112.0.0.0 Safari/537.36"
94.178.113.124 - - [04/May/2023:22:38:14 +0300] "GET /wp-admin/plugins.php?deactivate=true&plugin_status=all&paged=1&s= HTTP/2.0" 200 186781 "https://star-poe.com.ua/wp-admin/plugins.php" "Mozilla/5.0 (Macintosh; Intel Mac OS X 10_15_7) AppleWebKit/537.36 (KHTML, like Gecko) Chrome/112.0.0.0 Safari/537.36"
94.178.113.124 - - [04/May/2023:22:38:19 +0300] "GET /wp-admin/plugins.php?action=deactivate&plugin=wordpress-seo%2Fwp-seo.php&plugin_status=all&paged=1&s&_wpnonce=9eeb32d43a HTTP/2.0" 302 - "https://star-poe.com.ua/wp-admin/plugins.php?plugin_status=all&paged=1&s" "Mozilla/5.0 (Macintosh; Intel Mac OS X 10_15_7) AppleWebKit/537.36 (KHTML, like Gecko) Chrome/112.0.0.0 Safari/537.36"
94.178.113.124 - - [04/May/2023:22:38:19 +0300] "GET /wp-admin/plugins.php?deactivate=true&plugin_status=all&paged=1&s= HTTP/2.0" 200 177472 "https://star-poe.com.ua/wp-admin/plugins.php?plugin_status=all&paged=1&s" "Mozilla/5.0 (Macintosh; Intel Mac OS X 10_15_7) AppleWebKit/537.36 (KHTML, like Gecko) Chrome/112.0.0.0 Safari/537.36"
94.178.113.124 - - [04/May/2023:22:38:19 +0300] "GET /wp-admin/load-scripts.php?c=0&load%5Bchunk_0%5D=jquery-core,jquery-migrate,utils&ver=6.2 HTTP/2.0" 200 105106 "https://star-poe.com.ua/wp-admin/plugins.php?deactivate=true&plugin_status=all&paged=1&s=" "Mozilla/5.0 (Macintosh; Intel Mac OS X 10_15_7) AppleWebKit/537.36 (KHTML, like Gecko) Chrome/112.0.0.0 Safari/537.36"
94.178.113.124 - - [04/May/2023:22:38:19 +0300] "GET /wp-admin/load-scripts.php?c=0&load%5Bchunk_0%5D=hoverIntent,wp-polyfill-inert,regenerator-runtime,wp-polyfill,wp-hooks&ver=6.2 HTTP/2.0" 200 39015 "https://star-poe.com.ua/wp-admin/plugins.php?deactivate=true&plugin_status=all&paged=1&s=" "Mozilla/5.0 (Macintosh; Intel Mac OS X 10_15_7) AppleWebKit/537.36 (KHTML, like Gecko) Chrome/112.0.0.0 Safari/537.36"
94.178.113.124 - - [04/May/2023:22:38:23 +0300] "POST /wp-admin/admin-ajax.php HTTP/2.0" 200 128 "https://star-poe.com.ua/wp-admin/plugins.php?plugin_status=all&paged=1&s" "Mozilla/5.0 (Macintosh; Intel Mac OS X 10_15_7) AppleWebKit/537.36 (KHTML, like Gecko) Chrome/112.0.0.0 Safari/537.36"
51.77.52.225 - - [04/May/2023:22:38:27 +0300] "POST /wp-cron.php?doing_wp_cron=1683229107.2295989990234375000000 HTTP/1.1" 200 - "-" "WordPress/6.2; https://star-poe.com.ua"
94.178.113.124 - - [04/May/2023:22:38:27 +0300] "POST /wp-admin/admin-ajax.php HTTP/2.0" 200 143 "https://star-poe.com.ua/wp-admin/plugins.php?plugin_status=all&paged=1&s" "Mozilla/5.0 (Macintosh; Intel Mac OS X 10_15_7) AppleWebKit/537.36 (KHTML, like Gecko) Chrome/112.0.0.0 Safari/537.36"
94.178.113.124 - - [04/May/2023:22:38:33 +0300] "GET /wp-admin/plugin-install.php HTTP/2.0" 200 155417 "https://star-poe.com.ua/wp-admin/plugins.php?plugin_status=all&paged=1&s" "Mozilla/5.0 (Macintosh; Intel Mac OS X 10_15_7) AppleWebKit/537.36 (KHTML, like Gecko) Chrome/112.0.0.0 Safari/537.36"
94.178.113.124 - - [04/May/2023:22:38:40 +0300] "POST /wp-admin/admin-ajax.php HTTP/2.0" 200 134667 "https://star-poe.com.ua/wp-admin/plugin-install.php?s=login&tab=search&type=term" "Mozilla/5.0 (Macintosh; Intel Mac OS X 10_15_7) AppleWebKit/537.36 (KHTML, like Gecko) Chrome/112.0.0.0 Safari/537.36"
51.77.52.225 - - [04/May/2023:22:39:20 +0300] "POST /wp-cron.php?doing_wp_cron=1683229160.1304440498352050781250 HTTP/1.1" 200 - "-" "WordPress/6.2; https://star-poe.com.ua"
94.178.113.124 - - [04/May/2023:22:39:19 +0300] "POST /wp-admin/admin-ajax.php HTTP/2.0" 200 135842 "https://star-poe.com.ua/wp-admin/plugin-install.php?s=email%2520only&tab=search&type=term" "Mozilla/5.0 (Macintosh; Intel Mac OS X 10_15_7) AppleWebKit/537.36 (KHTML, like Gecko) Chrome/112.0.0.0 Safari/537.36"
94.178.113.124 - - [04/May/2023:22:39:35 +0300] "POST /wp-admin/admin-ajax.php HTTP/2.0" 200 47 "https://star-poe.com.ua/wp-admin/plugin-install.php?s=email%2520only&tab=search&type=term" "Mozilla/5.0 (Macintosh; Intel Mac OS X 10_15_7) AppleWebKit/537.36 (KHTML, like Gecko) Chrome/112.0.0.0 Safari/537.36"
51.77.52.225 - - [04/May/2023:22:41:36 +0300] "POST /wp-cron.php?doing_wp_cron=1683229296.5973160266876220703125 HTTP/1.1" 200 - "-" "WordPress/6.2; https://star-poe.com.ua"
94.178.113.124 - - [04/May/2023:22:41:36 +0300] "POST /wp-admin/admin-ajax.php HTTP/2.0" 200 47 "https://star-poe.com.ua/wp-admin/plugin-install.php?s=email%2520only&tab=search&type=term" "Mozilla/5.0 (Macintosh; Intel Mac OS X 10_15_7) AppleWebKit/537.36 (KHTML, like Gecko) Chrome/112.0.0.0 Safari/537.36"
51.77.52.225 - - [04/May/2023:22:43:35 +0300] "POST /wp-cron.php?doing_wp_cron=1683229415.2624640464782714843750 HTTP/1.1" 200 - "-" "WordPress/6.2; https://star-poe.com.ua"
94.178.113.124 - - [04/May/2023:22:43:35 +0300] "GET /my-account/ HTTP/2.0" 200 388642 "https://star-poe.com.ua/my-account/lost-password/?show-reset-form=true&action" "Mozilla/5.0 (Macintosh; Intel Mac OS X 10_15_7) AppleWebKit/537.36 (KHTML, like Gecko) Chrome/112.0.0.0 Safari/537.36"
94.178.113.124 - - [04/May/2023:22:43:37 +0300] "POST /wp-admin/admin-ajax.php HTTP/2.0" 200 47 "https://star-poe.com.ua/wp-admin/plugin-install.php?s=email%2520only&tab=search&type=term" "Mozilla/5.0 (Macintosh; Intel Mac OS X 10_15_7) AppleWebKit/537.36 (KHTML, like Gecko) Chrome/112.0.0.0 Safari/537.36"
51.77.52.225 - - [04/May/2023:22:44:50 +0300] "POST /wp-cron.php?doing_wp_cron=1683229490.4712290763854980468750 HTTP/1.1" 200 - "-" "WordPress/6.2; https://star-poe.com.ua"
94.178.113.124 - - [04/May/2023:22:44:50 +0300] "POST /wp-admin/admin-ajax.php HTTP/2.0" 200 47 "https://star-poe.com.ua/wp-admin/plugin-install.php?s=email%2520only&tab=search&type=term" "Mozilla/5.0 (Macintosh; Intel Mac OS X 10_15_7) AppleWebKit/537.36 (KHTML, like Gecko) Chrome/112.0.0.0 Safari/537.36"
