94.178.113.124 - - [04/May/2023:22:06:35 +0300] "POST /?wc-ajax=update_order_review HTTP/2.0" 200 7905 "https://star-poe.com.ua/checkout/" "Mozilla/5.0 (Macintosh; Intel Mac OS X 10_15_7) AppleWebKit/537.36 (KHTML, like Gecko) Chrome/112.0.0.0 Safari/537.36"
51.77.52.225 - - [04/May/2023:22:07:02 +0300] "POST /wp-cron.php?doing_wp_cron=1683227222.0489900112152099609375 HTTP/1.1" 200 - "-" "WordPress/6.2; https://star-poe.com.ua"
94.178.113.124 - - [04/May/2023:22:07:01 +0300] "POST /wp-admin/admin-ajax.php HTTP/2.0" 200 47 "https://star-poe.com.ua/wp-admin/admin.php?page=wc-settings&tab=account" "Mozilla/5.0 (Macintosh; Intel Mac OS X 10_15_7) AppleWebKit/537.36 (KHTML, like Gecko) Chrome/112.0.0.0 Safari/537.36"
94.178.113.124 - - [04/May/2023:22:07:14 +0300] "POST /wp-admin/admin-ajax.php HTTP/2.0" 200 - "https://star-poe.com.ua/checkout/" "Mozilla/5.0 (Macintosh; Intel Mac OS X 10_15_7) AppleWebKit/537.36 (KHTML, like Gecko) Chrome/112.0.0.0 Safari/537.36"
94.178.113.124 - - [04/May/2023:22:07:14 +0300] "POST /wp-admin/admin-ajax.php HTTP/2.0" 200 - "https://star-poe.com.ua/checkout/" "Mozilla/5.0 (Macintosh; Intel Mac OS X 10_15_7) AppleWebKit/537.36 (KHTML, like Gecko) Chrome/112.0.0.0 Safari/537.36"
94.178.113.124 - - [04/May/2023:22:07:16 +0300] "POST /wp-admin/admin-ajax.php HTTP/2.0" 200 8033 "https://star-poe.com.ua/checkout/" "Mozilla/5.0 (Macintosh; Intel Mac OS X 10_15_7) AppleWebKit/537.36 (KHTML, like Gecko) Chrome/112.0.0.0 Safari/537.36"
94.178.113.124 - - [04/May/2023:22:07:19 +0300] "POST /wp-admin/admin-ajax.php HTTP/2.0" 200 249 "https://star-poe.com.ua/checkout/" "Mozilla/5.0 (Macintosh; Intel Mac OS X 10_15_7) AppleWebKit/537.36 (KHTML, like Gecko) Chrome/112.0.0.0 Safari/537.36"
94.178.113.124 - - [04/May/2023:22:07:20 +0300] "POST /wp-admin/admin-ajax.php HTTP/2.0" 200 6276 "https://star-poe.com.ua/checkout/" "Mozilla/5.0 (Macintosh; Intel Mac OS X 10_15_7) AppleWebKit/537.36 (KHTML, like Gecko) Chrome/112.0.0.0 Safari/537.36"
94.178.113.124 - - [04/May/2023:22:07:28 +0300] "POST /?wc-ajax=checkout HTTP/2.0" 200 341 "https://star-poe.com.ua/checkout/" "Mozilla/5.0 (Macintosh; Intel Mac OS X 10_15_7) AppleWebKit/537.36 (KHTML, like Gecko) Chrome/112.0.0.0 Safari/537.36"
51.77.52.225 - - [04/May/2023:22:07:46 +0300] "POST /wp-cron.php?doing_wp_cron=1683227266.8894450664520263671875 HTTP/1.1" 200 - "-" "WordPress/6.2; https://star-poe.com.ua"
94.178.113.124 - - [04/May/2023:22:07:46 +0300] "GET /wp-admin/admin.php?page=checkout_form_designer HTTP/2.0" 200 233047 "https://star-poe.com.ua/wp-admin/admin.php?page=wc-settings&tab=account" "Mozilla/5.0 (Macintosh; Intel Mac OS X 10_15_7) AppleWebKit/537.36 (KHTML, like Gecko) Chrome/112.0.0.0 Safari/537.36"
94.178.113.124 - - [04/May/2023:22:07:47 +0300] "GET /wp-includes/js/jquery/ui/resizable.min.js?ver=1.13.2 HTTP/2.0" 200 18705 "https://star-poe.com.ua/wp-admin/admin.php?page=checkout_form_designer" "Mozilla/5.0 (Macintosh; Intel Mac OS X 10_15_7) AppleWebKit/537.36 (KHTML, like Gecko) Chrome/112.0.0.0 Safari/537.36"
94.178.113.124 - - [04/May/2023:22:07:47 +0300] "GET /wp-content/plugins/woo-checkout-field-editor-pro/admin/assets/css/thwcfd-admin.min.css?ver=6.2 HTTP/2.0" 200 21826 "https://star-poe.com.ua/wp-admin/admin.php?page=checkout_form_designer" "Mozilla/5.0 (Macintosh; Intel Mac OS X 10_15_7) AppleWebKit/537.36 (KHTML, like Gecko) Chrome/112.0.0.0 Safari/537.36"
94.178.113.124 - - [04/May/2023:22:07:47 +0300] "GET /wp-includes/js/jquery/ui/dialog.min.js?ver=1.13.2 HTTP/2.0" 200 12957 "https://star-poe.com.ua/wp-admin/admin.php?page=checkout_form_designer" "Mozilla/5.0 (Macintosh; Intel Mac OS X 10_15_7) AppleWebKit/537.36 (KHTML, like Gecko) Chrome/112.0.0.0 Safari/537.36"
94.178.113.124 - - [04/May/2023:22:07:47 +0300] "GET /wp-content/plugins/woo-checkout-field-editor-pro/admin/assets/js/thwcfd-admin.min.js?ver=1.8.2 HTTP/2.0" 200 24099 "https://star-poe.com.ua/wp-admin/admin.php?page=checkout_form_designer" "Mozilla/5.0 (Macintosh; Intel Mac OS X 10_15_7) AppleWebKit/537.36 (KHTML, like Gecko) Chrome/112.0.0.0 Safari/537.36"
94.178.113.124 - - [04/May/2023:22:07:47 +0300] "GET /wp-content/plugins/advanced-product-labels-for-woocommerce/berocket/assets/images/submenu-icon.png HTTP/2.0" 304 - "https://star-poe.com.ua/wp-content/plugins/advanced-product-labels-for-woocommerce/berocket/assets/css/global-admin.css?ver=2.8.0" "Mozilla/5.0 (Macintosh; Intel Mac OS X 10_15_7) AppleWebKit/537.36 (KHTML, like Gecko) Chrome/112.0.0.0 Safari/537.36"
94.178.113.124 - - [04/May/2023:22:08:19 +0300] "POST /wp-admin/admin.php?page=checkout_form_designer HTTP/2.0" 200 233155 "https://star-poe.com.ua/wp-admin/admin.php?page=checkout_form_designer" "Mozilla/5.0 (Macintosh; Intel Mac OS X 10_15_7) AppleWebKit/537.36 (KHTML, like Gecko) Chrome/112.0.0.0 Safari/537.36"
94.178.113.124 - - [04/May/2023:22:08:28 +0300] "POST /wp-admin/admin.php?page=checkout_form_designer HTTP/2.0" 200 233219 "https://star-poe.com.ua/wp-admin/admin.php?page=checkout_form_designer" "Mozilla/5.0 (Macintosh; Intel Mac OS X 10_15_7) AppleWebKit/537.36 (KHTML, like Gecko) Chrome/112.0.0.0 Safari/537.36"
94.178.113.124 - - [04/May/2023:22:08:30 +0300] "POST /wp-admin/admin.php?page=checkout_form_designer HTTP/2.0" 200 233257 "https://star-poe.com.ua/wp-admin/admin.php?page=checkout_form_designer" "Mozilla/5.0 (Macintosh; Intel Mac OS X 10_15_7) AppleWebKit/537.36 (KHTML, like Gecko) Chrome/112.0.0.0 Safari/537.36"
94.178.113.124 - - [04/May/2023:22:08:32 +0300] "POST /wp-admin/admin-ajax.php HTTP/2.0" 200 98 "https://star-poe.com.ua/wp-admin/post.php?post=3&action=edit" "Mozilla/5.0 (Macintosh; Intel Mac OS X 10_15_7) AppleWebKit/537.36 (KHTML, like Gecko) Chrome/112.0.0.0 Safari/537.36"
94.178.113.124 - - [04/May/2023:22:08:36 +0300] "GET /checkout/ HTTP/2.0" 200 97057 "https://star-poe.com.ua/cart/" "Mozilla/5.0 (Macintosh; Intel Mac OS X 10_15_7) AppleWebKit/537.36 (KHTML, like Gecko) Chrome/112.0.0.0 Safari/537.36"
94.178.113.124 - - [04/May/2023:22:08:37 +0300] "POST /?wc-ajax=update_order_review HTTP/2.0" 200 7905 "https://star-poe.com.ua/checkout/" "Mozilla/5.0 (Macintosh; Intel Mac OS X 10_15_7) AppleWebKit/537.36 (KHTML, like Gecko) Chrome/112.0.0.0 Safari/537.36"
51.77.52.225 - - [04/May/2023:22:08:58 +0300] "POST /wp-cron.php?doing_wp_cron=1683227338.1789250373840332031250 HTTP/1.1" 200 - "-" "WordPress/6.2; https://star-poe.com.ua"
94.178.113.124 - - [04/May/2023:22:08:57 +0300] "POST /wp-admin/admin-ajax.php HTTP/2.0" 200 26 "https://star-poe.com.ua/checkout/" "Mozilla/5.0 (Macintosh; Intel Mac OS X 10_15_7) AppleWebKit/537.36 (KHTML, like Gecko) Chrome/112.0.0.0 Safari/537.36"
94.178.113.124 - - [04/May/2023:22:08:59 +0300] "POST /wp-admin/admin-ajax.php HTTP/2.0" 200 - "https://star-poe.com.ua/checkout/" "Mozilla/5.0 (Macintosh; Intel Mac OS X 10_15_7) AppleWebKit/537.36 (KHTML, like Gecko) Chrome/112.0.0.0 Safari/537.36"
94.178.113.124 - - [04/May/2023:22:09:01 +0300] "POST /wp-admin/admin-ajax.php HTTP/2.0" 200 - "https://star-poe.com.ua/checkout/" "Mozilla/5.0 (Macintosh; Intel Mac OS X 10_15_7) AppleWebKit/537.36 (KHTML, like Gecko) Chrome/112.0.0.0 Safari/537.36"
94.178.113.124 - - [04/May/2023:22:09:02 +0300] "POST /wp-admin/admin-ajax.php HTTP/2.0" 200 200 "https://star-poe.com.ua/checkout/" "Mozilla/5.0 (Macintosh; Intel Mac OS X 10_15_7) AppleWebKit/537.36 (KHTML, like Gecko) Chrome/112.0.0.0 Safari/537.36"
94.178.113.124 - - [04/May/2023:22:09:03 +0300] "POST /wp-admin/admin-ajax.php HTTP/2.0" 200 249 "https://star-poe.com.ua/checkout/" "Mozilla/5.0 (Macintosh; Intel Mac OS X 10_15_7) AppleWebKit/537.36 (KHTML, like Gecko) Chrome/112.0.0.0 Safari/537.36"
94.178.113.124 - - [04/May/2023:22:09:06 +0300] "POST /wp-admin/admin-ajax.php HTTP/2.0" 200 6276 "https://star-poe.com.ua/checkout/" "Mozilla/5.0 (Macintosh; Intel Mac OS X 10_15_7) AppleWebKit/537.36 (KHTML, like Gecko) Chrome/112.0.0.0 Safari/537.36"
94.178.113.124 - - [04/May/2023:22:09:17 +0300] "GET /checkout/ HTTP/2.0" 200 97057 "https://star-poe.com.ua/checkout/" "Mozilla/5.0 (Macintosh; Intel Mac OS X 10_15_7) AppleWebKit/537.36 (KHTML, like Gecko) Chrome/112.0.0.0 Safari/537.36"
94.178.113.124 - - [04/May/2023:22:09:18 +0300] "POST /?wc-ajax=get_refreshed_fragments HTTP/2.0" 200 3701 "https://star-poe.com.ua/checkout/" "Mozilla/5.0 (Macintosh; Intel Mac OS X 10_15_7) AppleWebKit/537.36 (KHTML, like Gecko) Chrome/112.0.0.0 Safari/537.36"
94.178.113.124 - - [04/May/2023:22:09:18 +0300] "POST /?wc-ajax=update_order_review HTTP/2.0" 200 7905 "https://star-poe.com.ua/checkout/" "Mozilla/5.0 (Macintosh; Intel Mac OS X 10_15_7) AppleWebKit/537.36 (KHTML, like Gecko) Chrome/112.0.0.0 Safari/537.36"
51.77.52.225 - - [04/May/2023:22:09:31 +0300] "POST /wp-cron.php?doing_wp_cron=1683227371.6784310340881347656250 HTTP/1.1" 200 - "-" "WordPress/6.2; https://star-poe.com.ua"
94.178.113.124 - - [04/May/2023:22:09:31 +0300] "POST /?wc-ajax=checkout HTTP/2.0" 200 134 "https://star-poe.com.ua/checkout/" "Mozilla/5.0 (Macintosh; Intel Mac OS X 10_15_7) AppleWebKit/537.36 (KHTML, like Gecko) Chrome/112.0.0.0 Safari/537.36"
94.178.113.124 - - [04/May/2023:22:09:32 +0300] "POST /wp-admin/admin-ajax.php HTTP/2.0" 200 47 "https://star-poe.com.ua/wp-admin/admin.php?page=checkout_form_designer" "Mozilla/5.0 (Macintosh; Intel Mac OS X 10_15_7) AppleWebKit/537.36 (KHTML, like Gecko) Chrome/112.0.0.0 Safari/537.36"
94.178.113.124 - - [04/May/2023:22:09:32 +0300] "POST /wp-admin/admin-ajax.php HTTP/2.0" 200 98 "https://star-poe.com.ua/wp-admin/post.php?post=3&action=edit" "Mozilla/5.0 (Macintosh; Intel Mac OS X 10_15_7) AppleWebKit/537.36 (KHTML, like Gecko) Chrome/112.0.0.0 Safari/537.36"
94.178.113.124 - - [04/May/2023:22:09:35 +0300] "GET /checkout/order-received/271/?key=wc_order_eT4POf4fiRvKZ HTTP/2.0" 200 84474 "https://star-poe.com.ua/checkout/" "Mozilla/5.0 (Macintosh; Intel Mac OS X 10_15_7) AppleWebKit/537.36 (KHTML, like Gecko) Chrome/112.0.0.0 Safari/537.36"
94.178.113.124 - - [04/May/2023:22:09:38 +0300] "POST /?wc-ajax=get_refreshed_fragments HTTP/2.0" 200 924 "https://star-poe.com.ua/checkout/order-received/271/?key=wc_order_eT4POf4fiRvKZ" "Mozilla/5.0 (Macintosh; Intel Mac OS X 10_15_7) AppleWebKit/537.36 (KHTML, like Gecko) Chrome/112.0.0.0 Safari/537.36"
51.77.52.225 - - [04/May/2023:22:09:44 +0300] "POST /wp-cron.php?doing_wp_cron=1683227384.0012779235839843750000 HTTP/1.1" 200 - "-" "WordPress/6.2; https://star-poe.com.ua"
94.178.113.124 - - [04/May/2023:22:09:43 +0300] "GET /edit-account/?page_id=9 HTTP/2.0" 301 - "https://star-poe.com.ua/checkout/order-received/271/?key=wc_order_eT4POf4fiRvKZ" "Mozilla/5.0 (Macintosh; Intel Mac OS X 10_15_7) AppleWebKit/537.36 (KHTML, like Gecko) Chrome/112.0.0.0 Safari/537.36"
94.178.113.124 - - [04/May/2023:22:09:44 +0300] "GET /my-account/ HTTP/2.0" 200 67653 "https://star-poe.com.ua/checkout/order-received/271/?key=wc_order_eT4POf4fiRvKZ" "Mozilla/5.0 (Macintosh; Intel Mac OS X 10_15_7) AppleWebKit/537.36 (KHTML, like Gecko) Chrome/112.0.0.0 Safari/537.36"
94.178.113.124 - - [04/May/2023:22:09:49 +0300] "GET /my-account/orders/ HTTP/2.0" 200 69527 "https://star-poe.com.ua/my-account/" "Mozilla/5.0 (Macintosh; Intel Mac OS X 10_15_7) AppleWebKit/537.36 (KHTML, like Gecko) Chrome/112.0.0.0 Safari/537.36"
94.178.113.124 - - [04/May/2023:22:09:56 +0300] "GET /my-account/view-order/271/ HTTP/2.0" 200 69849 "https://star-poe.com.ua/my-account/orders/" "Mozilla/5.0 (Macintosh; Intel Mac OS X 10_15_7) AppleWebKit/537.36 (KHTML, like Gecko) Chrome/112.0.0.0 Safari/537.36"
94.178.113.124 - - [04/May/2023:22:10:08 +0300] "GET /my-account/ HTTP/2.0" 200 - "https://star-poe.com.ua/my-account/view-order/271/" "Mozilla/5.0 (Macintosh; Intel Mac OS X 10_15_7) AppleWebKit/537.36 (KHTML, like Gecko) Chrome/112.0.0.0 Safari/537.36"
94.178.113.124 - - [04/May/2023:22:10:24 +0300] "GET /my-account/ HTTP/2.0" 200 67653 "https://star-poe.com.ua/my-account/view-order/271/" "Mozilla/5.0 (Macintosh; Intel Mac OS X 10_15_7) AppleWebKit/537.36 (KHTML, like Gecko) Chrome/112.0.0.0 Safari/537.36"
94.178.113.124 - - [04/May/2023:22:10:36 +0300] "GET /my-account/edit-account/ HTTP/2.0" 200 75073 "https://star-poe.com.ua/my-account/" "Mozilla/5.0 (Macintosh; Intel Mac OS X 10_15_7) AppleWebKit/537.36 (KHTML, like Gecko) Chrome/112.0.0.0 Safari/537.36"
94.178.113.124 - - [04/May/2023:22:10:37 +0300] "GET /wp-includes/js/zxcvbn-async.min.js?ver=1.0 HTTP/2.0" 200 351 "https://star-poe.com.ua/my-account/edit-account/" "Mozilla/5.0 (Macintosh; Intel Mac OS X 10_15_7) AppleWebKit/537.36 (KHTML, like Gecko) Chrome/112.0.0.0 Safari/537.36"
94.178.113.124 - - [04/May/2023:22:10:37 +0300] "GET /wp-includes/js/dist/vendor/wp-polyfill-inert.min.js?ver=3.1.2 HTTP/2.0" 200 8171 "https://star-poe.com.ua/my-account/edit-account/" "Mozilla/5.0 (Macintosh; Intel Mac OS X 10_15_7) AppleWebKit/537.36 (KHTML, like Gecko) Chrome/112.0.0.0 Safari/537.36"
94.178.113.124 - - [04/May/2023:22:10:37 +0300] "GET /wp-includes/js/dist/vendor/regenerator-runtime.min.js?ver=0.13.11 HTTP/2.0" 200 6607 "https://star-poe.com.ua/my-account/edit-account/" "Mozilla/5.0 (Macintosh; Intel Mac OS X 10_15_7) AppleWebKit/537.36 (KHTML, like Gecko) Chrome/112.0.0.0 Safari/537.36"
94.178.113.124 - - [04/May/2023:22:10:37 +0300] "GET /wp-includes/js/dist/vendor/wp-polyfill.min.js?ver=3.15.0 HTTP/2.0" 200 17823 "https://star-poe.com.ua/my-account/edit-account/" "Mozilla/5.0 (Macintosh; Intel Mac OS X 10_15_7) AppleWebKit/537.36 (KHTML, like Gecko) Chrome/112.0.0.0 Safari/537.36"
94.178.113.124 - - [04/May/2023:22:10:37 +0300] "GET /wp-includes/js/dist/hooks.min.js?ver=4169d3cf8e8d95a3d6d5 HTTP/2.0" 200 4910 "https://star-poe.com.ua/my-account/edit-account/" "Mozilla/5.0 (Macintosh; Intel Mac OS X 10_15_7) AppleWebKit/537.36 (KHTML, like Gecko) Chrome/112.0.0.0 Safari/537.36"
94.178.113.124 - - [04/May/2023:22:10:37 +0300] "GET /wp-includes/js/dist/i18n.min.js?ver=9e794f35a71bb98672ae HTTP/2.0" 200 10230 "https://star-poe.com.ua/my-account/edit-account/" "Mozilla/5.0 (Macintosh; Intel Mac OS X 10_15_7) AppleWebKit/537.36 (KHTML, like Gecko) Chrome/112.0.0.0 Safari/537.36"
94.178.113.124 - - [04/May/2023:22:10:37 +0300] "GET /wp-admin/js/password-strength-meter.min.js?ver=6.2 HTTP/2.0" 200 1123 "https://star-poe.com.ua/my-account/edit-account/" "Mozilla/5.0 (Macintosh; Intel Mac OS X 10_15_7) AppleWebKit/537.36 (KHTML, like Gecko) Chrome/112.0.0.0 Safari/537.36"
94.178.113.124 - - [04/May/2023:22:10:37 +0300] "GET /wp-content/plugins/woocommerce/assets/js/frontend/password-strength-meter.min.js?ver=7.6.1 HTTP/2.0" 200 2020 "https://star-poe.com.ua/my-account/edit-account/" "Mozilla/5.0 (Macintosh; Intel Mac OS X 10_15_7) AppleWebKit/537.36 (KHTML, like Gecko) Chrome/112.0.0.0 Safari/537.36"
94.178.113.124 - - [04/May/2023:22:10:37 +0300] "GET /wp-includes/js/zxcvbn.min.js HTTP/2.0" 200 822237 "https://star-poe.com.ua/my-account/edit-account/" "Mozilla/5.0 (Macintosh; Intel Mac OS X 10_15_7) AppleWebKit/537.36 (KHTML, like Gecko) Chrome/112.0.0.0 Safari/537.36"
51.77.52.225 - - [04/May/2023:22:10:43 +0300] "POST /wp-cron.php?doing_wp_cron=1683227443.1530280113220214843750 HTTP/1.1" 200 - "-" "WordPress/6.2; https://star-poe.com.ua"
94.178.113.124 - - [04/May/2023:22:10:42 +0300] "GET /my-account/edit-address/ HTTP/2.0" 200 77171 "https://star-poe.com.ua/my-account/edit-account/" "Mozilla/5.0 (Macintosh; Intel Mac OS X 10_15_7) AppleWebKit/537.36 (KHTML, like Gecko) Chrome/112.0.0.0 Safari/537.36"
94.178.113.124 - - [04/May/2023:22:10:46 +0300] "GET /my-account/edit-address/%d0%be%d0%bf%d0%bb%d0%b0%d1%82%d0%b0/ HTTP/2.0" 200 84997 "https://star-poe.com.ua/my-account/edit-address/" "Mozilla/5.0 (Macintosh; Intel Mac OS X 10_15_7) AppleWebKit/537.36 (KHTML, like Gecko) Chrome/112.0.0.0 Safari/537.36"
94.178.113.124 - - [04/May/2023:22:10:52 +0300] "GET /my-account/ HTTP/2.0" 200 67653 "https://star-poe.com.ua/my-account/edit-address/%d0%be%d0%bf%d0%bb%d0%b0%d1%82%d0%b0/" "Mozilla/5.0 (Macintosh; Intel Mac OS X 10_15_7) AppleWebKit/537.36 (KHTML, like Gecko) Chrome/112.0.0.0 Safari/537.36"
94.178.113.124 - - [04/May/2023:22:10:55 +0300] "POST /wp-admin/admin-ajax.php HTTP/2.0" 200 98 "https://star-poe.com.ua/wp-admin/post.php?post=3&action=edit" "Mozilla/5.0 (Macintosh; Intel Mac OS X 10_15_7) AppleWebKit/537.36 (KHTML, like Gecko) Chrome/112.0.0.0 Safari/537.36"
51.77.52.225 - - [04/May/2023:22:11:34 +0300] "POST /wp-cron.php?doing_wp_cron=1683227494.2344789505004882812500 HTTP/1.1" 200 - "-" "WordPress/6.2; https://star-poe.com.ua"
94.178.113.124 - - [04/May/2023:22:11:33 +0300] "POST /wp-admin/admin-ajax.php HTTP/2.0" 200 47 "https://star-poe.com.ua/wp-admin/admin.php?page=checkout_form_designer" "Mozilla/5.0 (Macintosh; Intel Mac OS X 10_15_7) AppleWebKit/537.36 (KHTML, like Gecko) Chrome/112.0.0.0 Safari/537.36"
51.77.52.225 - - [04/May/2023:22:11:47 +0300] "POST /wp-cron.php?doing_wp_cron=1683227507.6335170269012451171875 HTTP/1.1" 200 - "-" "WordPress/6.2; https://star-poe.com.ua"
94.178.113.124 - - [04/May/2023:22:11:46 +0300] "GET /wp-admin/admin.php?page=wc-admin HTTP/2.0" 200 1682621 "https://star-poe.com.ua/wp-admin/admin.php?page=checkout_form_designer" "Mozilla/5.0 (Macintosh; Intel Mac OS X 10_15_7) AppleWebKit/537.36 (KHTML, like Gecko) Chrome/112.0.0.0 Safari/537.36"
94.178.113.124 - - [04/May/2023:22:11:49 +0300] "POST /wp-json/wc-admin/onboarding/tasks?_locale=user HTTP/2.0" 200 20366 "https://star-poe.com.ua/wp-admin/admin.php?page=wc-admin" "Mozilla/5.0 (Macintosh; Intel Mac OS X 10_15_7) AppleWebKit/537.36 (KHTML, like Gecko) Chrome/112.0.0.0 Safari/537.36"
94.178.113.124 - - [04/May/2023:22:11:49 +0300] "GET /wp-json/wc-admin/options?options=woocommerce_allow_tracking&_locale=user HTTP/2.0" 200 35 "https://star-poe.com.ua/wp-admin/admin.php?page=wc-admin" "Mozilla/5.0 (Macintosh; Intel Mac OS X 10_15_7) AppleWebKit/537.36 (KHTML, like Gecko) Chrome/112.0.0.0 Safari/537.36"
94.178.113.124 - - [04/May/2023:22:11:49 +0300] "POST /wp-json/wc-admin/options?_locale=user HTTP/2.0" 200 44 "https://star-poe.com.ua/wp-admin/admin.php?page=wc-admin" "Mozilla/5.0 (Macintosh; Intel Mac OS X 10_15_7) AppleWebKit/537.36 (KHTML, like Gecko) Chrome/112.0.0.0 Safari/537.36"
94.178.113.124 - - [04/May/2023:22:11:49 +0300] "GET /wp-json/wc-admin/options?options=woocommerce_ces_tracks_queue&_locale=user HTTP/2.0" 200 38 "https://star-poe.com.ua/wp-admin/admin.php?page=wc-admin" "Mozilla/5.0 (Macintosh; Intel Mac OS X 10_15_7) AppleWebKit/537.36 (KHTML, like Gecko) Chrome/112.0.0.0 Safari/537.36"
94.178.113.124 - - [04/May/2023:22:11:49 +0300] "GET /wp-json/jetpack/v4/connection/data?_locale=user HTTP/2.0" 200 309 "https://star-poe.com.ua/wp-admin/admin.php?page=wc-admin" "Mozilla/5.0 (Macintosh; Intel Mac OS X 10_15_7) AppleWebKit/537.36 (KHTML, like Gecko) Chrome/112.0.0.0 Safari/537.36"
94.178.113.124 - - [04/May/2023:22:11:49 +0300] "GET /wp-json/wc-admin/onboarding/profile?_locale=user HTTP/2.0" 200 425 "https://star-poe.com.ua/wp-admin/admin.php?page=wc-admin" "Mozilla/5.0 (Macintosh; Intel Mac OS X 10_15_7) AppleWebKit/537.36 (KHTML, like Gecko) Chrome/112.0.0.0 Safari/537.36"
94.178.113.124 - - [04/May/2023:22:11:49 +0300] "GET /wp-json/wc-analytics/orders?page=1&per_page=1&status%5B0%5D=processing&status%5B1%5D=on-hold&_fields%5B0%5D=id&_locale=user HTTP/2.0" 200 12 "https://star-poe.com.ua/wp-admin/admin.php?page=wc-admin" "Mozilla/5.0 (Macintosh; Intel Mac OS X 10_15_7) AppleWebKit/537.36 (KHTML, like Gecko) Chrome/112.0.0.0 Safari/537.36"
94.178.113.124 - - [04/May/2023:22:11:49 +0300] "GET /wp-json/wc/v3/orders?_fields%5B0%5D=id&page=1&per_page=1&_locale=user HTTP/2.0" 200 12 "https://star-poe.com.ua/wp-admin/admin.php?page=wc-admin" "Mozilla/5.0 (Macintosh; Intel Mac OS X 10_15_7) AppleWebKit/537.36 (KHTML, like Gecko) Chrome/112.0.0.0 Safari/537.36"
94.178.113.124 - - [04/May/2023:22:11:49 +0300] "GET /wp-json/wc/v3/products?status=publish&_fields%5B0%5D=id&page=1&per_page=1&_locale=user HTTP/2.0" 200 12 "https://star-poe.com.ua/wp-admin/admin.php?page=wc-admin" "Mozilla/5.0 (Macintosh; Intel Mac OS X 10_15_7) AppleWebKit/537.36 (KHTML, like Gecko) Chrome/112.0.0.0 Safari/537.36"
94.178.113.124 - - [04/May/2023:22:11:49 +0300] "GET /wp-json/wc-analytics/products/low-in-stock?page=1&per_page=1&low_in_stock=true&status=publish&_fields%5B0%5D=id&_locale=user HTTP/2.0" 200 2 "https://star-poe.com.ua/wp-admin/admin.php?page=wc-admin" "Mozilla/5.0 (Macintosh; Intel Mac OS X 10_15_7) AppleWebKit/537.36 (KHTML, like Gecko) Chrome/112.0.0.0 Safari/537.36"
94.178.113.124 - - [04/May/2023:22:11:49 +0300] "GET /wp-json/wc-analytics/products/reviews?page=1&per_page=1&status=hold&_embed=1&_fields%5B0%5D=id&_locale=user HTTP/2.0" 200 2 "https://star-poe.com.ua/wp-admin/admin.php?page=wc-admin" "Mozilla/5.0 (Macintosh; Intel Mac OS X 10_15_7) AppleWebKit/537.36 (KHTML, like Gecko) Chrome/112.0.0.0 Safari/537.36"
94.178.113.124 - - [04/May/2023:22:11:49 +0300] "GET /wp-json/wc-analytics/reports/performance-indicators?after=2023-05-04T00%3A00%3A00&before=2023-05-04T22%3A11%3A48&stats=revenue%2Ftotal_sales%2Corders%2Forders_count&_locale=user HTTP/2.0" 200 627 "https://star-poe.com.ua/wp-admin/admin.php?page=wc-admin" "Mozilla/5.0 (Macintosh; Intel Mac OS X 10_15_7) AppleWebKit/537.36 (KHTML, like Gecko) Chrome/112.0.0.0 Safari/537.36"
94.178.113.124 - - [04/May/2023:22:11:49 +0300] "GET /wp-json/wc-analytics/admin/notes?page=1&per_page=5&status=unactioned&type%5B0%5D=info&type%5B1%5D=marketing&type%5B2%5D=survey&type%5B3%5D=warning&orderby=date&order=desc&_fields%5B0%5D=id&_fields%5B1%5D=name&_fields%5B2%5D=title&_fields%5B3%5D=content&_fields%5B4%5D=type&_fields%5B5%5D=status&_fields%5B6%5D=actions&_fields%5B7%5D=date_created&_fields%5B8%5D=date_created_gmt&_fields%5B9%5D=layout&_fields%5B10%5D=image&_fields%5B11%5D=is_deleted&_fields%5B12%5D=is_read&_fields%5B13%5D=locale&_locale=user HTTP/2.0" 200 7154 "https://star-poe.com.ua/wp-admin/admin.php?page=wc-admin" "Mozilla/5.0 (Macintosh; Intel Mac OS X 10_15_7) AppleWebKit/537.36 (KHTML, like Gecko) Chrome/112.0.0.0 Safari/537.36"
94.178.113.124 - - [04/May/2023:22:11:53 +0300] "GET /wp-admin/admin.php?page=wc-addons HTTP/2.0" 200 942847 "https://star-poe.com.ua/wp-admin/admin.php?page=wc-admin" "Mozilla/5.0 (Macintosh; Intel Mac OS X 10_15_7) AppleWebKit/537.36 (KHTML, like Gecko) Chrome/112.0.0.0 Safari/537.36"
94.178.113.124 - - [04/May/2023:22:12:13 +0300] "GET /wp-content/plugins/woocommerce/assets/images/marketplace-header-bg@2x.png HTTP/2.0" 200 316634 "https://star-poe.com.ua/wp-content/plugins/woocommerce/assets/css/admin.css?ver=7.6.1" "Mozilla/5.0 (Macintosh; Intel Mac OS X 10_15_7) AppleWebKit/537.36 (KHTML, like Gecko) Chrome/112.0.0.0 Safari/537.36"
94.178.113.124 - - [04/May/2023:22:12:13 +0300] "GET /wp-content/plugins/woocommerce/assets/images/icons/star-half-filled.svg HTTP/2.0" 200 588 "https://star-poe.com.ua/wp-content/plugins/woocommerce/assets/css/admin.css?ver=7.6.1" "Mozilla/5.0 (Macintosh; Intel Mac OS X 10_15_7) AppleWebKit/537.36 (KHTML, like Gecko) Chrome/112.0.0.0 Safari/537.36"
94.178.113.124 - - [04/May/2023:22:12:13 +0300] "GET /wp-content/plugins/woocommerce/assets/images/icons/star-golden.svg HTTP/2.0" 200 424 "https://star-poe.com.ua/wp-content/plugins/woocommerce/assets/css/admin.css?ver=7.6.1" "Mozilla/5.0 (Macintosh; Intel Mac OS X 10_15_7) AppleWebKit/537.36 (KHTML, like Gecko) Chrome/112.0.0.0 Safari/537.36"
94.178.113.124 - - [04/May/2023:22:12:13 +0300] "GET /wp-content/plugins/woocommerce/assets/images/icons/star-gray.svg HTTP/2.0" 200 424 "https://star-poe.com.ua/wp-content/plugins/woocommerce/assets/css/admin.css?ver=7.6.1" "Mozilla/5.0 (Macintosh; Intel Mac OS X 10_15_7) AppleWebKit/537.36 (KHTML, like Gecko) Chrome/112.0.0.0 Safari/537.36"
94.178.113.124 - - [04/May/2023:22:11:49 +0300] "GET /wp-json/wc-analytics/admin/notes?page=1&per_page=100&status=unactioned&type%5B0%5D=info&type%5B1%5D=marketing&type%5B2%5D=survey&type%5B3%5D=warning&orderby=date&order=desc&_fields%5B0%5D=id&_fields%5B1%5D=name&_fields%5B2%5D=title&_fields%5B3%5D=content&_fields%5B4%5D=type&_fields%5B5%5D=status&_fields%5B6%5D=actions&_fields%5B7%5D=date_created&_fields%5B8%5D=date_created_gmt&_fields%5B9%5D=layout&_fields%5B10%5D=image&_fields%5B11%5D=is_deleted&_fields%5B12%5D=is_read&_fields%5B13%5D=locale&is_read=false&_locale=user HTTP/2.0" 200 - "https://star-poe.com.ua/wp-admin/admin.php?page=wc-admin" "Mozilla/5.0 (Macintosh; Intel Mac OS X 10_15_7) AppleWebKit/537.36 (KHTML, like Gecko) Chrome/112.0.0.0 Safari/537.36"
94.178.113.124 - - [04/May/2023:22:11:49 +0300] "GET /wp-json/wc-admin/options?options=woocommerce_welcome_from_calypso_modal_dismissed%2Cwoocommerce_task_list_welcome_modal_dismissed&_locale=user HTTP/2.0" 200 - "https://star-poe.com.ua/wp-admin/admin.php?page=wc-admin" "Mozilla/5.0 (Macintosh; Intel Mac OS X 10_15_7) AppleWebKit/537.36 (KHTML, like Gecko) Chrome/112.0.0.0 Safari/537.36"
94.178.113.124 - - [04/May/2023:22:11:49 +0300] "GET /wp-json/wc-analytics/reports/performance-indicators?after=2023-05-03T00%3A00%3A00&before=2023-05-03T23%3A59%3A59&stats=revenue%2Ftotal_sales%2Corders%2Forders_count&_locale=user HTTP/2.0" 200 - "https://star-poe.com.ua/wp-admin/admin.php?page=wc-admin" "Mozilla/5.0 (Macintosh; Intel Mac OS X 10_15_7) AppleWebKit/537.36 (KHTML, like Gecko) Chrome/112.0.0.0 Safari/537.36"
94.178.113.124 - - [04/May/2023:22:11:49 +0300] "GET /wp-json/wc-analytics/admin/notes?page=1&per_page=25&type=error%2Cupdate&status=unactioned&_locale=user HTTP/2.0" 200 - "https://star-poe.com.ua/wp-admin/admin.php?page=wc-admin" "Mozilla/5.0 (Macintosh; Intel Mac OS X 10_15_7) AppleWebKit/537.36 (KHTML, like Gecko) Chrome/112.0.0.0 Safari/537.36"
94.178.113.124 - - [04/May/2023:22:11:56 +0300] "POST /wp-admin/admin-ajax.php HTTP/2.0" 200 98 "https://star-poe.com.ua/wp-admin/post.php?post=3&action=edit" "Mozilla/5.0 (Macintosh; Intel Mac OS X 10_15_7) AppleWebKit/537.36 (KHTML, like Gecko) Chrome/112.0.0.0 Safari/537.36"
94.178.113.124 - - [04/May/2023:22:11:56 +0300] "POST /wp-json/wc-admin/options?_locale=user HTTP/2.0" 200 - "https://star-poe.com.ua/wp-admin/admin.php?page=wc-admin" "Mozilla/5.0 (Macintosh; Intel Mac OS X 10_15_7) AppleWebKit/537.36 (KHTML, like Gecko) Chrome/112.0.0.0 Safari/537.36"
94.178.113.124 - - [04/May/2023:22:11:56 +0300] "GET /wp-json/wc-admin/options?options=woocommerce_task_list_reminder_bar_hidden%2Cwoocommerce_ces_shown_for_actions&_locale=user HTTP/2.0" 200 - "https://star-poe.com.ua/wp-admin/admin.php?page=wc-admin" "Mozilla/5.0 (Macintosh; Intel Mac OS X 10_15_7) AppleWebKit/537.36 (KHTML, like Gecko) Chrome/112.0.0.0 Safari/537.36"
94.178.113.124 - - [04/May/2023:22:11:56 +0300] "POST /wp-json/wc-admin/options?_locale=user HTTP/2.0" 200 - "https://star-poe.com.ua/wp-admin/admin.php?page=wc-admin" "Mozilla/5.0 (Macintosh; Intel Mac OS X 10_15_7) AppleWebKit/537.36 (KHTML, like Gecko) Chrome/112.0.0.0 Safari/537.36"
94.178.113.124 - - [04/May/2023:22:12:14 +0300] "GET /wp-json/wc-admin/options?options=woocommerce_allow_tracking&_locale=user HTTP/2.0" 200 35 "https://star-poe.com.ua/wp-admin/admin.php?page=wc-addons" "Mozilla/5.0 (Macintosh; Intel Mac OS X 10_15_7) AppleWebKit/537.36 (KHTML, like Gecko) Chrome/112.0.0.0 Safari/537.36"
94.178.113.124 - - [04/May/2023:22:12:14 +0300] "GET /wp-json/wc-admin/onboarding/tasks?_locale=user HTTP/2.0" 200 19371 "https://star-poe.com.ua/wp-admin/admin.php?page=wc-addons" "Mozilla/5.0 (Macintosh; Intel Mac OS X 10_15_7) AppleWebKit/537.36 (KHTML, like Gecko) Chrome/112.0.0.0 Safari/537.36"
94.178.113.124 - - [04/May/2023:22:12:14 +0300] "GET /wp-json/wc-admin/options?options=woocommerce_ces_tracks_queue&_locale=user HTTP/2.0" 200 38 "https://star-poe.com.ua/wp-admin/admin.php?page=wc-addons" "Mozilla/5.0 (Macintosh; Intel Mac OS X 10_15_7) AppleWebKit/537.36 (KHTML, like Gecko) Chrome/112.0.0.0 Safari/537.36"
94.178.113.124 - - [04/May/2023:22:12:14 +0300] "GET /wp-json/wc-analytics/admin/notes?page=1&per_page=25&type=error%2Cupdate&status=unactioned&_locale=user HTTP/2.0" 200 1923 "https://star-poe.com.ua/wp-admin/admin.php?page=wc-addons" "Mozilla/5.0 (Macintosh; Intel Mac OS X 10_15_7) AppleWebKit/537.36 (KHTML, like Gecko) Chrome/112.0.0.0 Safari/537.36"
94.178.113.124 - - [04/May/2023:22:12:26 +0300] "GET /wp-json/wc-admin/options?options=woocommerce_task_list_reminder_bar_hidden&_locale=user HTTP/2.0" 200 51 "https://star-poe.com.ua/wp-admin/admin.php?page=wc-addons" "Mozilla/5.0 (Macintosh; Intel Mac OS X 10_15_7) AppleWebKit/537.36 (KHTML, like Gecko) Chrome/112.0.0.0 Safari/537.36"
94.178.113.124 - - [04/May/2023:22:12:26 +0300] "POST /wp-admin/admin-ajax.php HTTP/2.0" 200 1 "https://star-poe.com.ua/wp-admin/post.php?post=3&action=edit" "Mozilla/5.0 (Macintosh; Intel Mac OS X 10_15_7) AppleWebKit/537.36 (KHTML, like Gecko) Chrome/112.0.0.0 Safari/537.36"
94.178.113.124 - - [04/May/2023:22:12:17 +0300] "GET /wp-admin/admin.php?page=wc-admin HTTP/2.0" 200 1682608 "https://star-poe.com.ua/wp-admin/admin.php?page=wc-addons" "Mozilla/5.0 (Macintosh; Intel Mac OS X 10_15_7) AppleWebKit/537.36 (KHTML, like Gecko) Chrome/112.0.0.0 Safari/537.36"
94.178.113.124 - - [04/May/2023:22:12:30 +0300] "GET /wp-json/wc-admin/options?options=woocommerce_allow_tracking&_locale=user HTTP/2.0" 200 35 "https://star-poe.com.ua/wp-admin/admin.php?page=wc-admin" "Mozilla/5.0 (Macintosh; Intel Mac OS X 10_15_7) AppleWebKit/537.36 (KHTML, like Gecko) Chrome/112.0.0.0 Safari/537.36"
94.178.113.124 - - [04/May/2023:22:12:30 +0300] "POST /wp-json/wc-admin/options?_locale=user HTTP/2.0" 200 44 "https://star-poe.com.ua/wp-admin/admin.php?page=wc-admin" "Mozilla/5.0 (Macintosh; Intel Mac OS X 10_15_7) AppleWebKit/537.36 (KHTML, like Gecko) Chrome/112.0.0.0 Safari/537.36"
94.178.113.124 - - [04/May/2023:22:12:30 +0300] "GET /wp-json/wc-analytics/admin/notes?page=1&per_page=25&type=error%2Cupdate&status=unactioned&_locale=user HTTP/2.0" 200 1923 "https://star-poe.com.ua/wp-admin/admin.php?page=wc-admin" "Mozilla/5.0 (Macintosh; Intel Mac OS X 10_15_7) AppleWebKit/537.36 (KHTML, like Gecko) Chrome/112.0.0.0 Safari/537.36"
94.178.113.124 - - [04/May/2023:22:12:30 +0300] "POST /wp-json/wc-admin/onboarding/tasks?_locale=user HTTP/2.0" 200 20366 "https://star-poe.com.ua/wp-admin/admin.php?page=wc-admin" "Mozilla/5.0 (Macintosh; Intel Mac OS X 10_15_7) AppleWebKit/537.36 (KHTML, like Gecko) Chrome/112.0.0.0 Safari/537.36"
94.178.113.124 - - [04/May/2023:22:12:30 +0300] "GET /wp-json/wc-admin/options?options=woocommerce_ces_tracks_queue&_locale=user HTTP/2.0" 200 38 "https://star-poe.com.ua/wp-admin/admin.php?page=wc-admin" "Mozilla/5.0 (Macintosh; Intel Mac OS X 10_15_7) AppleWebKit/537.36 (KHTML, like Gecko) Chrome/112.0.0.0 Safari/537.36"
94.178.113.124 - - [04/May/2023:22:12:41 +0300] "GET /wp-content/plugins/woocommerce/assets/client/admin/chunks/8544.style.css?ver=7.6.1 HTTP/2.0" 200 4109 "https://star-poe.com.ua/wp-admin/admin.php?page=wc-admin&path=%2Fcustomers" "Mozilla/5.0 (Macintosh; Intel Mac OS X 10_15_7) AppleWebKit/537.36 (KHTML, like Gecko) Chrome/112.0.0.0 Safari/537.36"
94.178.113.124 - - [04/May/2023:22:12:41 +0300] "GET /wp-content/plugins/woocommerce/assets/client/admin/chunks/analytics-report.js?ver=7.6.1 HTTP/2.0" 200 1814 "https://star-poe.com.ua/wp-admin/admin.php?page=wc-admin&path=%2Fcustomers" "Mozilla/5.0 (Macintosh; Intel Mac OS X 10_15_7) AppleWebKit/537.36 (KHTML, like Gecko) Chrome/112.0.0.0 Safari/537.36"
94.178.113.124 - - [04/May/2023:22:12:41 +0300] "GET /wp-content/plugins/woocommerce/assets/client/admin/chunks/analytics-report-customers.js?ver=7.6.1 HTTP/2.0" 200 12277 "https://star-poe.com.ua/wp-admin/admin.php?page=wc-admin&path=%2Fcustomers" "Mozilla/5.0 (Macintosh; Intel Mac OS X 10_15_7) AppleWebKit/537.36 (KHTML, like Gecko) Chrome/112.0.0.0 Safari/537.36"
94.178.113.124 - - [04/May/2023:22:12:41 +0300] "GET /wp-content/plugins/woocommerce/assets/client/admin/chunks/3700.style.css?ver=7.6.1 HTTP/2.0" 200 4927 "https://star-poe.com.ua/wp-admin/admin.php?page=wc-admin&path=%2Fcustomers" "Mozilla/5.0 (Macintosh; Intel Mac OS X 10_15_7) AppleWebKit/537.36 (KHTML, like Gecko) Chrome/112.0.0.0 Safari/537.36"
94.178.113.124 - - [04/May/2023:22:12:41 +0300] "GET /wp-content/plugins/woocommerce/assets/client/admin/chunks/2563.js?ver=7.6.1 HTTP/2.0" 200 10707 "https://star-poe.com.ua/wp-admin/admin.php?page=wc-admin&path=%2Fcustomers" "Mozilla/5.0 (Macintosh; Intel Mac OS X 10_15_7) AppleWebKit/537.36 (KHTML, like Gecko) Chrome/112.0.0.0 Safari/537.36"
94.178.113.124 - - [04/May/2023:22:12:30 +0300] "GET /wp-json/wc/v3/orders?_fields%5B0%5D=id&page=1&per_page=1&_locale=user HTTP/2.0" 200 12 "https://star-poe.com.ua/wp-admin/admin.php?page=wc-admin" "Mozilla/5.0 (Macintosh; Intel Mac OS X 10_15_7) AppleWebKit/537.36 (KHTML, like Gecko) Chrome/112.0.0.0 Safari/537.36"
94.178.113.124 - - [04/May/2023:22:12:30 +0300] "GET /wp-json/wc-analytics/orders?page=1&per_page=1&status%5B0%5D=processing&status%5B1%5D=on-hold&_fields%5B0%5D=id&_locale=user HTTP/2.0" 200 12 "https://star-poe.com.ua/wp-admin/admin.php?page=wc-admin" "Mozilla/5.0 (Macintosh; Intel Mac OS X 10_15_7) AppleWebKit/537.36 (KHTML, like Gecko) Chrome/112.0.0.0 Safari/537.36"
94.178.113.124 - - [04/May/2023:22:12:30 +0300] "GET /wp-json/wc-admin/onboarding/profile?_locale=user HTTP/2.0" 200 425 "https://star-poe.com.ua/wp-admin/admin.php?page=wc-admin" "Mozilla/5.0 (Macintosh; Intel Mac OS X 10_15_7) AppleWebKit/537.36 (KHTML, like Gecko) Chrome/112.0.0.0 Safari/537.36"
94.178.113.124 - - [04/May/2023:22:12:30 +0300] "GET /wp-json/wc-analytics/products/reviews?page=1&per_page=1&status=hold&_embed=1&_fields%5B0%5D=id&_locale=user HTTP/2.0" 200 2 "https://star-poe.com.ua/wp-admin/admin.php?page=wc-admin" "Mozilla/5.0 (Macintosh; Intel Mac OS X 10_15_7) AppleWebKit/537.36 (KHTML, like Gecko) Chrome/112.0.0.0 Safari/537.36"
94.178.113.124 - - [04/May/2023:22:12:30 +0300] "GET /wp-json/jetpack/v4/connection/data?_locale=user HTTP/2.0" 200 309 "https://star-poe.com.ua/wp-admin/admin.php?page=wc-admin" "Mozilla/5.0 (Macintosh; Intel Mac OS X 10_15_7) AppleWebKit/537.36 (KHTML, like Gecko) Chrome/112.0.0.0 Safari/537.36"
94.178.113.124 - - [04/May/2023:22:12:30 +0300] "GET /wp-json/wc/v3/products?status=publish&_fields%5B0%5D=id&page=1&per_page=1&_locale=user HTTP/2.0" 200 12 "https://star-poe.com.ua/wp-admin/admin.php?page=wc-admin" "Mozilla/5.0 (Macintosh; Intel Mac OS X 10_15_7) AppleWebKit/537.36 (KHTML, like Gecko) Chrome/112.0.0.0 Safari/537.36"
94.178.113.124 - - [04/May/2023:22:12:30 +0300] "GET /wp-json/wc-analytics/products/low-in-stock?page=1&per_page=1&low_in_stock=true&status=publish&_fields%5B0%5D=id&_locale=user HTTP/2.0" 200 2 "https://star-poe.com.ua/wp-admin/admin.php?page=wc-admin" "Mozilla/5.0 (Macintosh; Intel Mac OS X 10_15_7) AppleWebKit/537.36 (KHTML, like Gecko) Chrome/112.0.0.0 Safari/537.36"
94.178.113.124 - - [04/May/2023:22:12:30 +0300] "GET /wp-json/wc-analytics/admin/notes?page=1&per_page=5&status=unactioned&type%5B0%5D=info&type%5B1%5D=marketing&type%5B2%5D=survey&type%5B3%5D=warning&orderby=date&order=desc&_fields%5B0%5D=id&_fields%5B1%5D=name&_fields%5B2%5D=title&_fields%5B3%5D=content&_fields%5B4%5D=type&_fields%5B5%5D=status&_fields%5B6%5D=actions&_fields%5B7%5D=date_created&_fields%5B8%5D=date_created_gmt&_fields%5B9%5D=layout&_fields%5B10%5D=image&_fields%5B11%5D=is_deleted&_fields%5B12%5D=is_read&_fields%5B13%5D=locale&_locale=user HTTP/2.0" 200 7154 "https://star-poe.com.ua/wp-admin/admin.php?page=wc-admin" "Mozilla/5.0 (Macintosh; Intel Mac OS X 10_15_7) AppleWebKit/537.36 (KHTML, like Gecko) Chrome/112.0.0.0 Safari/537.36"
94.178.113.124 - - [04/May/2023:22:12:30 +0300] "GET /wp-json/wc-analytics/reports/performance-indicators?after=2023-05-04T00%3A00%3A00&before=2023-05-04T22%3A12%3A30&stats=revenue%2Ftotal_sales%2Corders%2Forders_count&_locale=user HTTP/2.0" 200 627 "https://star-poe.com.ua/wp-admin/admin.php?page=wc-admin" "Mozilla/5.0 (Macintosh; Intel Mac OS X 10_15_7) AppleWebKit/537.36 (KHTML, like Gecko) Chrome/112.0.0.0 Safari/537.36"
94.178.113.124 - - [04/May/2023:22:12:30 +0300] "GET /wp-json/wc-analytics/admin/notes?page=1&per_page=100&status=unactioned&type%5B0%5D=info&type%5B1%5D=marketing&type%5B2%5D=survey&type%5B3%5D=warning&orderby=date&order=desc&_fields%5B0%5D=id&_fields%5B1%5D=name&_fields%5B2%5D=title&_fields%5B3%5D=content&_fields%5B4%5D=type&_fields%5B5%5D=status&_fields%5B6%5D=actions&_fields%5B7%5D=date_created&_fields%5B8%5D=date_created_gmt&_fields%5B9%5D=layout&_fields%5B10%5D=image&_fields%5B11%5D=is_deleted&_fields%5B12%5D=is_read&_fields%5B13%5D=locale&is_read=false&_locale=user HTTP/2.0" 200 22952 "https://star-poe.com.ua/wp-admin/admin.php?page=wc-admin" "Mozilla/5.0 (Macintosh; Intel Mac OS X 10_15_7) AppleWebKit/537.36 (KHTML, like Gecko) Chrome/112.0.0.0 Safari/537.36"
94.178.113.124 - - [04/May/2023:22:12:30 +0300] "GET /wp-json/wc-analytics/reports/performance-indicators?after=2023-05-03T00%3A00%3A00&before=2023-05-03T23%3A59%3A59&stats=revenue%2Ftotal_sales%2Corders%2Forders_count&_locale=user HTTP/2.0" 200 627 "https://star-poe.com.ua/wp-admin/admin.php?page=wc-admin" "Mozilla/5.0 (Macintosh; Intel Mac OS X 10_15_7) AppleWebKit/537.36 (KHTML, like Gecko) Chrome/112.0.0.0 Safari/537.36"
94.178.113.124 - - [04/May/2023:22:12:37 +0300] "POST /wp-json/wc-admin/options?_locale=user HTTP/2.0" 200 44 "https://star-poe.com.ua/wp-admin/admin.php?page=wc-admin" "Mozilla/5.0 (Macintosh; Intel Mac OS X 10_15_7) AppleWebKit/537.36 (KHTML, like Gecko) Chrome/112.0.0.0 Safari/537.36"
51.77.52.225 - - [04/May/2023:22:12:42 +0300] "POST /wp-cron.php?doing_wp_cron=1683227562.9165179729461669921875 HTTP/1.1" 200 - "-" "WordPress/6.2; https://star-poe.com.ua"
94.178.113.124 - - [04/May/2023:22:12:37 +0300] "POST /wp-json/wc-admin/options?_locale=user HTTP/2.0" 200 44 "https://star-poe.com.ua/wp-admin/admin.php?page=wc-admin" "Mozilla/5.0 (Macintosh; Intel Mac OS X 10_15_7) AppleWebKit/537.36 (KHTML, like Gecko) Chrome/112.0.0.0 Safari/537.36"
94.178.113.124 - - [04/May/2023:22:12:30 +0300] "GET /wp-json/wc-admin/options?options=woocommerce_welcome_from_calypso_modal_dismissed%2Cwoocommerce_task_list_welcome_modal_dismissed&_locale=user HTTP/2.0" 200 112 "https://star-poe.com.ua/wp-admin/admin.php?page=wc-admin" "Mozilla/5.0 (Macintosh; Intel Mac OS X 10_15_7) AppleWebKit/537.36 (KHTML, like Gecko) Chrome/112.0.0.0 Safari/537.36"
94.178.113.124 - - [04/May/2023:22:12:37 +0300] "GET /wp-json/wc-admin/options?options=woocommerce_task_list_reminder_bar_hidden%2Cwoocommerce_ces_shown_for_actions&_locale=user HTTP/2.0" 200 93 "https://star-poe.com.ua/wp-admin/admin.php?page=wc-admin" "Mozilla/5.0 (Macintosh; Intel Mac OS X 10_15_7) AppleWebKit/537.36 (KHTML, like Gecko) Chrome/112.0.0.0 Safari/537.36"
94.178.113.124 - - [04/May/2023:22:12:41 +0300] "GET /wp-json/wc-analytics/data/countries?_locale=user HTTP/2.0" 200 217854 "https://star-poe.com.ua/wp-admin/admin.php?page=wc-admin&path=%2Fcustomers" "Mozilla/5.0 (Macintosh; Intel Mac OS X 10_15_7) AppleWebKit/537.36 (KHTML, like Gecko) Chrome/112.0.0.0 Safari/537.36"
94.178.113.124 - - [04/May/2023:22:12:46 +0300] "GET /wp-admin/admin.php?page=wpmenucart_options_page HTTP/2.0" 200 120422 "https://star-poe.com.ua/wp-admin/admin.php?page=wc-admin&path=%2Fcustomers" "Mozilla/5.0 (Macintosh; Intel Mac OS X 10_15_7) AppleWebKit/537.36 (KHTML, like Gecko) Chrome/112.0.0.0 Safari/537.36"
94.178.113.124 - - [04/May/2023:22:13:02 +0300] "GET /wp-content/plugins/woocommerce-menu-bar-cart/assets/css/wpmenucart-settings.min.css?ver=2.14.0 HTTP/2.0" 200 1085 "https://star-poe.com.ua/wp-admin/admin.php?page=wpmenucart_options_page" "Mozilla/5.0 (Macintosh; Intel Mac OS X 10_15_7) AppleWebKit/537.36 (KHTML, like Gecko) Chrome/112.0.0.0 Safari/537.36"
94.178.113.124 - - [04/May/2023:22:13:02 +0300] "GET /wp-content/plugins/woocommerce-menu-bar-cart/assets/css/wpmenucart-font.min.css?ver=2.14.0 HTTP/2.0" 200 381 "https://star-poe.com.ua/wp-admin/admin.php?page=wpmenucart_options_page" "Mozilla/5.0 (Macintosh; Intel Mac OS X 10_15_7) AppleWebKit/537.36 (KHTML, like Gecko) Chrome/112.0.0.0 Safari/537.36"
94.178.113.124 - - [04/May/2023:22:13:02 +0300] "GET /wp-content/plugins/woocommerce-menu-bar-cart/assets/js/wpmenucart-settings.min.js?ver=2.14.0 HTTP/2.0" 200 247 "https://star-poe.com.ua/wp-admin/admin.php?page=wpmenucart_options_page" "Mozilla/5.0 (Macintosh; Intel Mac OS X 10_15_7) AppleWebKit/537.36 (KHTML, like Gecko) Chrome/112.0.0.0 Safari/537.36"
94.178.113.124 - - [04/May/2023:22:13:02 +0300] "GET /wp-content/plugins/woocommerce-menu-bar-cart/assets/images/cart-icon-1.png HTTP/2.0" 200 718 "https://star-poe.com.ua/wp-admin/admin.php?page=wpmenucart_options_page" "Mozilla/5.0 (Macintosh; Intel Mac OS X 10_15_7) AppleWebKit/537.36 (KHTML, like Gecko) Chrome/112.0.0.0 Safari/537.36"
94.178.113.124 - - [04/May/2023:22:13:02 +0300] "GET /wp-content/plugins/woocommerce-menu-bar-cart/assets/images/cart-icon-2.png HTTP/2.0" 200 773 "https://star-poe.com.ua/wp-admin/admin.php?page=wpmenucart_options_page" "Mozilla/5.0 (Macintosh; Intel Mac OS X 10_15_7) AppleWebKit/537.36 (KHTML, like Gecko) Chrome/112.0.0.0 Safari/537.36"
94.178.113.124 - - [04/May/2023:22:13:02 +0300] "GET /wp-content/plugins/woocommerce-menu-bar-cart/assets/images/cart-icon-3.png HTTP/2.0" 200 908 "https://star-poe.com.ua/wp-admin/admin.php?page=wpmenucart_options_page" "Mozilla/5.0 (Macintosh; Intel Mac OS X 10_15_7) AppleWebKit/537.36 (KHTML, like Gecko) Chrome/112.0.0.0 Safari/537.36"
94.178.113.124 - - [04/May/2023:22:13:02 +0300] "GET /wp-content/plugins/woocommerce-menu-bar-cart/assets/images/cart-icon-4.png HTTP/2.0" 200 923 "https://star-poe.com.ua/wp-admin/admin.php?page=wpmenucart_options_page" "Mozilla/5.0 (Macintosh; Intel Mac OS X 10_15_7) AppleWebKit/537.36 (KHTML, like Gecko) Chrome/112.0.0.0 Safari/537.36"
94.178.113.124 - - [04/May/2023:22:13:02 +0300] "GET /wp-content/plugins/woocommerce-menu-bar-cart/assets/images/cart-icon-7.png HTTP/2.0" 200 705 "https://star-poe.com.ua/wp-admin/admin.php?page=wpmenucart_options_page" "Mozilla/5.0 (Macintosh; Intel Mac OS X 10_15_7) AppleWebKit/537.36 (KHTML, like Gecko) Chrome/112.0.0.0 Safari/537.36"
94.178.113.124 - - [04/May/2023:22:13:02 +0300] "GET /wp-content/plugins/woocommerce-menu-bar-cart/assets/images/cart-icon-5.png HTTP/2.0" 200 797 "https://star-poe.com.ua/wp-admin/admin.php?page=wpmenucart_options_page" "Mozilla/5.0 (Macintosh; Intel Mac OS X 10_15_7) AppleWebKit/537.36 (KHTML, like Gecko) Chrome/112.0.0.0 Safari/537.36"
94.178.113.124 - - [04/May/2023:22:13:02 +0300] "GET /wp-content/plugins/woocommerce-menu-bar-cart/assets/images/cart-icon-6.png HTTP/2.0" 200 597 "https://star-poe.com.ua/wp-admin/admin.php?page=wpmenucart_options_page" "Mozilla/5.0 (Macintosh; Intel Mac OS X 10_15_7) AppleWebKit/537.36 (KHTML, like Gecko) Chrome/112.0.0.0 Safari/537.36"
94.178.113.124 - - [04/May/2023:22:13:02 +0300] "GET /wp-content/plugins/woocommerce-menu-bar-cart/assets/images/cart-icon-8.png HTTP/2.0" 200 762 "https://star-poe.com.ua/wp-admin/admin.php?page=wpmenucart_options_page" "Mozilla/5.0 (Macintosh; Intel Mac OS X 10_15_7) AppleWebKit/537.36 (KHTML, like Gecko) Chrome/112.0.0.0 Safari/537.36"
94.178.113.124 - - [04/May/2023:22:13:02 +0300] "GET /wp-content/plugins/woocommerce-menu-bar-cart/assets/images/cart-icon-9.png HTTP/2.0" 200 832 "https://star-poe.com.ua/wp-admin/admin.php?page=wpmenucart_options_page" "Mozilla/5.0 (Macintosh; Intel Mac OS X 10_15_7) AppleWebKit/537.36 (KHTML, like Gecko) Chrome/112.0.0.0 Safari/537.36"
94.178.113.124 - - [04/May/2023:22:13:02 +0300] "GET /wp-content/plugins/woocommerce-menu-bar-cart/assets/images/cart-icon-10.png HTTP/2.0" 200 982 "https://star-poe.com.ua/wp-admin/admin.php?page=wpmenucart_options_page" "Mozilla/5.0 (Macintosh; Intel Mac OS X 10_15_7) AppleWebKit/537.36 (KHTML, like Gecko) Chrome/112.0.0.0 Safari/537.36"
94.178.113.124 - - [04/May/2023:22:13:02 +0300] "GET /wp-content/plugins/woocommerce-menu-bar-cart/assets/images/cart-icon-11.png HTTP/2.0" 200 598 "https://star-poe.com.ua/wp-admin/admin.php?page=wpmenucart_options_page" "Mozilla/5.0 (Macintosh; Intel Mac OS X 10_15_7) AppleWebKit/537.36 (KHTML, like Gecko) Chrome/112.0.0.0 Safari/537.36"
94.178.113.124 - - [04/May/2023:22:13:02 +0300] "GET /wp-content/plugins/woocommerce-menu-bar-cart/assets/images/cart-icon-12.png HTTP/2.0" 200 816 "https://star-poe.com.ua/wp-admin/admin.php?page=wpmenucart_options_page" "Mozilla/5.0 (Macintosh; Intel Mac OS X 10_15_7) AppleWebKit/537.36 (KHTML, like Gecko) Chrome/112.0.0.0 Safari/537.36"
94.178.113.124 - - [04/May/2023:22:13:02 +0300] "GET /wp-content/plugins/woocommerce-menu-bar-cart/assets/images/cart-icon-13.png HTTP/2.0" 200 662 "https://star-poe.com.ua/wp-admin/admin.php?page=wpmenucart_options_page" "Mozilla/5.0 (Macintosh; Intel Mac OS X 10_15_7) AppleWebKit/537.36 (KHTML, like Gecko) Chrome/112.0.0.0 Safari/537.36"
94.178.113.124 - - [04/May/2023:22:13:02 +0300] "GET /wp-content/plugins/woocommerce-menu-bar-cart/assets/images/wpo-helper.png HTTP/2.0" 200 32221 "https://star-poe.com.ua/wp-admin/admin.php?page=wpmenucart_options_page" "Mozilla/5.0 (Macintosh; Intel Mac OS X 10_15_7) AppleWebKit/537.36 (KHTML, like Gecko) Chrome/112.0.0.0 Safari/537.36"
94.178.113.124 - - [04/May/2023:22:13:02 +0300] "GET /wp-content/plugins/woocommerce-menu-bar-cart/assets/fonts/WPMenuCart.woff2 HTTP/2.0" 200 988 "https://star-poe.com.ua/wp-content/plugins/woocommerce-menu-bar-cart/assets/css/wpmenucart-font.min.css?ver=2.14.0" "Mozilla/5.0 (Macintosh; Intel Mac OS X 10_15_7) AppleWebKit/537.36 (KHTML, like Gecko) Chrome/112.0.0.0 Safari/537.36"
94.178.113.124 - - [04/May/2023:22:13:15 +0300] "GET /wp-admin/admin.php?page=wc-settings HTTP/2.0" 200 1111349 "https://star-poe.com.ua/wp-admin/admin.php?page=wpmenucart_options_page" "Mozilla/5.0 (Macintosh; Intel Mac OS X 10_15_7) AppleWebKit/537.36 (KHTML, like Gecko) Chrome/112.0.0.0 Safari/537.36"
94.178.113.124 - - [04/May/2023:22:13:16 +0300] "GET /wp-json/wc-admin/options?options=woocommerce_ces_tracks_queue&_locale=user HTTP/2.0" 200 38 "https://star-poe.com.ua/wp-admin/admin.php?page=wc-settings" "Mozilla/5.0 (Macintosh; Intel Mac OS X 10_15_7) AppleWebKit/537.36 (KHTML, like Gecko) Chrome/112.0.0.0 Safari/537.36"
94.178.113.124 - - [04/May/2023:22:13:16 +0300] "GET /wp-json/wc-admin/options?options=woocommerce_allow_tracking&_locale=user HTTP/2.0" 200 35 "https://star-poe.com.ua/wp-admin/admin.php?page=wc-settings" "Mozilla/5.0 (Macintosh; Intel Mac OS X 10_15_7) AppleWebKit/537.36 (KHTML, like Gecko) Chrome/112.0.0.0 Safari/537.36"
94.178.113.124 - - [04/May/2023:22:13:16 +0300] "GET /wp-json/wc-admin/onboarding/tasks?_locale=user HTTP/2.0" 200 19371 "https://star-poe.com.ua/wp-admin/admin.php?page=wc-settings" "Mozilla/5.0 (Macintosh; Intel Mac OS X 10_15_7) AppleWebKit/537.36 (KHTML, like Gecko) Chrome/112.0.0.0 Safari/537.36"
94.178.113.124 - - [04/May/2023:22:13:17 +0300] "GET /wp-json/wc-analytics/admin/notes?page=1&per_page=25&type=error%2Cupdate&status=unactioned&_locale=user HTTP/2.0" 200 1923 "https://star-poe.com.ua/wp-admin/admin.php?page=wc-settings" "Mozilla/5.0 (Macintosh; Intel Mac OS X 10_15_7) AppleWebKit/537.36 (KHTML, like Gecko) Chrome/112.0.0.0 Safari/537.36"
94.178.113.124 - - [04/May/2023:22:13:19 +0300] "GET /wp-admin/admin.php?page=wc-settings&tab=integration HTTP/2.0" 200 887822 "https://star-poe.com.ua/wp-admin/admin.php?page=wc-settings" "Mozilla/5.0 (Macintosh; Intel Mac OS X 10_15_7) AppleWebKit/537.36 (KHTML, like Gecko) Chrome/112.0.0.0 Safari/537.36"
94.178.113.124 - - [04/May/2023:22:13:24 +0300] "GET /wp-content/plugins/advanced-product-labels-for-woocommerce/berocket/assets/css/global-admin.css?ver=2.8.0 HTTP/2.0" 304 - "https://star-poe.com.ua/wp-admin/admin.php?page=wc-settings&tab=integration" "Mozilla/5.0 (Macintosh; Intel Mac OS X 10_15_7) AppleWebKit/537.36 (KHTML, like Gecko) Chrome/112.0.0.0 Safari/537.36"
94.178.113.124 - - [04/May/2023:22:13:24 +0300] "GET /wp-content/plugins/advanced-product-labels-for-woocommerce/berocket/assets/css/fontawesome4-compat.min.css?ver=6.2 HTTP/2.0" 304 - "https://star-poe.com.ua/wp-admin/admin.php?page=wc-settings&tab=integration" "Mozilla/5.0 (Macintosh; Intel Mac OS X 10_15_7) AppleWebKit/537.36 (KHTML, like Gecko) Chrome/112.0.0.0 Safari/537.36"
94.178.113.124 - - [04/May/2023:22:13:24 +0300] "GET /wp-content/plugins/advanced-product-labels-for-woocommerce/css/frontend.css?ver=1.2.5 HTTP/2.0" 304 - "https://star-poe.com.ua/wp-admin/admin.php?page=wc-settings&tab=integration" "Mozilla/5.0 (Macintosh; Intel Mac OS X 10_15_7) AppleWebKit/537.36 (KHTML, like Gecko) Chrome/112.0.0.0 Safari/537.36"
94.178.113.124 - - [04/May/2023:22:13:24 +0300] "GET /wp-content/plugins/advanced-product-labels-for-woocommerce/css/admin.css?ver=1.2.5 HTTP/2.0" 304 - "https://star-poe.com.ua/wp-admin/admin.php?page=wc-settings&tab=integration" "Mozilla/5.0 (Macintosh; Intel Mac OS X 10_15_7) AppleWebKit/537.36 (KHTML, like Gecko) Chrome/112.0.0.0 Safari/537.36"
94.178.113.124 - - [04/May/2023:22:13:24 +0300] "GET /wp-content/plugins/advanced-product-labels-for-woocommerce/js/fonts.js?ver=1.2.5 HTTP/2.0" 304 - "https://star-poe.com.ua/wp-admin/admin.php?page=wc-settings&tab=integration" "Mozilla/5.0 (Macintosh; Intel Mac OS X 10_15_7) AppleWebKit/537.36 (KHTML, like Gecko) Chrome/112.0.0.0 Safari/537.36"
94.178.113.124 - - [04/May/2023:22:13:24 +0300] "GET /wp-content/plugins/advanced-product-labels-for-woocommerce/berocket/includes/ico.png HTTP/2.0" 304 - "https://star-poe.com.ua/wp-admin/admin.php?page=wc-settings&tab=integration" "Mozilla/5.0 (Macintosh; Intel Mac OS X 10_15_7) AppleWebKit/537.36 (KHTML, like Gecko) Chrome/112.0.0.0 Safari/537.36"
